Component: ARM Compiler 5.06 update 6 (build 750) Tool: armlink [4d35ed]

==============================================================================

Section Cross References

    main.o(i.main) refers to misc.o(i.NVIC_PriorityGroupConfig) for NVIC_PriorityGroupConfig
    main.o(i.main) refers to bsp_gpio.o(i.GPIO_Configuration) for GPIO_Configuration
    main.o(i.main) refers to bsp_timer.o(i.Init_SysTick) for Init_SysTick
    main.o(i.main) refers to bsp_uart.o(i.UART7_Configuration) for UART7_Configuration
    main.o(i.main) refers to bsp_spi.o(i.SPI2_Configuration) for SPI2_Configuration
    main.o(i.main) refers to bsp_timer.o(i.get_RCCCLOCK) for get_RCCCLOCK
    main.o(i.main) refers to printfa.o(i.__0printf) for __2printf
    main.o(i.main) refers to bsp_timer.o(i.Delay_ms) for Delay_ms
    main.o(i.main) refers to adt7301.o(i.get_temp) for get_temp
    main.o(i.main) refers to stm32f4xx_dac.o(i.DAC_DeInit) for DAC_DeInit
    main.o(i.main) refers to ad9834.o(i.DDS_test) for DDS_test
    stm32f4xx_it.o(i.SysTick_Handler) refers to bsp_gpio.o(i.LED_ON) for LED_ON
    stm32f4xx_it.o(i.SysTick_Handler) refers to bsp_gpio.o(i.LED_OFF) for LED_OFF
    stm32f4xx_it.o(i.SysTick_Handler) refers to main.o(.data) for TimingDelay
    stm32f4xx_it.o(i.UART7_IRQHandler) refers to stm32f4xx_usart.o(i.USART_GetITStatus) for USART_GetITStatus
    stm32f4xx_it.o(i.UART7_IRQHandler) refers to stm32f4xx_usart.o(i.USART_ClearITPendingBit) for USART_ClearITPendingBit
    stm32f4xx_it.o(i.UART7_IRQHandler) refers to stm32f4xx_usart.o(i.USART_ReceiveData) for USART_ReceiveData
    stm32f4xx_it.o(i.UART7_IRQHandler) refers to bsp_uart.o(.bss) for uart7_rbuf
    stm32f4xx_it.o(i.UART7_IRQHandler) refers to bsp_uart.o(.data) for uart7_rx_len
    adt7301.o(i.Temp_Read) refers to bsp_spi.o(i.SPI2_CS_Select) for SPI2_CS_Select
    adt7301.o(i.Temp_Read) refers to bsp_spi.o(i.SPI2_ReadWriteByte) for SPI2_ReadWriteByte
    adt7301.o(i.Temp_Read) refers to dfltui.o(.text) for __aeabi_ui2d
    adt7301.o(i.Temp_Read) refers to dmul.o(.text) for __aeabi_dmul
    adt7301.o(i.Temp_Read) refers to d2f.o(.text) for __aeabi_d2f
    adt7301.o(i.Temp_Read) refers to f2d.o(.text) for __aeabi_f2d
    adt7301.o(i.Temp_Read) refers to printfa.o(i.__0printf) for __2printf
    adt7301.o(i.get_temp) refers to adt7301.o(i.Temp_Read) for Temp_Read
    ad9834.o(i.DDS_GPIO_Configuration) refers to stm32f4xx_rcc.o(i.RCC_AHB1PeriphClockCmd) for RCC_AHB1PeriphClockCmd
    ad9834.o(i.DDS_GPIO_Configuration) refers to stm32f4xx_gpio.o(i.GPIO_Init) for GPIO_Init
    ad9834.o(i.DDS_SPI4_Init) refers to stm32f4xx_rcc.o(i.RCC_APB2PeriphClockCmd) for RCC_APB2PeriphClockCmd
    ad9834.o(i.DDS_SPI4_Init) refers to stm32f4xx_rcc.o(i.RCC_AHB1PeriphClockCmd) for RCC_AHB1PeriphClockCmd
    ad9834.o(i.DDS_SPI4_Init) refers to stm32f4xx_gpio.o(i.GPIO_PinAFConfig) for GPIO_PinAFConfig
    ad9834.o(i.DDS_SPI4_Init) refers to stm32f4xx_gpio.o(i.GPIO_Init) for GPIO_Init
    ad9834.o(i.DDS_SPI4_Init) refers to stm32f4xx_spi.o(i.SPI_Cmd) for SPI_Cmd
    ad9834.o(i.DDS_SPI4_Init) refers to stm32f4xx_spi.o(i.SPI_I2S_DeInit) for SPI_I2S_DeInit
    ad9834.o(i.DDS_SPI4_Init) refers to stm32f4xx_spi.o(i.SPI_Init) for SPI_Init
    ad9834.o(i.DDS_test) refers to bsp_dac.o(i.Dac1_fixed_Init) for Dac1_fixed_Init
    ad9834.o(i.DDS_test) refers to bsp_dac.o(i.Dac1_Set_fixed_Vol) for Dac1_Set_fixed_Vol
    ad9834.o(i.DDS_test) refers to bsp_timer.o(i.Delay_ms) for Delay_ms
    ad9834.o(i.DDS_test) refers to ad9834.o(i.DDS_GPIO_Configuration) for DDS_GPIO_Configuration
    ad9834.o(i.DDS_test) refers to stm32f4xx_gpio.o(i.GPIO_SetBits) for GPIO_SetBits
    ad9834.o(i.DDS_test) refers to ad9834.o(i.DDS_SPI4_Init) for DDS_SPI4_Init
    ad9834.o(i.DDS_test) refers to stm32f4xx_gpio.o(i.GPIO_ResetBits) for GPIO_ResetBits
    ad9834.o(i.DDS_test) refers to pow.o(i.__hardfp_pow) for __hardfp_pow
    ad9834.o(i.DDS_test) refers to dmul.o(.text) for __aeabi_dmul
    ad9834.o(i.DDS_test) refers to dadd.o(.text) for __aeabi_dsub
    ad9834.o(i.DDS_test) refers to dfixui.o(.text) for __aeabi_d2uiz
    ad9834.o(i.DDS_test) refers to ad9834.o(i.SPI4_ReadWriteByte) for SPI4_ReadWriteByte
    ad9834.o(i.DDS_test) refers to printfa.o(i.__0printf) for __2printf
    ad9834.o(i.SPI4_ReadWriteByte) refers to stm32f4xx_spi.o(i.SPI_I2S_GetFlagStatus) for SPI_I2S_GetFlagStatus
    ad9834.o(i.SPI4_ReadWriteByte) refers to stm32f4xx_spi.o(i.SPI_I2S_SendData) for SPI_I2S_SendData
    ad9834.o(i.SPI4_ReadWriteByte) refers to stm32f4xx_spi.o(i.SPI_I2S_ReceiveData) for SPI_I2S_ReceiveData
    ad9834.o(i.SPI4_ReadWriteByte) refers to ad9834.o(.data) for SPI4_Wait_TimeOut
    bsp_timer.o(i.Delay_ms) refers to main.o(.data) for TimingDelay
    bsp_timer.o(i.Init_SysTick) refers to stm32f4xx_rcc.o(i.RCC_GetClocksFreq) for RCC_GetClocksFreq
    bsp_timer.o(i.Init_SysTick) refers to bsp_timer.o(i.NVIC_SetPriority) for NVIC_SetPriority
[...]
    Removing stm32f4xx_sdio.o(i.SDIO_SendSDIOSuspendCmd), (12 bytes).
    Removing stm32f4xx_sdio.o(i.SDIO_SetPowerState), (12 bytes).
    Removing stm32f4xx_sdio.o(i.SDIO_SetSDIOOperation), (12 bytes).
    Removing stm32f4xx_sdio.o(i.SDIO_SetSDIOReadWaitMode), (12 bytes).
    Removing stm32f4xx_sdio.o(i.SDIO_StartSDIOReadWait), (12 bytes).
    Removing stm32f4xx_sdio.o(i.SDIO_StopSDIOReadWait), (12 bytes).
    Removing stm32f4xx_sdio.o(i.SDIO_StructInit), (16 bytes).
    Removing stm32f4xx_sdio.o(i.SDIO_WriteData), (12 bytes).
    Removing stm32f4xx_spdifrx.o(.rev16_text), (4 bytes).
    Removing stm32f4xx_spdifrx.o(.revsh_text), (4 bytes).
    Removing stm32f4xx_spdifrx.o(.rrx_text), (6 bytes).
    Removing stm32f4xx_spi.o(.rev16_text), (4 bytes).
    Removing stm32f4xx_spi.o(.revsh_text), (4 bytes).
    Removing stm32f4xx_spi.o(.rrx_text), (6 bytes).
    Removing stm32f4xx_spi.o(i.I2S_Cmd), (24 bytes).
    Removing stm32f4xx_spi.o(i.I2S_FullDuplexConfig), (80 bytes).
    Removing stm32f4xx_spi.o(i.I2S_Init), (408 bytes).
    Removing stm32f4xx_spi.o(i.I2S_StructInit), (20 bytes).
    Removing stm32f4xx_spi.o(i.SPI_BiDirectionalLineConfig), (28 bytes).
    Removing stm32f4xx_spi.o(i.SPI_CalculateCRC), (24 bytes).
    Removing stm32f4xx_spi.o(i.SPI_DataSizeConfig), (18 bytes).
    Removing stm32f4xx_spi.o(i.SPI_GetCRC), (16 bytes).
    Removing stm32f4xx_spi.o(i.SPI_GetCRCPolynomial), (6 bytes).
    Removing stm32f4xx_spi.o(i.SPI_I2S_ClearFlag), (6 bytes).
    Removing stm32f4xx_spi.o(i.SPI_I2S_ClearITPendingBit), (20 bytes).
    Removing stm32f4xx_spi.o(i.SPI_I2S_DMACmd), (18 bytes).
    Removing stm32f4xx_spi.o(i.SPI_I2S_GetITStatus), (52 bytes).
    Removing stm32f4xx_spi.o(i.SPI_I2S_ITConfig), (32 bytes).
    Removing stm32f4xx_spi.o(i.SPI_NSSInternalSoftwareConfig), (30 bytes).
    Removing stm32f4xx_spi.o(i.SPI_SSOutputCmd), (24 bytes).
    Removing stm32f4xx_spi.o(i.SPI_StructInit), (24 bytes).
    Removing stm32f4xx_spi.o(i.SPI_TIModeCmd), (24 bytes).
    Removing stm32f4xx_spi.o(i.SPI_TransmitCRC), (10 bytes).
    Removing stm32f4xx_syscfg.o(.rev16_text), (4 bytes).
    Removing stm32f4xx_syscfg.o(.revsh_text), (4 bytes).
    Removing stm32f4xx_syscfg.o(.rrx_text), (6 bytes).
    Removing stm32f4xx_syscfg.o(i.SYSCFG_CompensationCellCmd), (12 bytes).
    Removing stm32f4xx_syscfg.o(i.SYSCFG_DeInit), (22 bytes).
    Removing stm32f4xx_syscfg.o(i.SYSCFG_ETH_MediaInterfaceConfig), (12 bytes).
    Removing stm32f4xx_syscfg.o(i.SYSCFG_EXTILineConfig), (64 bytes).
    Removing stm32f4xx_syscfg.o(i.SYSCFG_GetCompensationCellStatus), (24 bytes).
    Removing stm32f4xx_syscfg.o(i.SYSCFG_MemoryRemapConfig), (12 bytes).
    Removing stm32f4xx_syscfg.o(i.SYSCFG_MemorySwappingBank), (12 bytes).
    Removing stm32f4xx_tim.o(.rev16_text), (4 bytes).
    Removing stm32f4xx_tim.o(.revsh_text), (4 bytes).
    Removing stm32f4xx_tim.o(.rrx_text), (6 bytes).
    Removing stm32f4xx_tim.o(i.TI1_Config), (58 bytes).
    Removing stm32f4xx_tim.o(i.TI2_Config), (80 bytes).
    Removing stm32f4xx_tim.o(i.TI3_Config), (72 bytes).
    Removing stm32f4xx_tim.o(i.TI4_Config), (80 bytes).
    Removing stm32f4xx_tim.o(i.TIM_ARRPreloadConfig), (24 bytes).
    Removing stm32f4xx_tim.o(i.TIM_BDTRConfig), (32 bytes).
    Removing stm32f4xx_tim.o(i.TIM_BDTRStructInit), (18 bytes).
    Removing stm32f4xx_tim.o(i.TIM_CCPreloadControl), (24 bytes).
    Removing stm32f4xx_tim.o(i.TIM_CCxCmd), (30 bytes).
    Removing stm32f4xx_tim.o(i.TIM_CCxNCmd), (30 bytes).
    Removing stm32f4xx_tim.o(i.TIM_ClearFlag), (6 bytes).
    Removing stm32f4xx_tim.o(i.TIM_ClearITPendingBit), (6 bytes).
    Removing stm32f4xx_tim.o(i.TIM_ClearOC1Ref), (18 bytes).
    Removing stm32f4xx_tim.o(i.TIM_ClearOC2Ref), (24 bytes).
    Removing stm32f4xx_tim.o(i.TIM_ClearOC3Ref), (18 bytes).
    Removing stm32f4xx_tim.o(i.TIM_ClearOC4Ref), (24 bytes).
    Removing stm32f4xx_tim.o(i.TIM_Cmd), (24 bytes).
    Removing stm32f4xx_tim.o(i.TIM_CounterModeConfig), (18 bytes).
    Removing stm32f4xx_tim.o(i.TIM_CtrlPWMOutputs), (30 bytes).
    Removing stm32f4xx_tim.o(i.TIM_DMACmd), (18 bytes).
    Removing stm32f4xx_tim.o(i.TIM_DMAConfig), (10 bytes).
    Removing stm32f4xx_tim.o(i.TIM_DeInit), (400 bytes).
    Removing stm32f4xx_tim.o(i.TIM_ETRClockMode1Config), (54 bytes).
    Removing stm32f4xx_tim.o(i.TIM_ETRClockMode2Config), (32 bytes).
    Removing stm32f4xx_tim.o(i.TIM_ETRConfig), (28 bytes).
    Removing stm32f4xx_tim.o(i.TIM_EncoderInterfaceConfig), (66 bytes).
    Removing stm32f4xx_tim.o(i.TIM_ForcedOC1Config), (18 bytes).
    Removing stm32f4xx_tim.o(i.TIM_ForcedOC2Config), (26 bytes).
    Removing stm32f4xx_tim.o(i.TIM_ForcedOC3Config), (18 bytes).
    Removing stm32f4xx_tim.o(i.TIM_ForcedOC4Config), (26 bytes).
    Removing stm32f4xx_tim.o(i.TIM_GenerateEvent), (4 bytes).
    Removing stm32f4xx_tim.o(i.TIM_GetCapture1), (6 bytes).
    Removing stm32f4xx_tim.o(i.TIM_GetCapture2), (6 bytes).
    Removing stm32f4xx_tim.o(i.TIM_GetCapture3), (6 bytes).
    Removing stm32f4xx_tim.o(i.TIM_GetCapture4), (6 bytes).
    Removing stm32f4xx_tim.o(i.TIM_GetCounter), (6 bytes).
    Removing stm32f4xx_tim.o(i.TIM_GetFlagStatus), (18 bytes).
    Removing stm32f4xx_tim.o(i.TIM_GetITStatus), (34 bytes).
    Removing stm32f4xx_tim.o(i.TIM_GetPrescaler), (6 bytes).
    Removing stm32f4xx_tim.o(i.TIM_ICInit), (110 bytes).
    Removing stm32f4xx_tim.o(i.TIM_ICStructInit), (18 bytes).
    Removing stm32f4xx_tim.o(i.TIM_ITConfig), (18 bytes).
    Removing stm32f4xx_tim.o(i.TIM_ITRxExternalClockConfig), (24 bytes).
    Removing stm32f4xx_tim.o(i.TIM_InternalClockConfig), (12 bytes).
    Removing stm32f4xx_tim.o(i.TIM_OC1FastConfig), (18 bytes).
    Removing stm32f4xx_tim.o(i.TIM_OC1Init), (124 bytes).
    Removing stm32f4xx_tim.o(i.TIM_OC1NPolarityConfig), (18 bytes).
    Removing stm32f4xx_tim.o(i.TIM_OC1PolarityConfig), (18 bytes).
    Removing stm32f4xx_tim.o(i.TIM_OC1PreloadConfig), (18 bytes).
    Removing stm32f4xx_tim.o(i.TIM_OC2FastConfig), (26 bytes).
    Removing stm32f4xx_tim.o(i.TIM_OC2Init), (164 bytes).
    Removing stm32f4xx_tim.o(i.TIM_OC2NPolarityConfig), (26 bytes).
    Removing stm32f4xx_tim.o(i.TIM_OC2PolarityConfig), (26 bytes).
    Removing stm32f4xx_tim.o(i.TIM_OC2PreloadConfig), (26 bytes).
    Removing stm32f4xx_tim.o(i.TIM_OC3FastConfig), (18 bytes).
    Removing stm32f4xx_tim.o(i.TIM_OC3Init), (160 bytes).
    Removing stm32f4xx_tim.o(i.TIM_OC3NPolarityConfig), (26 bytes).
    Removing stm32f4xx_tim.o(i.TIM_OC3PolarityConfig), (26 bytes).
    Removing stm32f4xx_tim.o(i.TIM_OC3PreloadConfig), (18 bytes).
    Removing stm32f4xx_tim.o(i.TIM_OC4FastConfig), (26 bytes).
    Removing stm32f4xx_tim.o(i.TIM_OC4Init), (120 bytes).
    Removing stm32f4xx_tim.o(i.TIM_OC4PolarityConfig), (26 bytes).
    Removing stm32f4xx_tim.o(i.TIM_OC4PreloadConfig), (26 bytes).
    Removing stm32f4xx_tim.o(i.TIM_OCStructInit), (20 bytes).
    Removing stm32f4xx_tim.o(i.TIM_PWMIConfig), (124 bytes).
    Removing stm32f4xx_tim.o(i.TIM_PrescalerConfig), (6 bytes).
    Removing stm32f4xx_tim.o(i.TIM_RemapConfig), (6 bytes).
    Removing stm32f4xx_tim.o(i.TIM_SelectCCDMA), (24 bytes).
    Removing stm32f4xx_tim.o(i.TIM_SelectCOM), (24 bytes).
    Removing stm32f4xx_tim.o(i.TIM_SelectHallSensor), (24 bytes).
    Removing stm32f4xx_tim.o(i.TIM_SelectInputTrigger), (18 bytes).
    Removing stm32f4xx_tim.o(i.TIM_SelectMasterSlaveMode), (18 bytes).
    Removing stm32f4xx_tim.o(i.TIM_SelectOCxM), (86 bytes).
    Removing stm32f4xx_tim.o(i.TIM_SelectOnePulseMode), (18 bytes).
    Removing stm32f4xx_tim.o(i.TIM_SelectOutputTrigger), (18 bytes).
    Removing stm32f4xx_tim.o(i.TIM_SelectSlaveMode), (18 bytes).
    Removing stm32f4xx_tim.o(i.TIM_SetAutoreload), (4 bytes).
    Removing stm32f4xx_tim.o(i.TIM_SetClockDivision), (18 bytes).
    Removing stm32f4xx_tim.o(i.TIM_SetCompare1), (4 bytes).
    Removing stm32f4xx_tim.o(i.TIM_SetCompare2), (4 bytes).
    Removing stm32f4xx_tim.o(i.TIM_SetCompare3), (4 bytes).
    Removing stm32f4xx_tim.o(i.TIM_SetCompare4), (4 bytes).
    Removing stm32f4xx_tim.o(i.TIM_SetCounter), (4 bytes).
    Removing stm32f4xx_tim.o(i.TIM_SetIC1Prescaler), (18 bytes).
    Removing stm32f4xx_tim.o(i.TIM_SetIC2Prescaler), (26 bytes).
    Removing stm32f4xx_tim.o(i.TIM_SetIC3Prescaler), (18 bytes).
    Removing stm32f4xx_tim.o(i.TIM_SetIC4Prescaler), (26 bytes).
    Removing stm32f4xx_tim.o(i.TIM_TIxExternalClockConfig), (62 bytes).
    Removing stm32f4xx_tim.o(i.TIM_TimeBaseInit), (132 bytes).
    Removing stm32f4xx_tim.o(i.TIM_TimeBaseStructInit), (18 bytes).
    Removing stm32f4xx_tim.o(i.TIM_UpdateDisableConfig), (24 bytes).
    Removing stm32f4xx_tim.o(i.TIM_UpdateRequestConfig), (24 bytes).
    Removing stm32f4xx_usart.o(.rev16_text), (4 bytes).
    Removing stm32f4xx_usart.o(.revsh_text), (4 bytes).
    Removing stm32f4xx_usart.o(.rrx_text), (6 bytes).
    Removing stm32f4xx_usart.o(i.USART_ClockInit), (32 bytes).
    Removing stm32f4xx_usart.o(i.USART_ClockStructInit), (12 bytes).
    Removing stm32f4xx_usart.o(i.USART_DMACmd), (18 bytes).
    Removing stm32f4xx_usart.o(i.USART_DeInit), (240 bytes).
    Removing stm32f4xx_usart.o(i.USART_HalfDuplexCmd), (24 bytes).
    Removing stm32f4xx_usart.o(i.USART_IrDACmd), (24 bytes).
    Removing stm32f4xx_usart.o(i.USART_IrDAConfig), (18 bytes).
    Removing stm32f4xx_usart.o(i.USART_LINBreakDetectLengthConfig), (18 bytes).
    Removing stm32f4xx_usart.o(i.USART_LINCmd), (24 bytes).
    Removing stm32f4xx_usart.o(i.USART_OneBitMethodCmd), (24 bytes).
    Removing stm32f4xx_usart.o(i.USART_OverSampling8Cmd), (22 bytes).
    Removing stm32f4xx_usart.o(i.USART_ReceiverWakeUpCmd), (24 bytes).
    Removing stm32f4xx_usart.o(i.USART_SendBreak), (10 bytes).
    Removing stm32f4xx_usart.o(i.USART_SetAddress), (18 bytes).
    Removing stm32f4xx_usart.o(i.USART_SetGuardTime), (16 bytes).
    Removing stm32f4xx_usart.o(i.USART_SetPrescaler), (16 bytes).
    Removing stm32f4xx_usart.o(i.USART_SmartCardCmd), (24 bytes).
    Removing stm32f4xx_usart.o(i.USART_SmartCardNACKCmd), (24 bytes).
    Removing stm32f4xx_usart.o(i.USART_StructInit), (24 bytes).
    Removing stm32f4xx_usart.o(i.USART_WakeUpConfig), (18 bytes).
    Removing stm32f4xx_wwdg.o(.rev16_text), (4 bytes).
    Removing stm32f4xx_wwdg.o(.revsh_text), (4 bytes).
    Removing stm32f4xx_wwdg.o(.rrx_text), (6 bytes).
    Removing stm32f4xx_wwdg.o(i.WWDG_ClearFlag), (12 bytes).
    Removing stm32f4xx_wwdg.o(i.WWDG_DeInit), (22 bytes).
    Removing stm32f4xx_wwdg.o(i.WWDG_Enable), (16 bytes).
    Removing stm32f4xx_wwdg.o(i.WWDG_EnableIT), (12 bytes).
    Removing stm32f4xx_wwdg.o(i.WWDG_GetFlagStatus), (20 bytes).
    Removing stm32f4xx_wwdg.o(i.WWDG_SetCounter), (16 bytes).
    Removing stm32f4xx_wwdg.o(i.WWDG_SetPrescaler), (24 bytes).
    Removing stm32f4xx_wwdg.o(i.WWDG_SetWindowValue), (40 bytes).
    Removing system_stm32f4xx.o(.rev16_text), (4 bytes).
    Removing system_stm32f4xx.o(.revsh_text), (4 bytes).
    Removing system_stm32f4xx.o(.rrx_text), (6 bytes).
    Removing system_stm32f4xx.o(i.SystemCoreClockUpdate), (192 bytes).
    Removing system_stm32f4xx.o(.data), (20 bytes).
    Removing startup_stm32f427_437xx.o(HEAP), (512 bytes).
    Removing dneg.o(.text), (6 bytes).
    Removing dfixi.o(.text), (62 bytes).
    Removing cdcmple.o(.text), (48 bytes).

866 unused section(s) (total 40318 bytes) removed from the image.

==============================================================================

Image Symbol Table

    Local Symbols

    Symbol Name                              Value     Ov Type        Size  Object(Section)

    ../clib/microlib/division.c              0x00000000   Number         0  uldiv.o ABSOLUTE
    ../clib/microlib/division.c              0x00000000   Number         0  uidiv.o ABSOLUTE
    ../clib/microlib/errno.c                 0x00000000   Number         0  errno.o ABSOLUTE
    ../clib/microlib/init/entry.s            0x00000000   Number         0  entry8a.o ABSOLUTE
    ../clib/microlib/init/entry.s            0x00000000   Number         0  entry10a.o ABSOLUTE
    ../clib/microlib/init/entry.s            0x00000000   Number         0  entry9a.o ABSOLUTE
    ../clib/microlib/init/entry.s            0x00000000   Number         0  entry9b.o ABSOLUTE
    ../clib/microlib/init/entry.s            0x00000000   Number         0  entry.o ABSOLUTE
    ../clib/microlib/init/entry.s            0x00000000   Number         0  entry8b.o ABSOLUTE
    ../clib/microlib/init/entry.s            0x00000000   Number         0  entry10b.o ABSOLUTE
    ../clib/microlib/init/entry.s            0x00000000   Number         0  entry11b.o ABSOLUTE
    ../clib/microlib/init/entry.s            0x00000000   Number         0  entry7b.o ABSOLUTE
    ../clib/microlib/init/entry.s            0x00000000   Number         0  entry7a.o ABSOLUTE
    ../clib/microlib/init/entry.s            0x00000000   Number         0  entry11a.o ABSOLUTE
    ../clib/microlib/init/entry.s            0x00000000   Number         0  entry5.o ABSOLUTE
    ../clib/microlib/init/entry.s            0x00000000   Number         0  entry2.o ABSOLUTE
    ../clib/microlib/longlong.c              0x00000000   Number         0  llsshr.o ABSOLUTE
    ../clib/microlib/longlong.c              0x00000000   Number         0  llushr.o ABSOLUTE
    ../clib/microlib/longlong.c              0x00000000   Number         0  llshl.o ABSOLUTE
    ../clib/microlib/printf/printf.c         0x00000000   Number         0  printf6.o ABSOLUTE
    ../clib/microlib/printf/printf.c         0x00000000   Number         0  printf3.o ABSOLUTE
    ../clib/microlib/printf/printf.c         0x00000000   Number         0  printfb.o ABSOLUTE
    ../clib/microlib/printf/printf.c         0x00000000   Number         0  printf1.o ABSOLUTE
    ../clib/microlib/printf/printf.c         0x00000000   Number         0  printf4.o ABSOLUTE
    ../clib/microlib/printf/printf.c         0x00000000   Number         0  printf5.o ABSOLUTE
    ../clib/microlib/printf/printf.c         0x00000000   Number         0  printf0.o ABSOLUTE
    ../clib/microlib/printf/printf.c         0x00000000   Number         0  printf2.o ABSOLUTE
    ../clib/microlib/printf/printf.c         0x00000000   Number         0  printf7.o ABSOLUTE
    ../clib/microlib/printf/printf.c         0x00000000   Number         0  printf8.o ABSOLUTE
    ../clib/microlib/printf/printf.c         0x00000000   Number         0  printfa.o ABSOLUTE
    ../clib/microlib/printf/stubs.s          0x00000000   Number         0  stubs.o ABSOLUTE
    ../clib/microlib/stdio/streams.c         0x00000000   Number         0  stdout.o ABSOLUTE
    ../clib/microlib/string/memcpy.c         0x00000000   Number         0  memcpya.o ABSOLUTE
    ../clib/microlib/string/memcpy.c         0x00000000   Number         0  memcpyb.o ABSOLUTE
    ../clib/microlib/string/memset.c         0x00000000   Number         0  memseta.o ABSOLUTE
    ../clib/microlib/stubs.s                 0x00000000   Number         0  iusefp.o ABSOLUTE
    ../fplib/microlib/d2f.c                  0x00000000   Number         0  d2f.o ABSOLUTE
    ../fplib/microlib/f2d.c                  0x00000000   Number         0  f2d.o ABSOLUTE
    ../fplib/microlib/fpadd.c                0x00000000   Number         0  dadd.o ABSOLUTE
    ../fplib/microlib/fpdiv.c                0x00000000   Number         0  ddiv.o ABSOLUTE
    ../fplib/microlib/fpepilogue.c           0x00000000   Number         0  depilogue.o ABSOLUTE
    ../fplib/microlib/fpepilogue.c           0x00000000   Number         0  fepilogue.o ABSOLUTE
    ../fplib/microlib/fpfix.c                0x00000000   Number         0  dfixui.o ABSOLUTE
    ../fplib/microlib/fpfix.c                0x00000000   Number         0  dfixi.o ABSOLUTE
    ../fplib/microlib/fpfix.c                0x00000000   Number         0  dfixul.o ABSOLUTE
    ../fplib/microlib/fpflt.c                0x00000000   Number         0  dfltui.o ABSOLUTE
    ../fplib/microlib/fpflt.c                0x00000000   Number         0  dflti.o ABSOLUTE
    ../fplib/microlib/fpmul.c                0x00000000   Number         0  dmul.o ABSOLUTE
    ../fplib/microlib/fpneg.c                0x00000000   Number         0  dneg.o ABSOLUTE
    ../fplib/microlib/fpscalb.c              0x00000000   Number         0  dscalb.o ABSOLUTE
    ../fplib/microlib/fpsqrt.c               0x00000000   Number         0  dsqrt.o ABSOLUTE
    ../mathlib/cos_i.c                       0x00000000   Number         0  cos_i.o ABSOLUTE
    ../mathlib/dunder.c                      0x00000000   Number         0  dunder.o ABSOLUTE
    ../mathlib/fabs.c                        0x00000000   Number         0  fabs.o ABSOLUTE
    ../mathlib/fpclassify.c                  0x00000000   Number         0  fpclassify.o ABSOLUTE
    ../mathlib/poly.c                        0x00000000   Number         0  poly.o ABSOLUTE
    ../mathlib/pow.c                         0x00000000   Number         0  pow.o ABSOLUTE
    ../mathlib/pow.c                         0x00000000   Number         0  pow_x.o ABSOLUTE
    ../mathlib/qnan.c                        0x00000000   Number         0  qnan.o ABSOLUTE
    ../mathlib/rred.c                        0x00000000   Number         0  rred.o ABSOLUTE
    ../mathlib/sin.c                         0x00000000   Number         0  sin_x.o ABSOLUTE
    ../mathlib/sin.c                         0x00000000   Number         0  sin.o ABSOLUTE
    ../mathlib/sin_i.c                       0x00000000   Number         0  sin_i.o ABSOLUTE
    ../mathlib/sin_i.c                       0x00000000   Number         0  sin_i_x.o ABSOLUTE
    ../mathlib/sqrt.c                        0x00000000   Number         0  sqrt.o ABSOLUTE
    ../mathlib/sqrt.c                        0x00000000   Number         0  sqrt_x.o ABSOLUTE
    BSP\\bsp_dac.c                           0x00000000   Number         0  bsp_dac.o ABSOLUTE
    BSP\\bsp_gpio.c                          0x00000000   Number         0  bsp_gpio.o ABSOLUTE
    BSP\\bsp_spi.c                           0x00000000   Number         0  bsp_spi.o ABSOLUTE
    BSP\\bsp_timer.c                         0x00000000   Number         0  bsp_timer.o ABSOLUTE
    BSP\\bsp_uart.c                          0x00000000   Number         0  bsp_uart.o ABSOLUTE
    BSP\bsp_dac.c                            0x00000000   Number         0  bsp_dac.o ABSOLUTE
    BSP\bsp_gpio.c                           0x00000000   Number         0  bsp_gpio.o ABSOLUTE
    BSP\bsp_spi.c                            0x00000000   Number         0  bsp_spi.o ABSOLUTE
    BSP\bsp_timer.c                          0x00000000   Number         0  bsp_timer.o ABSOLUTE
    BSP\bsp_uart.c                           0x00000000   Number         0  bsp_uart.o ABSOLUTE
    CMSIS\startup\arm\startup_stm32f427_437xx.s 0x00000000   Number         0  startup_stm32f427_437xx.o ABSOLUTE
    FWlib\\src\\misc.c                       0x00000000   Number         0  misc.o ABSOLUTE
    FWlib\\src\\stm32f4xx_adc.c              0x00000000   Number         0  stm32f4xx_adc.o ABSOLUTE
    FWlib\\src\\stm32f4xx_can.c              0x00000000   Number         0  stm32f4xx_can.o ABSOLUTE
    FWlib\\src\\stm32f4xx_cec.c              0x00000000   Number         0  stm32f4xx_cec.o ABSOLUTE
    FWlib\\src\\stm32f4xx_crc.c              0x00000000   Number         0  stm32f4xx_crc.o ABSOLUTE
    FWlib\\src\\stm32f4xx_cryp.c             0x00000000   Number         0  stm32f4xx_cryp.o ABSOLUTE
    FWlib\\src\\stm32f4xx_cryp_aes.c         0x00000000   Number         0  stm32f4xx_cryp_aes.o ABSOLUTE
    FWlib\\src\\stm32f4xx_cryp_des.c         0x00000000   Number         0  stm32f4xx_cryp_des.o ABSOLUTE
    FWlib\\src\\stm32f4xx_cryp_tdes.c        0x00000000   Number         0  stm32f4xx_cryp_tdes.o ABSOLUTE
    FWlib\\src\\stm32f4xx_dac.c              0x00000000   Number         0  stm32f4xx_dac.o ABSOLUTE
    FWlib\\src\\stm32f4xx_dbgmcu.c           0x00000000   Number         0  stm32f4xx_dbgmcu.o ABSOLUTE
    FWlib\\src\\stm32f4xx_dcmi.c             0x00000000   Number         0  stm32f4xx_dcmi.o ABSOLUTE
    FWlib\\src\\stm32f4xx_dfsdm.c            0x00000000   Number         0  stm32f4xx_dfsdm.o ABSOLUTE
    FWlib\\src\\stm32f4xx_dma.c              0x00000000   Number         0  stm32f4xx_dma.o ABSOLUTE
    FWlib\\src\\stm32f4xx_dma2d.c            0x00000000   Number         0  stm32f4xx_dma2d.o ABSOLUTE
    FWlib\\src\\stm32f4xx_dsi.c              0x00000000   Number         0  stm32f4xx_dsi.o ABSOLUTE
    FWlib\\src\\stm32f4xx_exti.c             0x00000000   Number         0  stm32f4xx_exti.o ABSOLUTE
    FWlib\\src\\stm32f4xx_flash.c            0x00000000   Number         0  stm32f4xx_flash.o ABSOLUTE
    FWlib\\src\\stm32f4xx_flash_ramfunc.c    0x00000000   Number         0  stm32f4xx_flash_ramfunc.o ABSOLUTE
    FWlib\\src\\stm32f4xx_fmc.c              0x00000000   Number         0  stm32f4xx_fmc.o ABSOLUTE
    FWlib\\src\\stm32f4xx_fmpi2c.c           0x00000000   Number         0  stm32f4xx_fmpi2c.o ABSOLUTE
    FWlib\\src\\stm32f4xx_gpio.c             0x00000000   Number         0  stm32f4xx_gpio.o ABSOLUTE
    FWlib\\src\\stm32f4xx_hash.c             0x00000000   Number         0  stm32f4xx_hash.o ABSOLUTE
    FWlib\\src\\stm32f4xx_hash_md5.c         0x00000000   Number         0  stm32f4xx_hash_md5.o ABSOLUTE
    FWlib\\src\\stm32f4xx_hash_sha1.c        0x00000000   Number         0  stm32f4xx_hash_sha1.o ABSOLUTE
    FWlib\\src\\stm32f4xx_i2c.c              0x00000000   Number         0  stm32f4xx_i2c.o ABSOLUTE
    FWlib\\src\\stm32f4xx_iwdg.c             0x00000000   Number         0  stm32f4xx_iwdg.o ABSOLUTE
    FWlib\\src\\stm32f4xx_lptim.c            0x00000000   Number         0  stm32f4xx_lptim.o ABSOLUTE
    FWlib\\src\\stm32f4xx_ltdc.c             0x00000000   Number         0  stm32f4xx_ltdc.o ABSOLUTE
    FWlib\\src\\stm32f4xx_pwr.c              0x00000000   Number         0  stm32f4xx_pwr.o ABSOLUTE
    FWlib\\src\\stm32f4xx_qspi.c             0x00000000   Number         0  stm32f4xx_qspi.o ABSOLUTE
    FWlib\\src\\stm32f4xx_rcc.c              0x00000000   Number         0  stm32f4xx_rcc.o ABSOLUTE
    FWlib\\src\\stm32f4xx_rng.c              0x00000000   Number         0  stm32f4xx_rng.o ABSOLUTE
    FWlib\\src\\stm32f4xx_rtc.c              0x00000000   Number         0  stm32f4xx_rtc.o ABSOLUTE
    FWlib\\src\\stm32f4xx_sai.c              0x00000000   Number         0  stm32f4xx_sai.o ABSOLUTE
    FWlib\\src\\stm32f4xx_sdio.c             0x00000000   Number         0  stm32f4xx_sdio.o ABSOLUTE
    FWlib\\src\\stm32f4xx_spdifrx.c          0x00000000   Number         0  stm32f4xx_spdifrx.o ABSOLUTE
    FWlib\\src\\stm32f4xx_spi.c              0x00000000   Number         0  stm32f4xx_spi.o ABSOLUTE
    FWlib\\src\\stm32f4xx_syscfg.c           0x00000000   Number         0  stm32f4xx_syscfg.o ABSOLUTE
    FWlib\\src\\stm32f4xx_tim.c              0x00000000   Number         0  stm32f4xx_tim.o ABSOLUTE
    FWlib\\src\\stm32f4xx_usart.c            0x00000000   Number         0  stm32f4xx_usart.o ABSOLUTE
    FWlib\\src\\stm32f4xx_wwdg.c             0x00000000   Number         0  stm32f4xx_wwdg.o ABSOLUTE
    FWlib\src\misc.c                         0x00000000   Number         0  misc.o ABSOLUTE
    FWlib\src\stm32f4xx_adc.c                0x00000000   Number         0  stm32f4xx_adc.o ABSOLUTE
    FWlib\src\stm32f4xx_can.c                0x00000000   Number         0  stm32f4xx_can.o ABSOLUTE
    FWlib\src\stm32f4xx_cec.c                0x00000000   Number         0  stm32f4xx_cec.o ABSOLUTE
    FWlib\src\stm32f4xx_crc.c                0x00000000   Number         0  stm32f4xx_crc.o ABSOLUTE
    FWlib\src\stm32f4xx_cryp.c               0x00000000   Number         0  stm32f4xx_cryp.o ABSOLUTE
    FWlib\src\stm32f4xx_cryp_aes.c           0x00000000   Number         0  stm32f4xx_cryp_aes.o ABSOLUTE
    FWlib\src\stm32f4xx_cryp_des.c           0x00000000   Number         0  stm32f4xx_cryp_des.o ABSOLUTE
    FWlib\src\stm32f4xx_cryp_tdes.c          0x00000000   Number         0  stm32f4xx_cryp_tdes.o ABSOLUTE
    FWlib\src\stm32f4xx_dac.c                0x00000000   Number         0  stm32f4xx_dac.o ABSOLUTE
    FWlib\src\stm32f4xx_dbgmcu.c             0x00000000   Number         0  stm32f4xx_dbgmcu.o ABSOLUTE
    FWlib\src\stm32f4xx_dcmi.c               0x00000000   Number         0  stm32f4xx_dcmi.o ABSOLUTE
    FWlib\src\stm32f4xx_dfsdm.c              0x00000000   Number         0  stm32f4xx_dfsdm.o ABSOLUTE
    FWlib\src\stm32f4xx_dma.c                0x00000000   Number         0  stm32f4xx_dma.o ABSOLUTE
    FWlib\src\stm32f4xx_dma2d.c              0x00000000   Number         0  stm32f4xx_dma2d.o ABSOLUTE
    FWlib\src\stm32f4xx_dsi.c                0x00000000   Number         0  stm32f4xx_dsi.o ABSOLUTE
    FWlib\src\stm32f4xx_exti.c               0x00000000   Number         0  stm32f4xx_exti.o ABSOLUTE
    FWlib\src\stm32f4xx_flash.c              0x00000000   Number         0  stm32f4xx_flash.o ABSOLUTE
    FWlib\src\stm32f4xx_flash_ramfunc.c      0x00000000   Number         0  stm32f4xx_flash_ramfunc.o ABSOLUTE
    FWlib\src\stm32f4xx_fmc.c                0x00000000   Number         0  stm32f4xx_fmc.o ABSOLUTE
    FWlib\src\stm32f4xx_fmpi2c.c             0x00000000   Number         0  stm32f4xx_fmpi2c.o ABSOLUTE
    FWlib\src\stm32f4xx_gpio.c               0x00000000   Number         0  stm32f4xx_gpio.o ABSOLUTE
    FWlib\src\stm32f4xx_hash.c               0x00000000   Number         0  stm32f4xx_hash.o ABSOLUTE
    FWlib\src\stm32f4xx_hash_md5.c           0x00000000   Number         0  stm32f4xx_hash_md5.o ABSOLUTE
    FWlib\src\stm32f4xx_hash_sha1.c          0x00000000   Number         0  stm32f4xx_hash_sha1.o ABSOLUTE
    FWlib\src\stm32f4xx_i2c.c                0x00000000   Number         0  stm32f4xx_i2c.o ABSOLUTE
    FWlib\src\stm32f4xx_iwdg.c               0x00000000   Number         0  stm32f4xx_iwdg.o ABSOLUTE
    FWlib\src\stm32f4xx_lptim.c              0x00000000   Number         0  stm32f4xx_lptim.o ABSOLUTE
    FWlib\src\stm32f4xx_ltdc.c               0x00000000   Number         0  stm32f4xx_ltdc.o ABSOLUTE
    FWlib\src\stm32f4xx_pwr.c                0x00000000   Number         0  stm32f4xx_pwr.o ABSOLUTE
    FWlib\src\stm32f4xx_qspi.c               0x00000000   Number         0  stm32f4xx_qspi.o ABSOLUTE
    FWlib\src\stm32f4xx_rcc.c                0x00000000   Number         0  stm32f4xx_rcc.o ABSOLUTE
    FWlib\src\stm32f4xx_rng.c                0x00000000   Number         0  stm32f4xx_rng.o ABSOLUTE
    FWlib\src\stm32f4xx_rtc.c                0x00000000   Number         0  stm32f4xx_rtc.o ABSOLUTE
    FWlib\src\stm32f4xx_sai.c                0x00000000   Number         0  stm32f4xx_sai.o ABSOLUTE
    FWlib\src\stm32f4xx_sdio.c               0x00000000   Number         0  stm32f4xx_sdio.o ABSOLUTE
    FWlib\src\stm32f4xx_spdifrx.c            0x00000000   Number         0  stm32f4xx_spdifrx.o ABSOLUTE
    FWlib\src\stm32f4xx_spi.c                0x00000000   Number         0  stm32f4xx_spi.o ABSOLUTE
    FWlib\src\stm32f4xx_syscfg.c             0x00000000   Number         0  stm32f4xx_syscfg.o ABSOLUTE
    FWlib\src\stm32f4xx_tim.c                0x00000000   Number         0  stm32f4xx_tim.o ABSOLUTE
    FWlib\src\stm32f4xx_usart.c              0x00000000   Number         0  stm32f4xx_usart.o ABSOLUTE
    FWlib\src\stm32f4xx_wwdg.c               0x00000000   Number         0  stm32f4xx_wwdg.o ABSOLUTE
    User\AD9834\AD9834.c                     0x00000000   Number         0  ad9834.o ABSOLUTE
    User\ADT7301\ADT7301.c                   0x00000000   Number         0  adt7301.o ABSOLUTE
    User\\AD9834\\AD9834.c                   0x00000000   Number         0  ad9834.o ABSOLUTE
    User\\ADT7301\\ADT7301.c                 0x00000000   Number         0  adt7301.o ABSOLUTE
    User\\main.c                             0x00000000   Number         0  main.o ABSOLUTE
    User\\stm32f4xx_it.c                     0x00000000   Number         0  stm32f4xx_it.o ABSOLUTE
    User\\system_stm32f4xx.c                 0x00000000   Number         0  system_stm32f4xx.o ABSOLUTE
    User\main.c                              0x00000000   Number         0  main.o ABSOLUTE
    User\stm32f4xx_it.c                      0x00000000   Number         0  stm32f4xx_it.o ABSOLUTE
    User\system_stm32f4xx.c                  0x00000000   Number         0  system_stm32f4xx.o ABSOLUTE
    User\thread_m.c                          0x00000000   Number         0  thread_m.o ABSOLUTE
    cdcmple.s                                0x00000000   Number         0  cdcmple.o ABSOLUTE
    cdrcmple.s                               0x00000000   Number         0  cdrcmple.o ABSOLUTE
    dc.s                                     0x00000000   Number         0  dc.o ABSOLUTE
    handlers.s                               0x00000000   Number         0  handlers.o ABSOLUTE
    init.s                                   0x00000000   Number         0  init.o ABSOLUTE
    RESET                                    0x08000000   Section      428  startup_stm32f427_437xx.o(RESET)
    .ARM.Collect$$$$00000000                 0x080001ac   Section        0  entry.o(.ARM.Collect$$$$00000000)
    .ARM.Collect$$$$00000001                 0x080001ac   Section        4  entry2.o(.ARM.Collect$$$$00000001)
    .ARM.Collect$$$$00000004                 0x080001b0   Section        4  entry5.o(.ARM.Collect$$$$00000004)
    .ARM.Collect$$$$00000008                 0x080001b4   Section        0  entry7b.o(.ARM.Collect$$$$00000008)
    .ARM.Collect$$$$0000000A                 0x080001b4   Section        0  entry8b.o(.ARM.Collect$$$$0000000A)
    .ARM.Collect$$$$0000000B                 0x080001b4   Section        8  entry9a.o(.ARM.Collect$$$$0000000B)
    .ARM.Collect$$$$0000000D                 0x080001bc   Section        0  entry10a.o(.ARM.Collect$$$$0000000D)
    .ARM.Collect$$$$0000000F                 0x080001bc   Section        0  entry11a.o(.ARM.Collect$$$$0000000F)
    .ARM.Collect$$$$00002712                 0x080001bc   Section        4  entry2.o(.ARM.Collect$$$$00002712)
    __lit__00000000                          0x080001bc   Data           4  entry2.o(.ARM.Collect$$$$00002712)
    .text                                    0x080001c0   Section       36  startup_stm32f427_437xx.o(.text)
    $v0                                      0x080001c0   Number         0  startup_stm32f427_437xx.o(.text)
    .text                                    0x080001e4   Section        0  dadd.o(.text)
    .text                                    0x08000332   Section        0  dmul.o(.text)
    .text                                    0x08000416   Section        0  ddiv.o(.text)
    .text                                    0x080004f4   Section        0  dfltui.o(.text)
    .text                                    0x0800050e   Section        0  dfixui.o(.text)
    .text                                    0x08000540   Section        0  f2d.o(.text)
    .text                                    0x08000568   Section       48  cdrcmple.o(.text)
    .text                                    0x08000598   Section        0  d2f.o(.text)
    .text                                    0x080005d0   Section        0  uidiv.o(.text)
    .text                                    0x080005fc   Section        0  uldiv.o(.text)
    .text                                    0x0800065e   Section        0  llshl.o(.text)
    .text                                    0x0800067c   Section        0  llushr.o(.text)
    .text                                    0x0800069c   Section        0  llsshr.o(.text)
    .text                                    0x080006c0   Section        0  fepilogue.o(.text)
    .text                                    0x080006c0   Section        0  iusefp.o(.text)
    .text                                    0x0800072e   Section        0  depilogue.o(.text)
    .text                                    0x080007e8   Section        0  dscalb.o(.text)
    .text                                    0x08000816   Section        0  dflti.o(.text)
    .text                                    0x08000838   Section        0  dfixul.o(.text)
    .text                                    0x08000868   Section       36  init.o(.text)
    .text                                    0x0800088c   Section        0  dsqrt.o(.text)
    i.BusFault_Handler                       0x0800092e   Section        0  stm32f4xx_it.o(i.BusFault_Handler)
    i.DAC_Cmd                                0x08000934   Section        0  stm32f4xx_dac.o(i.DAC_Cmd)
    i.DAC_DeInit                             0x0800095c   Section        0  stm32f4xx_dac.o(i.DAC_DeInit)
    i.DAC_Init                               0x08000974   Section        0  stm32f4xx_dac.o(i.DAC_Init)
    i.DAC_SetChannel1Data                    0x080009a8   Section        0  stm32f4xx_dac.o(i.DAC_SetChannel1Data)
    i.DDS_GPIO_Configuration                 0x080009c8   Section        0  ad9834.o(i.DDS_GPIO_Configuration)
    i.DDS_SPI4_Init                          0x08000a94   Section        0  ad9834.o(i.DDS_SPI4_Init)
    i.DDS_test                               0x08000b70   Section        0  ad9834.o(i.DDS_test)
    i.Dac1_Set_fixed_Vol                     0x08000ccc   Section        0  bsp_dac.o(i.Dac1_Set_fixed_Vol)
    i.Dac1_fixed_Init                        0x08000d30   Section        0  bsp_dac.o(i.Dac1_fixed_Init)
    i.DebugMon_Handler                       0x08000d84   Section        0  stm32f4xx_it.o(i.DebugMon_Handler)
    i.Delay_ms                               0x08000d88   Section        0  bsp_timer.o(i.Delay_ms)
    i.GPIO_Configuration                     0x08000da0   Section        0  bsp_gpio.o(i.GPIO_Configuration)
    i.GPIO_Init                              0x08000e50   Section        0  stm32f4xx_gpio.o(i.GPIO_Init)
    i.GPIO_PinAFConfig                       0x08000ee0   Section        0  stm32f4xx_gpio.o(i.GPIO_PinAFConfig)
    i.GPIO_ResetBits                         0x08000f26   Section        0  stm32f4xx_gpio.o(i.GPIO_ResetBits)
    i.GPIO_SetBits                           0x08000f2a   Section        0  stm32f4xx_gpio.o(i.GPIO_SetBits)
    i.HardFault_Handler                      0x08000f2e   Section        0  stm32f4xx_it.o(i.HardFault_Handler)
    i.Init_SysTick                           0x08000f32   Section        0  bsp_timer.o(i.Init_SysTick)
    i.LED_OFF                                0x08000f78   Section        0  bsp_gpio.o(i.LED_OFF)
    i.LED_ON                                 0x08000fb4   Section        0  bsp_gpio.o(i.LED_ON)
    i.MemManage_Handler                      0x08000ff0   Section        0  stm32f4xx_it.o(i.MemManage_Handler)
    i.NMI_Handler                            0x08000ff4   Section        0  stm32f4xx_it.o(i.NMI_Handler)
    i.NVIC_Init                              0x08000ff8   Section        0  misc.o(i.NVIC_Init)
    i.NVIC_PriorityGroupConfig               0x08001070   Section        0  misc.o(i.NVIC_PriorityGroupConfig)
    i.NVIC_SetPriority                       0x08001084   Section        0  bsp_timer.o(i.NVIC_SetPriority)
    NVIC_SetPriority                         0x08001085   Thumb Code    32  bsp_timer.o(i.NVIC_SetPriority)
    i.PendSV_Handler                         0x080010ac   Section        0  stm32f4xx_it.o(i.PendSV_Handler)
    i.RCC_AHB1PeriphClockCmd                 0x080010b0   Section        0  stm32f4xx_rcc.o(i.RCC_AHB1PeriphClockCmd)
    i.RCC_APB1PeriphClockCmd                 0x080010d0   Section        0  stm32f4xx_rcc.o(i.RCC_APB1PeriphClockCmd)
    i.RCC_APB1PeriphResetCmd                 0x080010f0   Section        0  stm32f4xx_rcc.o(i.RCC_APB1PeriphResetCmd)
    i.RCC_APB2PeriphClockCmd                 0x08001110   Section        0  stm32f4xx_rcc.o(i.RCC_APB2PeriphClockCmd)
    i.RCC_APB2PeriphResetCmd                 0x08001130   Section        0  stm32f4xx_rcc.o(i.RCC_APB2PeriphResetCmd)
    i.RCC_GetClocksFreq                      0x08001150   Section        0  stm32f4xx_rcc.o(i.RCC_GetClocksFreq)
    i.SPI2_CS_Select                         0x08001238   Section        0  bsp_spi.o(i.SPI2_CS_Select)
    i.SPI2_Configuration                     0x080012c8   Section        0  bsp_spi.o(i.SPI2_Configuration)
    i.SPI2_ReadWriteByte                     0x080013f4   Section        0  bsp_spi.o(i.SPI2_ReadWriteByte)
    i.SPI4_ReadWriteByte                     0x08001440   Section        0  ad9834.o(i.SPI4_ReadWriteByte)
    i.SPI_Cmd                                0x08001490   Section        0  stm32f4xx_spi.o(i.SPI_Cmd)
    i.SPI_I2S_DeInit                         0x080014a8   Section        0  stm32f4xx_spi.o(i.SPI_I2S_DeInit)
    i.SPI_I2S_GetFlagStatus                  0x08001558   Section        0  stm32f4xx_spi.o(i.SPI_I2S_GetFlagStatus)
    i.SPI_I2S_ReceiveData                    0x0800156a   Section        0  stm32f4xx_spi.o(i.SPI_I2S_ReceiveData)
    i.SPI_I2S_SendData                       0x08001570   Section        0  stm32f4xx_spi.o(i.SPI_I2S_SendData)
    i.SPI_Init                               0x08001574   Section        0  stm32f4xx_spi.o(i.SPI_Init)
    i.SVC_Handler                            0x080015b0   Section        0  stm32f4xx_it.o(i.SVC_Handler)
    i.SetSysClock                            0x080015b4   Section        0  system_stm32f4xx.o(i.SetSysClock)
    SetSysClock                              0x080015b5   Thumb Code   282  system_stm32f4xx.o(i.SetSysClock)
    i.SysTick_Handler                        0x080016e0   Section        0  stm32f4xx_it.o(i.SysTick_Handler)
    i.SystemInit                             0x08001764   Section        0  system_stm32f4xx.o(i.SystemInit)
    i.TIM7_IRQHandler                        0x080017cc   Section        0  stm32f4xx_it.o(i.TIM7_IRQHandler)
    i.Temp_Read                              0x080017d0   Section        0  adt7301.o(i.Temp_Read)
    i.UART7_Configuration                    0x0800187c   Section        0  bsp_uart.o(i.UART7_Configuration)
    i.UART7_IRQHandler                       0x08001954   Section        0  stm32f4xx_it.o(i.UART7_IRQHandler)
    i.USART_ClearFlag                        0x080019d0   Section        0  stm32f4xx_usart.o(i.USART_ClearFlag)
    i.USART_ClearITPendingBit                0x080019e2   Section        0  stm32f4xx_usart.o(i.USART_ClearITPendingBit)
    i.USART_Cmd                              0x08001a00   Section        0  stm32f4xx_usart.o(i.USART_Cmd)
    i.USART_GetFlagStatus                    0x08001a18   Section        0  stm32f4xx_usart.o(i.USART_GetFlagStatus)
    i.USART_GetITStatus                      0x08001a32   Section        0  stm32f4xx_usart.o(i.USART_GetITStatus)
    i.USART_ITConfig                         0x08001a86   Section        0  stm32f4xx_usart.o(i.USART_ITConfig)
    i.USART_Init                             0x08001ad0   Section        0  stm32f4xx_usart.o(i.USART_Init)
    i.USART_PutChar                          0x08001ba4   Section        0  bsp_uart.o(i.USART_PutChar)
    i.USART_ReceiveData                      0x08001bcc   Section        0  stm32f4xx_usart.o(i.USART_ReceiveData)
    i.USART_SendData                         0x08001bd6   Section        0  stm32f4xx_usart.o(i.USART_SendData)
    i.UsageFault_Handler                     0x08001bde   Section        0  stm32f4xx_it.o(i.UsageFault_Handler)
    i.__0printf                              0x08001be4   Section        0  printfa.o(i.__0printf)
    i.__ARM_fpclassify                       0x08001c04   Section        0  fpclassify.o(i.__ARM_fpclassify)
    i.__hardfp_pow                           0x08001c38   Section        0  pow.o(i.__hardfp_pow)
    i.__kernel_poly                          0x08002888   Section        0  poly.o(i.__kernel_poly)
    i.__mathlib_dbl_divzero                  0x08002980   Section        0  dunder.o(i.__mathlib_dbl_divzero)
    i.__mathlib_dbl_infnan2                  0x080029b0   Section        0  dunder.o(i.__mathlib_dbl_infnan2)
    i.__mathlib_dbl_invalid                  0x080029c8   Section        0  dunder.o(i.__mathlib_dbl_invalid)
    i.__mathlib_dbl_overflow                 0x080029e8   Section        0  dunder.o(i.__mathlib_dbl_overflow)
    i.__mathlib_dbl_underflow                0x08002a08   Section        0  dunder.o(i.__mathlib_dbl_underflow)
    i.__scatterload_copy                     0x08002a28   Section       14  handlers.o(i.__scatterload_copy)
    i.__scatterload_null                     0x08002a36   Section        2  handlers.o(i.__scatterload_null)
    i.__scatterload_zeroinit                 0x08002a38   Section       14  handlers.o(i.__scatterload_zeroinit)
    i.__set_errno                            0x08002a48   Section        0  errno.o(i.__set_errno)
    i._fp_digits                             0x08002a54   Section        0  printfa.o(i._fp_digits)
    _fp_digits                               0x08002a55   Thumb Code   366  printfa.o(i._fp_digits)
    i._printf_core                           0x08002bd8   Section        0  printfa.o(i._printf_core)
    _printf_core                             0x08002bd9   Thumb Code  1744  printfa.o(i._printf_core)
    i._printf_post_padding                   0x080032b4   Section        0  printfa.o(i._printf_post_padding)
    _printf_post_padding                     0x080032b5   Thumb Code    36  printfa.o(i._printf_post_padding)
    i._printf_pre_padding                    0x080032d8   Section        0  printfa.o(i._printf_pre_padding)
    _printf_pre_padding                      0x080032d9   Thumb Code    46  printfa.o(i._printf_pre_padding)
    i.fabs                                   0x08003306   Section        0  fabs.o(i.fabs)
    i.fputc                                  0x08003320   Section        0  bsp_uart.o(i.fputc)
    i.get_RCCCLOCK                           0x08003338   Section        0  bsp_timer.o(i.get_RCCCLOCK)
    i.get_temp                               0x08003458   Section        0  adt7301.o(i.get_temp)
    i.main                                   0x08003460   Section        0  main.o(i.main)
    i.sqrt                                   0x08003554   Section        0  sqrt.o(i.sqrt)
    .constdata                               0x080035c8   Section      136  pow.o(.constdata)
    bp                                       0x080035c8   Data          16  pow.o(.constdata)
    dp_h                                     0x080035d8   Data          16  pow.o(.constdata)
    dp_l                                     0x080035e8   Data          16  pow.o(.constdata)
    L                                        0x080035f8   Data          48  pow.o(.constdata)
    P                                        0x08003628   Data          40  pow.o(.constdata)
    .constdata                               0x08003650   Section        8  qnan.o(.constdata)
    .data                                    0x20000000   Section        8  main.o(.data)
    .data                                    0x20000008   Section        4  ad9834.o(.data)
    .data                                    0x2000000c   Section        6  bsp_uart.o(.data)
    .data                                    0x20000012   Section       16  stm32f4xx_rcc.o(.data)
    APBAHBPrescTable                         0x20000012   Data          16  stm32f4xx_rcc.o(.data)
    .data                                    0x20000024   Section        4  stdout.o(.data)
    .data                                    0x20000028   Section        4  errno.o(.data)
    _errno                                   0x20000028   Data           4  errno.o(.data)
    .bss                                     0x2000002c   Section     2464  bsp_uart.o(.bss)
    .bss                                     0x200009cc   Section     1106  bsp_dac.o(.bss)
    STACK                                    0x20000e20   Section     2048  startup_stm32f427_437xx.o(STACK)

    Global Symbols

    Symbol Name                              Value     Ov Type        Size  Object(Section)

    BuildAttributes$$THM_ISAv4$E$P$D$K$B$S$7EM$VFPi3$EXTD16$VFPS$VFMA$PE$A:L22UL41UL21$X:L11$S22US41US21$IEEE1$IW$USESV6$~STKCKD$USESV7$~SHL$OTIME$ROPI$IEEEX$EBA8$MICROLIB$REQ8$PRES8$EABIv2 0x00000000   Number         0  anon$$obj.o ABSOLUTE
    __ARM_use_no_argv                        0x00000000   Number         0  main.o ABSOLUTE
    _printf_a                                0x00000000   Number         0  stubs.o ABSOLUTE
    _printf_c                                0x00000000   Number         0  stubs.o ABSOLUTE
    _printf_charcount                        0x00000000   Number         0  stubs.o ABSOLUTE
    _printf_d                                0x00000000   Number         0  stubs.o ABSOLUTE
    _printf_e                                0x00000000   Number         0  stubs.o ABSOLUTE
    _printf_f                                0x00000000   Number         0  stubs.o ABSOLUTE
    _printf_flags                            0x00000000   Number         0  stubs.o ABSOLUTE
    _printf_fp_dec                           0x00000000   Number         0  stubs.o ABSOLUTE
    _printf_fp_hex                           0x00000000   Number         0  stubs.o ABSOLUTE
    _printf_g                                0x00000000   Number         0  stubs.o ABSOLUTE
    _printf_i                                0x00000000   Number         0  stubs.o ABSOLUTE
    _printf_int_dec                          0x00000000   Number         0  stubs.o ABSOLUTE
    _printf_l                                0x00000000   Number         0  stubs.o ABSOLUTE
    _printf_lc                               0x00000000   Number         0  stubs.o ABSOLUTE
    _printf_ll                               0x00000000   Number         0  stubs.o ABSOLUTE
    _printf_lld                              0x00000000   Number         0  stubs.o ABSOLUTE
    _printf_lli                              0x00000000   Number         0  stubs.o ABSOLUTE
    _printf_llo                              0x00000000   Number         0  stubs.o ABSOLUTE
    _printf_llu                              0x00000000   Number         0  stubs.o ABSOLUTE
    _printf_llx                              0x00000000   Number         0  stubs.o ABSOLUTE
    _printf_longlong_dec                     0x00000000   Number         0  stubs.o ABSOLUTE
    _printf_longlong_hex                     0x00000000   Number         0  stubs.o ABSOLUTE
    _printf_longlong_oct                     0x00000000   Number         0  stubs.o ABSOLUTE
    _printf_ls                               0x00000000   Number         0  stubs.o ABSOLUTE
    _printf_mbtowc                           0x00000000   Number         0  stubs.o ABSOLUTE
    _printf_n                                0x00000000   Number         0  stubs.o ABSOLUTE
    _printf_o                                0x00000000   Number         0  stubs.o ABSOLUTE
    _printf_p                                0x00000000   Number         0  stubs.o ABSOLUTE
    _printf_percent                          0x00000000   Number         0  stubs.o ABSOLUTE
    _printf_pre_padding                      0x00000000   Number         0  stubs.o ABSOLUTE
    _printf_return_value                     0x00000000   Number         0  stubs.o ABSOLUTE
    _printf_s                                0x00000000   Number         0  stubs.o ABSOLUTE
    _printf_sizespec                         0x00000000   Number         0  stubs.o ABSOLUTE
    _printf_str                              0x00000000   Number         0  stubs.o ABSOLUTE
    _printf_truncate_signed                  0x00000000   Number         0  stubs.o ABSOLUTE
    _printf_truncate_unsigned                0x00000000   Number         0  stubs.o ABSOLUTE
    _printf_u                                0x00000000   Number         0  stubs.o ABSOLUTE
    _printf_wc                               0x00000000   Number         0  stubs.o ABSOLUTE
    _printf_wctomb                           0x00000000   Number         0  stubs.o ABSOLUTE
    _printf_widthprec                        0x00000000   Number         0  stubs.o ABSOLUTE
    _printf_x                                0x00000000   Number         0  stubs.o ABSOLUTE
    __cpp_initialize__aeabi_                  - Undefined Weak Reference
    __cxa_finalize                            - Undefined Weak Reference
    __decompress                              - Undefined Weak Reference
    _clock_init                               - Undefined Weak Reference
    _microlib_exit                            - Undefined Weak Reference
    __Vectors_Size                           0x000001ac   Number         0  startup_stm32f427_437xx.o ABSOLUTE
    __Vectors                                0x08000000   Data           4  startup_stm32f427_437xx.o(RESET)
    __Vectors_End                            0x080001ac   Data           0  startup_stm32f427_437xx.o(RESET)
    __main                                   0x080001ad   Thumb Code     0  entry.o(.ARM.Collect$$$$00000000)
    _main_stk                                0x080001ad   Thumb Code     0  entry2.o(.ARM.Collect$$$$00000001)
    _main_scatterload                        0x080001b1   Thumb Code     0  entry5.o(.ARM.Collect$$$$00000004)
    __main_after_scatterload                 0x080001b5   Thumb Code     0  entry5.o(.ARM.Collect$$$$00000004)
    _main_clock                              0x080001b5   Thumb Code     0  entry7b.o(.ARM.Collect$$$$00000008)
    _main_cpp_init                           0x080001b5   Thumb Code     0  entry8b.o(.ARM.Collect$$$$0000000A)
    _main_init                               0x080001b5   Thumb Code     0  entry9a.o(.ARM.Collect$$$$0000000B)
    __rt_final_cpp                           0x080001bd   Thumb Code     0  entry10a.o(.ARM.Collect$$$$0000000D)
    __rt_final_exit                          0x080001bd   Thumb Code     0  entry11a.o(.ARM.Collect$$$$0000000F)
    Reset_Handler                            0x080001c1   Thumb Code     8  startup_stm32f427_437xx.o(.text)
    ADC_IRQHandler                           0x080001db   Thumb Code     0  startup_stm32f427_437xx.o(.text)
    CAN1_RX0_IRQHandler                      0x080001db   Thumb Code     0  startup_stm32f427_437xx.o(.text)
    CAN1_RX1_IRQHandler                      0x080001db   Thumb Code     0  startup_stm32f427_437xx.o(.text)
    CAN1_SCE_IRQHandler                      0x080001db   Thumb Code     0  startup_stm32f427_437xx.o(.text)
    CAN1_TX_IRQHandler                       0x080001db   Thumb Code     0  startup_stm32f427_437xx.o(.text)
    CAN2_RX0_IRQHandler                      0x080001db   Thumb Code     0  startup_stm32f427_437xx.o(.text)
    CAN2_RX1_IRQHandler                      0x080001db   Thumb Code     0  startup_stm32f427_437xx.o(.text)
    CAN2_SCE_IRQHandler                      0x080001db   Thumb Code     0  startup_stm32f427_437xx.o(.text)
    CAN2_TX_IRQHandler                       0x080001db   Thumb Code     0  startup_stm32f427_437xx.o(.text)
    CRYP_IRQHandler                          0x080001db   Thumb Code     0  startup_stm32f427_437xx.o(.text)
    DCMI_IRQHandler                          0x080001db   Thumb Code     0  startup_stm32f427_437xx.o(.text)
    DMA1_Stream0_IRQHandler                  0x080001db   Thumb Code     0  startup_stm32f427_437xx.o(.text)
    DMA1_Stream1_IRQHandler                  0x080001db   Thumb Code     0  startup_stm32f427_437xx.o(.text)
    DMA1_Stream2_IRQHandler                  0x080001db   Thumb Code     0  startup_stm32f427_437xx.o(.text)
    DMA1_Stream3_IRQHandler                  0x080001db   Thumb Code     0  startup_stm32f427_437xx.o(.text)
    DMA1_Stream4_IRQHandler                  0x080001db   Thumb Code     0  startup_stm32f427_437xx.o(.text)
    DMA1_Stream5_IRQHandler                  0x080001db   Thumb Code     0  startup_stm32f427_437xx.o(.text)
    DMA1_Stream6_IRQHandler                  0x080001db   Thumb Code     0  startup_stm32f427_437xx.o(.text)
    DMA1_Stream7_IRQHandler                  0x080001db   Thumb Code     0  startup_stm32f427_437xx.o(.text)
    DMA2D_IRQHandler                         0x080001db   Thumb Code     0  startup_stm32f427_437xx.o(.text)
    DMA2_Stream0_IRQHandler                  0x080001db   Thumb Code     0  startup_stm32f427_437xx.o(.text)
    DMA2_Stream1_IRQHandler                  0x080001db   Thumb Code     0  startup_stm32f427_437xx.o(.text)
    DMA2_Stream2_IRQHandler                  0x080001db   Thumb Code     0  startup_stm32f427_437xx.o(.text)
    DMA2_Stream3_IRQHandler                  0x080001db   Thumb Code     0  startup_stm32f427_437xx.o(.text)
    DMA2_Stream4_IRQHandler                  0x080001db   Thumb Code     0  startup_stm32f427_437xx.o(.text)
    DMA2_Stream5_IRQHandler                  0x080001db   Thumb Code     0  startup_stm32f427_437xx.o(.text)
    DMA2_Stream6_IRQHandler                  0x080001db   Thumb Code     0  startup_stm32f427_437xx.o(.text)
    DMA2_Stream7_IRQHandler                  0x080001db   Thumb Code     0  startup_stm32f427_437xx.o(.text)
    ETH_IRQHandler                           0x080001db   Thumb Code     0  startup_stm32f427_437xx.o(.text)
    ETH_WKUP_IRQHandler                      0x080001db   Thumb Code     0  startup_stm32f427_437xx.o(.text)
    EXTI0_IRQHandler                         0x080001db   Thumb Code     0  startup_stm32f427_437xx.o(.text)
    EXTI15_10_IRQHandler                     0x080001db   Thumb Code     0  startup_stm32f427_437xx.o(.text)
    EXTI1_IRQHandler                         0x080001db   Thumb Code     0  startup_stm32f427_437xx.o(.text)
    EXTI2_IRQHandler                         0x080001db   Thumb Code     0  startup_stm32f427_437xx.o(.text)
    EXTI3_IRQHandler                         0x080001db   Thumb Code     0  startup_stm32f427_437xx.o(.text)
    EXTI4_IRQHandler                         0x080001db   Thumb Code     0  startup_stm32f427_437xx.o(.text)
    EXTI9_5_IRQHandler                       0x080001db   Thumb Code     0  startup_stm32f427_437xx.o(.text)
    FLASH_IRQHandler                         0x080001db   Thumb Code     0  startup_stm32f427_437xx.o(.text)
    FMC_IRQHandler                           0x080001db   Thumb Code     0  startup_stm32f427_437xx.o(.text)
    FPU_IRQHandler                           0x080001db   Thumb Code     0  startup_stm32f427_437xx.o(.text)
    HASH_RNG_IRQHandler                      0x080001db   Thumb Code     0  startup_stm32f427_437xx.o(.text)
    I2C1_ER_IRQHandler                       0x080001db   Thumb Code     0  startup_stm32f427_437xx.o(.text)
    I2C1_EV_IRQHandler                       0x080001db   Thumb Code     0  startup_stm32f427_437xx.o(.text)
    I2C2_ER_IRQHandler                       0x080001db   Thumb Code     0  startup_stm32f427_437xx.o(.text)
    I2C2_EV_IRQHandler                       0x080001db   Thumb Code     0  startup_stm32f427_437xx.o(.text)
    I2C3_ER_IRQHandler                       0x080001db   Thumb Code     0  startup_stm32f427_437xx.o(.text)
    I2C3_EV_IRQHandler                       0x080001db   Thumb Code     0  startup_stm32f427_437xx.o(.text)
    OTG_FS_IRQHandler                        0x080001db   Thumb Code     0  startup_stm32f427_437xx.o(.text)
    OTG_FS_WKUP_IRQHandler                   0x080001db   Thumb Code     0  startup_stm32f427_437xx.o(.text)
    OTG_HS_EP1_IN_IRQHandler                 0x080001db   Thumb Code     0  startup_stm32f427_437xx.o(.text)
    OTG_HS_EP1_OUT_IRQHandler                0x080001db   Thumb Code     0  startup_stm32f427_437xx.o(.text)
    OTG_HS_IRQHandler                        0x080001db   Thumb Code     0  startup_stm32f427_437xx.o(.text)
    OTG_HS_WKUP_IRQHandler                   0x080001db   Thumb Code     0  startup_stm32f427_437xx.o(.text)
    PVD_IRQHandler                           0x080001db   Thumb Code     0  startup_stm32f427_437xx.o(.text)
    RCC_IRQHandler                           0x080001db   Thumb Code     0  startup_stm32f427_437xx.o(.text)
    RTC_Alarm_IRQHandler                     0x080001db   Thumb Code     0  startup_stm32f427_437xx.o(.text)
    RTC_WKUP_IRQHandler                      0x080001db   Thumb Code     0  startup_stm32f427_437xx.o(.text)
    SAI1_IRQHandler                          0x080001db   Thumb Code     0  startup_stm32f427_437xx.o(.text)
    SDIO_IRQHandler                          0x080001db   Thumb Code     0  startup_stm32f427_437xx.o(.text)
    SPI1_IRQHandler                          0x080001db   Thumb Code     0  startup_stm32f427_437xx.o(.text)
    SPI2_IRQHandler                          0x080001db   Thumb Code     0  startup_stm32f427_437xx.o(.text)
    SPI3_IRQHandler                          0x080001db   Thumb Code     0  startup_stm32f427_437xx.o(.text)
    SPI4_IRQHandler                          0x080001db   Thumb Code     0  startup_stm32f427_437xx.o(.text)
    SPI5_IRQHandler                          0x080001db   Thumb Code     0  startup_stm32f427_437xx.o(.text)
    SPI6_IRQHandler                          0x080001db   Thumb Code     0  startup_stm32f427_437xx.o(.text)
    TAMP_STAMP_IRQHandler                    0x080001db   Thumb Code     0  startup_stm32f427_437xx.o(.text)
    TIM1_BRK_TIM9_IRQHandler                 0x080001db   Thumb Code     0  startup_stm32f427_437xx.o(.text)
    TIM1_CC_IRQHandler                       0x080001db   Thumb Code     0  startup_stm32f427_437xx.o(.text)
    TIM1_TRG_COM_TIM11_IRQHandler            0x080001db   Thumb Code     0  startup_stm32f427_437xx.o(.text)
    TIM1_UP_TIM10_IRQHandler                 0x080001db   Thumb Code     0  startup_stm32f427_437xx.o(.text)
    TIM2_IRQHandler                          0x080001db   Thumb Code     0  startup_stm32f427_437xx.o(.text)
    TIM3_IRQHandler                          0x080001db   Thumb Code     0  startup_stm32f427_437xx.o(.text)
    TIM4_IRQHandler                          0x080001db   Thumb Code     0  startup_stm32f427_437xx.o(.text)
    TIM5_IRQHandler                          0x080001db   Thumb Code     0  startup_stm32f427_437xx.o(.text)
    TIM6_DAC_IRQHandler                      0x080001db   Thumb Code     0  startup_stm32f427_437xx.o(.text)
    TIM8_BRK_TIM12_IRQHandler                0x080001db   Thumb Code     0  startup_stm32f427_437xx.o(.text)
    TIM8_CC_IRQHandler                       0x080001db   Thumb Code     0  startup_stm32f427_437xx.o(.text)
    TIM8_TRG_COM_TIM14_IRQHandler            0x080001db   Thumb Code     0  startup_stm32f427_437xx.o(.text)
    TIM8_UP_TIM13_IRQHandler                 0x080001db   Thumb Code     0  startup_stm32f427_437xx.o(.text)
    UART4_IRQHandler                         0x080001db   Thumb Code     0  startup_stm32f427_437xx.o(.text)
    UART5_IRQHandler                         0x080001db   Thumb Code     0  startup_stm32f427_437xx.o(.text)
    UART8_IRQHandler                         0x080001db   Thumb Code     0  startup_stm32f427_437xx.o(.text)
    USART1_IRQHandler                        0x080001db   Thumb Code     0  startup_stm32f427_437xx.o(.text)
    USART2_IRQHandler                        0x080001db   Thumb Code     0  startup_stm32f427_437xx.o(.text)
    USART3_IRQHandler                        0x080001db   Thumb Code     0  startup_stm32f427_437xx.o(.text)
    USART6_IRQHandler                        0x080001db   Thumb Code     0  startup_stm32f427_437xx.o(.text)
    WWDG_IRQHandler                          0x080001db   Thumb Code     0  startup_stm32f427_437xx.o(.text)
    __aeabi_dadd                             0x080001e5   Thumb Code   322  dadd.o(.text)
    __aeabi_dsub                             0x08000327   Thumb Code     6  dadd.o(.text)
    __aeabi_drsub                            0x0800032d   Thumb Code     6  dadd.o(.text)
    __aeabi_dmul                             0x08000333   Thumb Code   228  dmul.o(.text)
    __aeabi_ddiv                             0x08000417   Thumb Code   222  ddiv.o(.text)
    __aeabi_ui2d                             0x080004f5   Thumb Code    26  dfltui.o(.text)
    __aeabi_d2uiz                            0x0800050f   Thumb Code    50  dfixui.o(.text)
    __aeabi_f2d                              0x08000541   Thumb Code    38  f2d.o(.text)
    __aeabi_cdrcmple                         0x08000569   Thumb Code    48  cdrcmple.o(.text)
    __aeabi_d2f                              0x08000599   Thumb Code    56  d2f.o(.text)
    __aeabi_uidiv                            0x080005d1   Thumb Code     0  uidiv.o(.text)
    __aeabi_uidivmod                         0x080005d1   Thumb Code    44  uidiv.o(.text)
    __aeabi_uldivmod                         0x080005fd   Thumb Code    98  uldiv.o(.text)
    __aeabi_llsl                             0x0800065f   Thumb Code    30  llshl.o(.text)
    _ll_shift_l                              0x0800065f   Thumb Code     0  llshl.o(.text)
    __aeabi_llsr                             0x0800067d   Thumb Code    32  llushr.o(.text)
    _ll_ushift_r                             0x0800067d   Thumb Code     0  llushr.o(.text)
    __aeabi_lasr                             0x0800069d   Thumb Code    36  llsshr.o(.text)
    _ll_sshift_r                             0x0800069d   Thumb Code     0  llsshr.o(.text)
    __I$use$fp                               0x080006c1   Thumb Code     0  iusefp.o(.text)
    _float_round                             0x080006c1   Thumb Code    18  fepilogue.o(.text)
    _float_epilogue                          0x080006d3   Thumb Code    92  fepilogue.o(.text)
    _double_round                            0x0800072f   Thumb Code    30  depilogue.o(.text)
    _double_epilogue                         0x0800074d   Thumb Code   156  depilogue.o(.text)
    __ARM_scalbn                             0x080007e9   Thumb Code    46  dscalb.o(.text)
    scalbn                                   0x080007e9   Thumb Code     0  dscalb.o(.text)
    __aeabi_i2d                              0x08000817   Thumb Code    34  dflti.o(.text)
    __aeabi_d2ulz                            0x08000839   Thumb Code    48  dfixul.o(.text)
    __scatterload                            0x08000869   Thumb Code    28  init.o(.text)
    __scatterload_rt2                        0x08000869   Thumb Code     0  init.o(.text)
    _dsqrt                                   0x0800088d   Thumb Code   162  dsqrt.o(.text)
    BusFault_Handler                         0x0800092f   Thumb Code     4  stm32f4xx_it.o(i.BusFault_Handler)
    DAC_Cmd                                  0x08000935   Thumb Code    34  stm32f4xx_dac.o(i.DAC_Cmd)
    DAC_DeInit                               0x0800095d   Thumb Code    22  stm32f4xx_dac.o(i.DAC_DeInit)
    DAC_Init                                 0x08000975   Thumb Code    46  stm32f4xx_dac.o(i.DAC_Init)
    DAC_SetChannel1Data                      0x080009a9   Thumb Code    26  stm32f4xx_dac.o(i.DAC_SetChannel1Data)
    DDS_GPIO_Configuration                   0x080009c9   Thumb Code   186  ad9834.o(i.DDS_GPIO_Configuration)
    DDS_SPI4_Init                            0x08000a95   Thumb Code   210  ad9834.o(i.DDS_SPI4_Init)
    DDS_test                                 0x08000b71   Thumb Code   286  ad9834.o(i.DDS_test)
    Dac1_Set_fixed_Vol                       0x08000ccd   Thumb Code    82  bsp_dac.o(i.Dac1_Set_fixed_Vol)
    Dac1_fixed_Init                          0x08000d31   Thumb Code    76  bsp_dac.o(i.Dac1_fixed_Init)
    DebugMon_Handler                         0x08000d85   Thumb Code     2  stm32f4xx_it.o(i.DebugMon_Handler)
    Delay_ms                                 0x08000d89   Thumb Code    20  bsp_timer.o(i.Delay_ms)
    GPIO_Configuration                       0x08000da1   Thumb Code   162  bsp_gpio.o(i.GPIO_Configuration)
    GPIO_Init                                0x08000e51   Thumb Code   144  stm32f4xx_gpio.o(i.GPIO_Init)
    GPIO_PinAFConfig                         0x08000ee1   Thumb Code    70  stm32f4xx_gpio.o(i.GPIO_PinAFConfig)
    GPIO_ResetBits                           0x08000f27   Thumb Code     4  stm32f4xx_gpio.o(i.GPIO_ResetBits)
    GPIO_SetBits                             0x08000f2b   Thumb Code     4  stm32f4xx_gpio.o(i.GPIO_SetBits)
    HardFault_Handler                        0x08000f2f   Thumb Code     4  stm32f4xx_it.o(i.HardFault_Handler)
    Init_SysTick                             0x08000f33   Thumb Code    70  bsp_timer.o(i.Init_SysTick)
    LED_OFF                                  0x08000f79   Thumb Code    52  bsp_gpio.o(i.LED_OFF)
    LED_ON                                   0x08000fb5   Thumb Code    52  bsp_gpio.o(i.LED_ON)
    MemManage_Handler                        0x08000ff1   Thumb Code     4  stm32f4xx_it.o(i.MemManage_Handler)
    NMI_Handler                              0x08000ff5   Thumb Code     2  stm32f4xx_it.o(i.NMI_Handler)
    NVIC_Init                                0x08000ff9   Thumb Code   106  misc.o(i.NVIC_Init)
    NVIC_PriorityGroupConfig                 0x08001071   Thumb Code    10  misc.o(i.NVIC_PriorityGroupConfig)
    PendSV_Handler                           0x080010ad   Thumb Code     2  stm32f4xx_it.o(i.PendSV_Handler)
    RCC_AHB1PeriphClockCmd                   0x080010b1   Thumb Code    26  stm32f4xx_rcc.o(i.RCC_AHB1PeriphClockCmd)
    RCC_APB1PeriphClockCmd                   0x080010d1   Thumb Code    26  stm32f4xx_rcc.o(i.RCC_APB1PeriphClockCmd)
    RCC_APB1PeriphResetCmd                   0x080010f1   Thumb Code    26  stm32f4xx_rcc.o(i.RCC_APB1PeriphResetCmd)
    RCC_APB2PeriphClockCmd                   0x08001111   Thumb Code    26  stm32f4xx_rcc.o(i.RCC_APB2PeriphClockCmd)
    RCC_APB2PeriphResetCmd                   0x08001131   Thumb Code    26  stm32f4xx_rcc.o(i.RCC_APB2PeriphResetCmd)
    RCC_GetClocksFreq                        0x08001151   Thumb Code   214  stm32f4xx_rcc.o(i.RCC_GetClocksFreq)
    SPI2_CS_Select                           0x08001239   Thumb Code   136  bsp_spi.o(i.SPI2_CS_Select)
    SPI2_Configuration                       0x080012c9   Thumb Code   284  bsp_spi.o(i.SPI2_Configuration)
    SPI2_ReadWriteByte                       0x080013f5   Thumb Code    70  bsp_spi.o(i.SPI2_ReadWriteByte)
    SPI4_ReadWriteByte                       0x08001441   Thumb Code    70  ad9834.o(i.SPI4_ReadWriteByte)
    SPI_Cmd                                  0x08001491   Thumb Code    24  stm32f4xx_spi.o(i.SPI_Cmd)
    SPI_I2S_DeInit                           0x080014a9   Thumb Code   152  stm32f4xx_spi.o(i.SPI_I2S_DeInit)
    SPI_I2S_GetFlagStatus                    0x08001559   Thumb Code    18  stm32f4xx_spi.o(i.SPI_I2S_GetFlagStatus)
    SPI_I2S_ReceiveData                      0x0800156b   Thumb Code     6  stm32f4xx_spi.o(i.SPI_I2S_ReceiveData)
    SPI_I2S_SendData                         0x08001571   Thumb Code     4  stm32f4xx_spi.o(i.SPI_I2S_SendData)
    SPI_Init                                 0x08001575   Thumb Code    60  stm32f4xx_spi.o(i.SPI_Init)
    SVC_Handler                              0x080015b1   Thumb Code     2  stm32f4xx_it.o(i.SVC_Handler)
    SysTick_Handler                          0x080016e1   Thumb Code   124  stm32f4xx_it.o(i.SysTick_Handler)
    SystemInit                               0x08001765   Thumb Code    88  system_stm32f4xx.o(i.SystemInit)
    TIM7_IRQHandler                          0x080017cd   Thumb Code     2  stm32f4xx_it.o(i.TIM7_IRQHandler)
    Temp_Read                                0x080017d1   Thumb Code   140  adt7301.o(i.Temp_Read)
    UART7_Configuration                      0x0800187d   Thumb Code   206  bsp_uart.o(i.UART7_Configuration)
    UART7_IRQHandler                         0x08001955   Thumb Code   106  stm32f4xx_it.o(i.UART7_IRQHandler)
    USART_ClearFlag                          0x080019d1   Thumb Code    18  stm32f4xx_usart.o(i.USART_ClearFlag)
    USART_ClearITPendingBit                  0x080019e3   Thumb Code    30  stm32f4xx_usart.o(i.USART_ClearITPendingBit)
    USART_Cmd                                0x08001a01   Thumb Code    24  stm32f4xx_usart.o(i.USART_Cmd)
    USART_GetFlagStatus                      0x08001a19   Thumb Code    26  stm32f4xx_usart.o(i.USART_GetFlagStatus)
    USART_GetITStatus                        0x08001a33   Thumb Code    84  stm32f4xx_usart.o(i.USART_GetITStatus)
    USART_ITConfig                           0x08001a87   Thumb Code    74  stm32f4xx_usart.o(i.USART_ITConfig)
    USART_Init                               0x08001ad1   Thumb Code   204  stm32f4xx_usart.o(i.USART_Init)
    USART_PutChar                            0x08001ba5   Thumb Code    40  bsp_uart.o(i.USART_PutChar)
    USART_ReceiveData                        0x08001bcd   Thumb Code    10  stm32f4xx_usart.o(i.USART_ReceiveData)
    USART_SendData                           0x08001bd7   Thumb Code     8  stm32f4xx_usart.o(i.USART_SendData)
    UsageFault_Handler                       0x08001bdf   Thumb Code     4  stm32f4xx_it.o(i.UsageFault_Handler)
    __0printf                                0x08001be5   Thumb Code    22  printfa.o(i.__0printf)
    __1printf                                0x08001be5   Thumb Code     0  printfa.o(i.__0printf)
    __2printf                                0x08001be5   Thumb Code     0  printfa.o(i.__0printf)
    __c89printf                              0x08001be5   Thumb Code     0  printfa.o(i.__0printf)
    printf                                   0x08001be5   Thumb Code     0  printfa.o(i.__0printf)
    __ARM_fpclassify                         0x08001c05   Thumb Code    48  fpclassify.o(i.__ARM_fpclassify)
    __hardfp_pow                             0x08001c39   Thumb Code  3072  pow.o(i.__hardfp_pow)
    __kernel_poly                            0x08002889   Thumb Code   248  poly.o(i.__kernel_poly)
    __mathlib_dbl_divzero                    0x08002981   Thumb Code    28  dunder.o(i.__mathlib_dbl_divzero)
    __mathlib_dbl_infnan2                    0x080029b1   Thumb Code    20  dunder.o(i.__mathlib_dbl_infnan2)
    __mathlib_dbl_invalid                    0x080029c9   Thumb Code    24  dunder.o(i.__mathlib_dbl_invalid)
    __mathlib_dbl_overflow                   0x080029e9   Thumb Code    24  dunder.o(i.__mathlib_dbl_overflow)
    __mathlib_dbl_underflow                  0x08002a09   Thumb Code    24  dunder.o(i.__mathlib_dbl_underflow)
    __scatterload_copy                       0x08002a29   Thumb Code    14  handlers.o(i.__scatterload_copy)
    __scatterload_null                       0x08002a37   Thumb Code     2  handlers.o(i.__scatterload_null)
    __scatterload_zeroinit                   0x08002a39   Thumb Code    14  handlers.o(i.__scatterload_zeroinit)
    __set_errno                              0x08002a49   Thumb Code     6  errno.o(i.__set_errno)
    fabs                                     0x08003307   Thumb Code    24  fabs.o(i.fabs)
    fputc                                    0x08003321   Thumb Code    18  bsp_uart.o(i.fputc)
    get_RCCCLOCK                             0x08003339   Thumb Code   166  bsp_timer.o(i.get_RCCCLOCK)
    get_temp                                 0x08003459   Thumb Code     8  adt7301.o(i.get_temp)
    main                                     0x08003461   Thumb Code   152  main.o(i.main)
    sqrt                                     0x08003555   Thumb Code   110  sqrt.o(i.sqrt)
    __mathlib_zero                           0x08003650   Data           8  qnan.o(.constdata)
    Region$$Table$$Base                      0x08003658   Number         0  anon$$obj.o(Region$$Table)
    Region$$Table$$Limit                     0x08003678   Number         0  anon$$obj.o(Region$$Table)
    SysTick_Count                            0x20000000   Data           4  main.o(.data)
    TimingDelay                              0x20000004   Data           4  main.o(.data)
    SPI4_Wait_TimeOut                        0x20000008   Data           4  ad9834.o(.data)
    Uart1Flag                                0x2000000c   Data           1  bsp_uart.o(.data)
    Uart2Flag                                0x2000000d   Data           1  bsp_uart.o(.data)
    Uart3Flag                                0x2000000e   Data           1  bsp_uart.o(.data)
    Uart7Flag                                0x2000000f   Data           1  bsp_uart.o(.data)
    uart7_rx_len                             0x20000010   Data           2  bsp_uart.o(.data)
    __stdout                                 0x20000024   Data           4  stdout.o(.data)
    uart1_rbuf                               0x2000002c   Data        1032  bsp_uart.o(.bss)
    uart2_rbuf                               0x20000434   Data        1032  bsp_uart.o(.bss)
    uart3_rbuf                               0x2000083c   Data         136  bsp_uart.o(.bss)
    uart7_rbuf                               0x200008c4   Data         264  bsp_uart.o(.bss)
    aEscalator12bit                          0x200009cc   Data          64  bsp_dac.o(.bss)
    DAC_InitStructure                        0x20000a0c   Data          16  bsp_dac.o(.bss)
    Wave_Xnum_U16                            0x20000a1c   Data         514  bsp_dac.o(.bss)
    sinwave_512_U16_X                        0x20000c1e   Data         512  bsp_dac.o(.bss)
    __initial_sp                             0x20001620   Data           0  startup_stm32f427_437xx.o(STACK)



==============================================================================

Memory Map of the image

  Image Entry point : 0x080001ad

  Load Region LR_IROM1 (Base: 0x08000000, Size: 0x000036a4, Max: 0x00200000, ABSOLUTE)

    Execution Region ER_IROM1 (Exec base: 0x08000000, Load base: 0x08000000, Size: 0x00003678, Max: 0x00200000, ABSOLUTE)

    Exec Addr    Load Addr    Size         Type   Attr      Idx    E Section Name        Object

    0x08000000   0x08000000   0x000001ac   Data   RO         5798    RESET               startup_stm32f427_437xx.o
    0x080001ac   0x080001ac   0x00000000   Code   RO         5829  * .ARM.Collect$$$$00000000  mc_w.l(entry.o)
    0x080001ac   0x080001ac   0x00000004   Code   RO         6166    .ARM.Collect$$$$00000001  mc_w.l(entry2.o)
    0x080001b0   0x080001b0   0x00000004   Code   RO         6169    .ARM.Collect$$$$00000004  mc_w.l(entry5.o)
    0x080001b4   0x080001b4   0x00000000   Code   RO         6171    .ARM.Collect$$$$00000008  mc_w.l(entry7b.o)
    0x080001b4   0x080001b4   0x00000000   Code   RO         6173    .ARM.Collect$$$$0000000A  mc_w.l(entry8b.o)
    0x080001b4   0x080001b4   0x00000008   Code   RO         6174    .ARM.Collect$$$$0000000B  mc_w.l(entry9a.o)
    0x080001bc   0x080001bc   0x00000000   Code   RO         6176    .ARM.Collect$$$$0000000D  mc_w.l(entry10a.o)
    0x080001bc   0x080001bc   0x00000000   Code   RO         6178    .ARM.Collect$$$$0000000F  mc_w.l(entry11a.o)
    0x080001bc   0x080001bc   0x00000004   Code   RO         6167    .ARM.Collect$$$$00002712  mc_w.l(entry2.o)
    0x080001c0   0x080001c0   0x00000024   Code   RO         5799    .text               startup_stm32f427_437xx.o
    0x080001e4   0x080001e4   0x0000014e   Code   RO         6099    .text               mf_w.l(dadd.o)
    0x08000332   0x08000332   0x000000e4   Code   RO         6101    .text               mf_w.l(dmul.o)
    0x08000416   0x08000416   0x000000de   Code   RO         6103    .text               mf_w.l(ddiv.o)
    0x080004f4   0x080004f4   0x0000001a   Code   RO         6105    .text               mf_w.l(dfltui.o)
    0x0800050e   0x0800050e   0x00000032   Code   RO         6107    .text               mf_w.l(dfixui.o)
    0x08000540   0x08000540   0x00000026   Code   RO         6109    .text               mf_w.l(f2d.o)
    0x08000566   0x08000566   0x00000002   PAD
    0x08000568   0x08000568   0x00000030   Code   RO         6111    .text               mf_w.l(cdrcmple.o)
    0x08000598   0x08000598   0x00000038   Code   RO         6113    .text               mf_w.l(d2f.o)
    0x080005d0   0x080005d0   0x0000002c   Code   RO         6181    .text               mc_w.l(uidiv.o)
    0x080005fc   0x080005fc   0x00000062   Code   RO         6183    .text               mc_w.l(uldiv.o)
    0x0800065e   0x0800065e   0x0000001e   Code   RO         6185    .text               mc_w.l(llshl.o)
    0x0800067c   0x0800067c   0x00000020   Code   RO         6187    .text               mc_w.l(llushr.o)
    0x0800069c   0x0800069c   0x00000024   Code   RO         6189    .text               mc_w.l(llsshr.o)
    0x080006c0   0x080006c0   0x00000000   Code   RO         6198    .text               mc_w.l(iusefp.o)
    0x080006c0   0x080006c0   0x0000006e   Code   RO         6199    .text               mf_w.l(fepilogue.o)
    0x0800072e   0x0800072e   0x000000ba   Code   RO         6201    .text               mf_w.l(depilogue.o)
    0x080007e8   0x080007e8   0x0000002e   Code   RO         6205    .text               mf_w.l(dscalb.o)
    0x08000816   0x08000816   0x00000022   Code   RO         6207    .text               mf_w.l(dflti.o)
    0x08000838   0x08000838   0x00000030   Code   RO         6209    .text               mf_w.l(dfixul.o)
    0x08000868   0x08000868   0x00000024   Code   RO         6211    .text               mc_w.l(init.o)
    0x0800088c   0x0800088c   0x000000a2   Code   RO         6213    .text               mf_w.l(dsqrt.o)
    0x0800092e   0x0800092e   0x00000004   Code   RO          189    i.BusFault_Handler  stm32f4xx_it.o
    0x08000932   0x08000932   0x00000002   PAD
    0x08000934   0x08000934   0x00000028   Code   RO         1477    i.DAC_Cmd           stm32f4xx_dac.o
    0x0800095c   0x0800095c   0x00000016   Code   RO         1479    i.DAC_DeInit        stm32f4xx_dac.o
    0x08000972   0x08000972   0x00000002   PAD
    0x08000974   0x08000974   0x00000034   Code   RO         1485    i.DAC_Init          stm32f4xx_dac.o
    0x080009a8   0x080009a8   0x00000020   Code   RO         1486    i.DAC_SetChannel1Data  stm32f4xx_dac.o
    0x080009c8   0x080009c8   0x000000cc   Code   RO          340    i.DDS_GPIO_Configuration  ad9834.o
    0x08000a94   0x08000a94   0x000000dc   Code   RO          341    i.DDS_SPI4_Init     ad9834.o
    0x08000b70   0x08000b70   0x0000015c   Code   RO          342    i.DDS_test          ad9834.o
    0x08000ccc   0x08000ccc   0x00000064   Code   RO          637    i.Dac1_Set_fixed_Vol  bsp_dac.o
    0x08000d30   0x08000d30   0x00000054   Code   RO          638    i.Dac1_fixed_Init   bsp_dac.o
    0x08000d84   0x08000d84   0x00000002   Code   RO          190    i.DebugMon_Handler  stm32f4xx_it.o
    0x08000d86   0x08000d86   0x00000002   PAD
    0x08000d88   0x08000d88   0x00000018   Code   RO          385    i.Delay_ms          bsp_timer.o
    0x08000da0   0x08000da0   0x000000b0   Code   RO          436    i.GPIO_Configuration  bsp_gpio.o
    0x08000e50   0x08000e50   0x00000090   Code   RO         2619    i.GPIO_Init         stm32f4xx_gpio.o
    0x08000ee0   0x08000ee0   0x00000046   Code   RO         2620    i.GPIO_PinAFConfig  stm32f4xx_gpio.o
    0x08000f26   0x08000f26   0x00000004   Code   RO         2626    i.GPIO_ResetBits    stm32f4xx_gpio.o
    0x08000f2a   0x08000f2a   0x00000004   Code   RO         2627    i.GPIO_SetBits      stm32f4xx_gpio.o
    0x08000f2e   0x08000f2e   0x00000004   Code   RO          191    i.HardFault_Handler  stm32f4xx_it.o
    0x08000f32   0x08000f32   0x00000046   Code   RO          386    i.Init_SysTick      bsp_timer.o
    0x08000f78   0x08000f78   0x0000003c   Code   RO          437    i.LED_OFF           bsp_gpio.o
    0x08000fb4   0x08000fb4   0x0000003c   Code   RO          438    i.LED_ON            bsp_gpio.o
    0x08000ff0   0x08000ff0   0x00000004   Code   RO          192    i.MemManage_Handler  stm32f4xx_it.o
    0x08000ff4   0x08000ff4   0x00000002   Code   RO          193    i.NMI_Handler       stm32f4xx_it.o
    0x08000ff6   0x08000ff6   0x00000002   PAD
    0x08000ff8   0x08000ff8   0x00000078   Code   RO          699    i.NVIC_Init         misc.o
    0x08001070   0x08001070   0x00000014   Code   RO          700    i.NVIC_PriorityGroupConfig  misc.o
    0x08001084   0x08001084   0x00000028   Code   RO          387    i.NVIC_SetPriority  bsp_timer.o
    0x080010ac   0x080010ac   0x00000002   Code   RO          194    i.PendSV_Handler    stm32f4xx_it.o
    0x080010ae   0x080010ae   0x00000002   PAD
    0x080010b0   0x080010b0   0x00000020   Code   RO         3557    i.RCC_AHB1PeriphClockCmd  stm32f4xx_rcc.o
    0x080010d0   0x080010d0   0x00000020   Code   RO         3566    i.RCC_APB1PeriphClockCmd  stm32f4xx_rcc.o
    0x080010f0   0x080010f0   0x00000020   Code   RO         3568    i.RCC_APB1PeriphResetCmd  stm32f4xx_rcc.o
    0x08001110   0x08001110   0x00000020   Code   RO         3569    i.RCC_APB2PeriphClockCmd  stm32f4xx_rcc.o
    0x08001130   0x08001130   0x00000020   Code   RO         3571    i.RCC_APB2PeriphResetCmd  stm32f4xx_rcc.o
    0x08001150   0x08001150   0x000000e8   Code   RO         3578    i.RCC_GetClocksFreq  stm32f4xx_rcc.o
    0x08001238   0x08001238   0x00000090   Code   RO          599    i.SPI2_CS_Select    bsp_spi.o
    0x080012c8   0x080012c8   0x0000012c   Code   RO          600    i.SPI2_Configuration  bsp_spi.o
    0x080013f4   0x080013f4   0x0000004c   Code   RO          601    i.SPI2_ReadWriteByte  bsp_spi.o
    0x08001440   0x08001440   0x00000050   Code   RO          343    i.SPI4_ReadWriteByte  ad9834.o
    0x08001490   0x08001490   0x00000018   Code   RO         4712    i.SPI_Cmd           stm32f4xx_spi.o
    0x080014a8   0x080014a8   0x000000b0   Code   RO         4719    i.SPI_I2S_DeInit    stm32f4xx_spi.o
    0x08001558   0x08001558   0x00000012   Code   RO         4720    i.SPI_I2S_GetFlagStatus  stm32f4xx_spi.o
    0x0800156a   0x0800156a   0x00000006   Code   RO         4723    i.SPI_I2S_ReceiveData  stm32f4xx_spi.o
    0x08001570   0x08001570   0x00000004   Code   RO         4724    i.SPI_I2S_SendData  stm32f4xx_spi.o
    0x08001574   0x08001574   0x0000003c   Code   RO         4725    i.SPI_Init          stm32f4xx_spi.o
    0x080015b0   0x080015b0   0x00000002   Code   RO          195    i.SVC_Handler       stm32f4xx_it.o
    0x080015b2   0x080015b2   0x00000002   PAD
    0x080015b4   0x080015b4   0x0000012c   Code   RO         5758    i.SetSysClock       system_stm32f4xx.o
    0x080016e0   0x080016e0   0x00000084   Code   RO          196    i.SysTick_Handler   stm32f4xx_it.o
    0x08001764   0x08001764   0x00000068   Code   RO         5760    i.SystemInit        system_stm32f4xx.o
    0x080017cc   0x080017cc   0x00000002   Code   RO          197    i.TIM7_IRQHandler   stm32f4xx_it.o
    0x080017ce   0x080017ce   0x00000002   PAD
    0x080017d0   0x080017d0   0x000000ac   Code   RO          277    i.Temp_Read         adt7301.o
    0x0800187c   0x0800187c   0x000000d8   Code   RO          472    i.UART7_Configuration  bsp_uart.o
    0x08001954   0x08001954   0x0000007c   Code   RO          198    i.UART7_IRQHandler  stm32f4xx_it.o
    0x080019d0   0x080019d0   0x00000012   Code   RO         5500    i.USART_ClearFlag   stm32f4xx_usart.o
    0x080019e2   0x080019e2   0x0000001e   Code   RO         5501    i.USART_ClearITPendingBit  stm32f4xx_usart.o
    0x08001a00   0x08001a00   0x00000018   Code   RO         5504    i.USART_Cmd         stm32f4xx_usart.o
    0x08001a18   0x08001a18   0x0000001a   Code   RO         5507    i.USART_GetFlagStatus  stm32f4xx_usart.o
    0x08001a32   0x08001a32   0x00000054   Code   RO         5508    i.USART_GetITStatus  stm32f4xx_usart.o
    0x08001a86   0x08001a86   0x0000004a   Code   RO         5510    i.USART_ITConfig    stm32f4xx_usart.o
    0x08001ad0   0x08001ad0   0x000000d4   Code   RO         5511    i.USART_Init        stm32f4xx_usart.o
    0x08001ba4   0x08001ba4   0x00000028   Code   RO          485    i.USART_PutChar     bsp_uart.o
    0x08001bcc   0x08001bcc   0x0000000a   Code   RO         5518    i.USART_ReceiveData  stm32f4xx_usart.o
    0x08001bd6   0x08001bd6   0x00000008   Code   RO         5521    i.USART_SendData    stm32f4xx_usart.o
    0x08001bde   0x08001bde   0x00000004   Code   RO          199    i.UsageFault_Handler  stm32f4xx_it.o
    0x08001be2   0x08001be2   0x00000002   PAD
    0x08001be4   0x08001be4   0x00000020   Code   RO         6071    i.__0printf         mc_w.l(printfa.o)
    0x08001c04   0x08001c04   0x00000030   Code   RO         6138    i.__ARM_fpclassify  m_wm.l(fpclassify.o)
    0x08001c34   0x08001c34   0x00000004   PAD
    0x08001c38   0x08001c38   0x00000c50   Code   RO         5803    i.__hardfp_pow      m_wm.l(pow.o)
    0x08002888   0x08002888   0x000000f8   Code   RO         6140    i.__kernel_poly     m_wm.l(poly.o)
    0x08002980   0x08002980   0x00000030   Code   RO         6118    i.__mathlib_dbl_divzero  m_wm.l(dunder.o)
    0x080029b0   0x080029b0   0x00000014   Code   RO         6120    i.__mathlib_dbl_infnan2  m_wm.l(dunder.o)
    0x080029c4   0x080029c4   0x00000004   PAD
    0x080029c8   0x080029c8   0x00000020   Code   RO         6121    i.__mathlib_dbl_invalid  m_wm.l(dunder.o)
    0x080029e8   0x080029e8   0x00000020   Code   RO         6122    i.__mathlib_dbl_overflow  m_wm.l(dunder.o)
    0x08002a08   0x08002a08   0x00000020   Code   RO         6124    i.__mathlib_dbl_underflow  m_wm.l(dunder.o)
    0x08002a28   0x08002a28   0x0000000e   Code   RO         6221    i.__scatterload_copy  mc_w.l(handlers.o)
    0x08002a36   0x08002a36   0x00000002   Code   RO         6222    i.__scatterload_null  mc_w.l(handlers.o)
    0x08002a38   0x08002a38   0x0000000e   Code   RO         6223    i.__scatterload_zeroinit  mc_w.l(handlers.o)
    0x08002a46   0x08002a46   0x00000002   PAD
    0x08002a48   0x08002a48   0x0000000c   Code   RO         6193    i.__set_errno       mc_w.l(errno.o)
    0x08002a54   0x08002a54   0x00000184   Code   RO         6078    i._fp_digits        mc_w.l(printfa.o)
    0x08002bd8   0x08002bd8   0x000006dc   Code   RO         6079    i._printf_core      mc_w.l(printfa.o)
    0x080032b4   0x080032b4   0x00000024   Code   RO         6080    i._printf_post_padding  mc_w.l(printfa.o)
    0x080032d8   0x080032d8   0x0000002e   Code   RO         6081    i._printf_pre_padding  mc_w.l(printfa.o)
    0x08003306   0x08003306   0x00000018   Code   RO         6134    i.fabs              m_wm.l(fabs.o)
    0x0800331e   0x0800331e   0x00000002   PAD
    0x08003320   0x08003320   0x00000018   Code   RO          488    i.fputc             bsp_uart.o
    0x08003338   0x08003338   0x00000120   Code   RO          388    i.get_RCCCLOCK      bsp_timer.o
    0x08003458   0x08003458   0x00000008   Code   RO          278    i.get_temp          adt7301.o
    0x08003460   0x08003460   0x000000f4   Code   RO            4    i.main              main.o
    0x08003554   0x08003554   0x0000006e   Code   RO         6156    i.sqrt              m_wm.l(sqrt.o)
    0x080035c2   0x080035c2   0x00000006   PAD
    0x080035c8   0x080035c8   0x00000088   Data   RO         5806    .constdata          m_wm.l(pow.o)
    0x08003650   0x08003650   0x00000008   Data   RO         6142    .constdata          m_wm.l(qnan.o)
    0x08003658   0x08003658   0x00000020   Data   RO         6219    Region$$Table       anon$$obj.o


    Execution Region RW_IRAM1 (Exec base: 0x20000000, Load base: 0x08003678, Size: 0x00001620, Max: 0x00030000, ABSOLUTE)

    Exec Addr    Load Addr    Size         Type   Attr      Idx    E Section Name        Object

    0x20000000   0x08003678   0x00000008   Data   RW            5    .data               main.o
    0x20000008   0x08003680   0x00000004   Data   RW          344    .data               ad9834.o
    0x2000000c   0x08003684   0x00000006   Data   RW          490    .data               bsp_uart.o
    0x20000012   0x0800368a   0x00000010   Data   RW         3610    .data               stm32f4xx_rcc.o
    0x20000022   0x0800369a   0x00000002   PAD
    0x20000024   0x0800369c   0x00000004   Data   RW         6180    .data               mc_w.l(stdout.o)
    0x20000028   0x080036a0   0x00000004   Data   RW         6194    .data               mc_w.l(errno.o)
    0x2000002c        -       0x000009a0   Zero   RW          489    .bss                bsp_uart.o
    0x200009cc        -       0x00000452   Zero   RW          642    .bss                bsp_dac.o
    0x20000e1e   0x080036a4   0x00000002   PAD
    0x20000e20        -       0x00000800   Zero   RW         5796    STACK               startup_stm32f427_437xx.o


==============================================================================

Image component sizes


      Code (inc. data)   RO Data    RW Data    ZI Data      Debug   Object Name

       852        100          0          4          0       2909   ad9834.o
       180         32          0          0          0     245395   adt7301.o
       184         26          0          0       1106       2078   bsp_dac.o
       296         30          0          0          0       1600   bsp_gpio.o
       520         30          0          0          0       1983   bsp_spi.o
       422        134          0          0          0      28208   bsp_timer.o
       280         16          0          6       2464       3957   bsp_uart.o
       244         92          0          8          0      49954   main.o
       140         24          0          0          0       1455   misc.o
        36          8        428          0       2048        840   startup_stm32f427_437xx.o
       146         18          0          0          0       2796   stm32f4xx_dac.o
       222          0          0          0          0       2735   stm32f4xx_gpio.o
       282         26          0          0          0       5411   stm32f4xx_it.o
       392         48          0         16          0       5613   stm32f4xx_rcc.o
       288         24          0          0          0       3935   stm32f4xx_spi.o
       486          8          0          0          0       6433   stm32f4xx_usart.o
       404         34          0          0          0       1481   system_stm32f4xx.o

    ----------------------------------------------------------------------
      5390        650        460         36       5620     366783   Object Totals
         0          0         32          0          0          0   (incl. Generated)
        16          0          0          2          2          0   (incl. Padding)

    ----------------------------------------------------------------------

      Code (inc. data)   RO Data    RW Data    ZI Data      Debug   Library Member Name

       164         44          0          0          0        620   dunder.o
        24          0          0          0          0        124   fabs.o
        48          0          0          0          0        124   fpclassify.o
       248          0          0          0          0        152   poly.o
      3152        296        136          0          0        352   pow.o
         0          0          8          0          0          0   qnan.o
       110          0          0          0          0        148   sqrt.o
         0          0          0          0          0          0   entry.o
         0          0          0          0          0          0   entry10a.o
         0          0          0          0          0          0   entry11a.o
         8          4          0          0          0          0   entry2.o
         4          0          0          0          0          0   entry5.o
         0          0          0          0          0          0   entry7b.o
         0          0          0          0          0          0   entry8b.o
         8          4          0          0          0          0   entry9a.o
        12          6          0          4          0         68   errno.o
        30          0          0          0          0          0   handlers.o
        36          8          0          0          0         68   init.o
         0          0          0          0          0          0   iusefp.o
        30          0          0          0          0         68   llshl.o
        36          0          0          0          0         68   llsshr.o
        32          0          0          0          0         68   llushr.o
      2258         90          0          0          0        452   printfa.o
         0          0          0          4          0          0   stdout.o
        44          0          0          0          0         80   uidiv.o
        98          0          0          0          0         92   uldiv.o
        48          0          0          0          0         68   cdrcmple.o
        56          0          0          0          0         88   d2f.o
       334          0          0          0          0        148   dadd.o
       222          0          0          0          0        100   ddiv.o
       186          0          0          0          0        176   depilogue.o
        50          0          0          0          0         76   dfixui.o
        48          0          0          0          0         68   dfixul.o
        34          0          0          0          0         76   dflti.o
        26          0          0          0          0         76   dfltui.o
       228          0          0          0          0         96   dmul.o
        46          0          0          0          0         80   dscalb.o
       162          0          0          0          0        100   dsqrt.o
        38          0          0          0          0         68   f2d.o
       110          0          0          0          0        168   fepilogue.o

    ----------------------------------------------------------------------
      7950        452        144          8          0       3872   Library Totals
        20          0          0          0          0          0   (incl. Padding)

    ----------------------------------------------------------------------

      Code (inc. data)   RO Data    RW Data    ZI Data      Debug   Library Name

      3746        340        144          0          0       1520   m_wm.l
      2596        112          0          8          0        964   mc_w.l
      1588          0          0          0          0       1388   mf_w.l

    ----------------------------------------------------------------------
      7950        452        144          8          0       3872   Library Totals

    ----------------------------------------------------------------------

==============================================================================


      Code (inc. data)   RO Data    RW Data    ZI Data      Debug   

     13340       1102        604         44       5620     362663   Grand Totals
     13340       1102        604         44       5620     362663   ELF Image Totals
     13340       1102        604         44          0          0   ROM Totals

==============================================================================

    Total RO  Size (Code + RO Data)                13944 (  13.62kB)
    Total RW  Size (RW Data + ZI Data)              5664 (   5.53kB)
    Total ROM Size (Code + RO Data + RW Data)      13988 (  13.66kB)

==============================================================================

