Component: ARM Compiler 5.06 update 6 (build 750) Tool: armlink [4d35ed]

==============================================================================

Section Cross References

    main.o(i.main) refers to misc.o(i.NVIC_PriorityGroupConfig) for NVIC_PriorityGroupConfig
    main.o(i.main) refers to bsp_gpio.o(i.GPIO_Configuration) for GPIO_Configuration
    main.o(i.main) refers to bsp_timer.o(i.Init_SysTick) for Init_SysTick
    main.o(i.main) refers to bsp_uart.o(i.UART7_Configuration) for UART7_Configuration
    main.o(i.main) refers to bsp_spi.o(i.SPI2_Configuration) for SPI2_Configuration
    main.o(i.main) refers to bsp_timer.o(i.get_RCCCLOCK) for get_RCCCLOCK
    main.o(i.main) refers to printfa.o(i.__0printf) for __2printf
    main.o(i.main) refers to bsp_timer.o(i.Delay_ms) for Delay_ms
    main.o(i.main) refers to adt7301.o(i.get_temp) for get_temp
    main.o(i.main) refers to stm32f4xx_dac.o(i.DAC_DeInit) for DAC_DeInit
    stm32f4xx_it.o(i.SysTick_Handler) refers to bsp_gpio.o(i.LED_ON) for LED_ON
    stm32f4xx_it.o(i.SysTick_Handler) refers to bsp_gpio.o(i.LED_OFF) for LED_OFF
    stm32f4xx_it.o(i.SysTick_Handler) refers to main.o(.data) for TimingDelay
    stm32f4xx_it.o(i.UART7_IRQHandler) refers to stm32f4xx_usart.o(i.USART_GetITStatus) for USART_GetITStatus
    stm32f4xx_it.o(i.UART7_IRQHandler) refers to stm32f4xx_usart.o(i.USART_ClearITPendingBit) for USART_ClearITPendingBit
    stm32f4xx_it.o(i.UART7_IRQHandler) refers to stm32f4xx_usart.o(i.USART_ReceiveData) for USART_ReceiveData
    stm32f4xx_it.o(i.UART7_IRQHandler) refers to bsp_uart.o(.bss) for uart7_rbuf
    stm32f4xx_it.o(i.UART7_IRQHandler) refers to bsp_uart.o(.data) for uart7_rx_len
    adt7301.o(i.Temp_Read) refers to bsp_spi.o(i.SPI2_CS_Select) for SPI2_CS_Select
    adt7301.o(i.Temp_Read) refers to bsp_spi.o(i.SPI2_ReadWriteByte) for SPI2_ReadWriteByte
    adt7301.o(i.Temp_Read) refers to dfltui.o(.text) for __aeabi_ui2d
    adt7301.o(i.Temp_Read) refers to dmul.o(.text) for __aeabi_dmul
    adt7301.o(i.Temp_Read) refers to d2f.o(.text) for __aeabi_d2f
    adt7301.o(i.Temp_Read) refers to f2d.o(.text) for __aeabi_f2d
    adt7301.o(i.Temp_Read) refers to printfa.o(i.__0printf) for __2printf
    adt7301.o(i.get_temp) refers to adt7301.o(i.Temp_Read) for Temp_Read
    ad9834.o(i.AD9834_Select_Wave) refers to stm32f4xx_gpio.o(i.GPIO_SetBits) for GPIO_SetBits
    ad9834.o(i.AD9834_Select_Wave) refers to stm32f4xx_gpio.o(i.GPIO_ResetBits) for GPIO_ResetBits
    ad9834.o(i.AD9834_Select_Wave) refers to ad9834.o(i.AD9834_Write_16Bits) for AD9834_Write_16Bits
    ad9834.o(i.AD9834_Set_Freq) refers to dfltui.o(.text) for __aeabi_ui2d
    ad9834.o(i.AD9834_Set_Freq) refers to dmul.o(.text) for __aeabi_dmul
    ad9834.o(i.AD9834_Set_Freq) refers to dfixui.o(.text) for __aeabi_d2uiz
    ad9834.o(i.AD9834_Set_Freq) refers to ad9834.o(i.AD9834_Write_16Bits) for AD9834_Write_16Bits
    ad9834.o(i.AD9834_Write_16Bits) refers to stm32f4xx_gpio.o(i.GPIO_SetBits) for GPIO_SetBits
    ad9834.o(i.AD9834_Write_16Bits) refers to stm32f4xx_gpio.o(i.GPIO_ResetBits) for GPIO_ResetBits
    ad9834.o(i.Init_AD9834) refers to stm32f4xx_gpio.o(i.GPIO_Init) for GPIO_Init
    bsp_timer.o(i.Delay_ms) refers to main.o(.data) for TimingDelay
    bsp_timer.o(i.Init_SysTick) refers to stm32f4xx_rcc.o(i.RCC_GetClocksFreq) for RCC_GetClocksFreq
    bsp_timer.o(i.Init_SysTick) refers to bsp_timer.o(i.NVIC_SetPriority) for NVIC_SetPriority
    bsp_timer.o(i.get_RCCCLOCK) refers to stm32f4xx_rcc.o(i.RCC_GetClocksFreq) for RCC_GetClocksFreq
    bsp_timer.o(i.get_RCCCLOCK) refers to dfltui.o(.text) for __aeabi_ui2d
    bsp_timer.o(i.get_RCCCLOCK) refers to ddiv.o(.text) for __aeabi_ddiv
    bsp_timer.o(i.get_RCCCLOCK) refers to printfa.o(i.__0printf) for __2printf
    bsp_gpio.o(i.GPIO_Configuration) refers to stm32f4xx_rcc.o(i.RCC_AHB1PeriphClockCmd) for RCC_AHB1PeriphClockCmd
    bsp_gpio.o(i.GPIO_Configuration) refers to stm32f4xx_gpio.o(i.GPIO_Init) for GPIO_Init
    bsp_gpio.o(i.GPIO_Configuration) refers to bsp_gpio.o(i.LED_OFF) for LED_OFF
    bsp_uart.o(i.UART7_Configuration) refers to misc.o(i.NVIC_Init) for NVIC_Init
    bsp_uart.o(i.UART7_Configuration) refers to stm32f4xx_rcc.o(i.RCC_AHB1PeriphClockCmd) for RCC_AHB1PeriphClockCmd
    bsp_uart.o(i.UART7_Configuration) refers to stm32f4xx_rcc.o(i.RCC_APB1PeriphClockCmd) for RCC_APB1PeriphClockCmd
    bsp_uart.o(i.UART7_Configuration) refers to stm32f4xx_gpio.o(i.GPIO_PinAFConfig) for GPIO_PinAFConfig
    bsp_uart.o(i.UART7_Configuration) refers to stm32f4xx_gpio.o(i.GPIO_Init) for GPIO_Init
    bsp_uart.o(i.UART7_Configuration) refers to stm32f4xx_usart.o(i.USART_Init) for USART_Init
    bsp_uart.o(i.UART7_Configuration) refers to stm32f4xx_usart.o(i.USART_ClearFlag) for USART_ClearFlag
    bsp_uart.o(i.UART7_Configuration) refers to stm32f4xx_usart.o(i.USART_ITConfig) for USART_ITConfig
    bsp_uart.o(i.UART7_Configuration) refers to stm32f4xx_usart.o(i.USART_Cmd) for USART_Cmd
[...]
    Removing stm32f4xx_pwr.o(i.PWR_ClearFlag), (40 bytes).
    Removing stm32f4xx_pwr.o(i.PWR_DeInit), (22 bytes).
    Removing stm32f4xx_pwr.o(i.PWR_EnterSTANDBYMode), (40 bytes).
    Removing stm32f4xx_pwr.o(i.PWR_EnterSTOPMode), (68 bytes).
    Removing stm32f4xx_pwr.o(i.PWR_EnterUnderDriveSTOPMode), (68 bytes).
    Removing stm32f4xx_pwr.o(i.PWR_FlashPowerDownCmd), (12 bytes).
    Removing stm32f4xx_pwr.o(i.PWR_GetFlagStatus), (24 bytes).
    Removing stm32f4xx_pwr.o(i.PWR_LowRegulatorUnderDriveCmd), (24 bytes).
    Removing stm32f4xx_pwr.o(i.PWR_MainRegulatorModeConfig), (24 bytes).
    Removing stm32f4xx_pwr.o(i.PWR_MainRegulatorUnderDriveCmd), (24 bytes).
    Removing stm32f4xx_pwr.o(i.PWR_OverDriveCmd), (12 bytes).
    Removing stm32f4xx_pwr.o(i.PWR_OverDriveSWCmd), (12 bytes).
    Removing stm32f4xx_pwr.o(i.PWR_PVDCmd), (12 bytes).
    Removing stm32f4xx_pwr.o(i.PWR_PVDLevelConfig), (24 bytes).
    Removing stm32f4xx_pwr.o(i.PWR_UnderDriveCmd), (36 bytes).
    Removing stm32f4xx_pwr.o(i.PWR_WakeUpPinCmd), (12 bytes).
    Removing stm32f4xx_qspi.o(.rev16_text), (4 bytes).
    Removing stm32f4xx_qspi.o(.revsh_text), (4 bytes).
    Removing stm32f4xx_qspi.o(.rrx_text), (6 bytes).
    Removing stm32f4xx_rcc.o(.rev16_text), (4 bytes).
    Removing stm32f4xx_rcc.o(.revsh_text), (4 bytes).
    Removing stm32f4xx_rcc.o(.rrx_text), (6 bytes).
    Removing stm32f4xx_rcc.o(i.RCC_AHB1PeriphClockLPModeCmd), (32 bytes).
    Removing stm32f4xx_rcc.o(i.RCC_AHB1PeriphResetCmd), (32 bytes).
    Removing stm32f4xx_rcc.o(i.RCC_AHB2PeriphClockCmd), (32 bytes).
    Removing stm32f4xx_rcc.o(i.RCC_AHB2PeriphClockLPModeCmd), (32 bytes).
    Removing stm32f4xx_rcc.o(i.RCC_AHB2PeriphResetCmd), (32 bytes).
    Removing stm32f4xx_rcc.o(i.RCC_AHB3PeriphClockCmd), (32 bytes).
    Removing stm32f4xx_rcc.o(i.RCC_AHB3PeriphClockLPModeCmd), (32 bytes).
    Removing stm32f4xx_rcc.o(i.RCC_AHB3PeriphResetCmd), (32 bytes).
    Removing stm32f4xx_rcc.o(i.RCC_APB1PeriphClockLPModeCmd), (32 bytes).
    Removing stm32f4xx_rcc.o(i.RCC_APB2PeriphClockCmd), (32 bytes).
    Removing stm32f4xx_rcc.o(i.RCC_APB2PeriphClockLPModeCmd), (32 bytes).
    Removing stm32f4xx_rcc.o(i.RCC_AdjustHSICalibrationValue), (24 bytes).
    Removing stm32f4xx_rcc.o(i.RCC_BackupResetCmd), (12 bytes).
    Removing stm32f4xx_rcc.o(i.RCC_ClearFlag), (20 bytes).
    Removing stm32f4xx_rcc.o(i.RCC_ClearITPendingBit), (12 bytes).
    Removing stm32f4xx_rcc.o(i.RCC_ClockSecuritySystemCmd), (12 bytes).
    Removing stm32f4xx_rcc.o(i.RCC_DeInit), (100 bytes).
    Removing stm32f4xx_rcc.o(i.RCC_GetFlagStatus), (64 bytes).
    Removing stm32f4xx_rcc.o(i.RCC_GetITStatus), (24 bytes).
    Removing stm32f4xx_rcc.o(i.RCC_GetSYSCLKSource), (16 bytes).
    Removing stm32f4xx_rcc.o(i.RCC_HCLKConfig), (24 bytes).
    Removing stm32f4xx_rcc.o(i.RCC_HSEConfig), (16 bytes).
    Removing stm32f4xx_rcc.o(i.RCC_HSICmd), (12 bytes).
    Removing stm32f4xx_rcc.o(i.RCC_I2SCLKConfig), (12 bytes).
    Removing stm32f4xx_rcc.o(i.RCC_ITConfig), (32 bytes).
    Removing stm32f4xx_rcc.o(i.RCC_LSEConfig), (44 bytes).
    Removing stm32f4xx_rcc.o(i.RCC_LSEModeConfig), (36 bytes).
    Removing stm32f4xx_rcc.o(i.RCC_LSICmd), (12 bytes).
    Removing stm32f4xx_rcc.o(i.RCC_LTDCCLKDivConfig), (24 bytes).
    Removing stm32f4xx_rcc.o(i.RCC_MCO1Config), (28 bytes).
    Removing stm32f4xx_rcc.o(i.RCC_MCO2Config), (28 bytes).
    Removing stm32f4xx_rcc.o(i.RCC_PCLK1Config), (24 bytes).
    Removing stm32f4xx_rcc.o(i.RCC_PCLK2Config), (24 bytes).
    Removing stm32f4xx_rcc.o(i.RCC_PLLCmd), (12 bytes).
    Removing stm32f4xx_rcc.o(i.RCC_PLLConfig), (36 bytes).
    Removing stm32f4xx_rcc.o(i.RCC_PLLI2SCmd), (12 bytes).
    Removing stm32f4xx_rcc.o(i.RCC_PLLI2SConfig), (24 bytes).
    Removing stm32f4xx_rcc.o(i.RCC_PLLSAICmd), (12 bytes).
    Removing stm32f4xx_rcc.o(i.RCC_PLLSAIConfig), (24 bytes).
    Removing stm32f4xx_rcc.o(i.RCC_RTCCLKCmd), (12 bytes).
    Removing stm32f4xx_rcc.o(i.RCC_RTCCLKConfig), (60 bytes).
    Removing stm32f4xx_rcc.o(i.RCC_SAIBlockACLKConfig), (24 bytes).
    Removing stm32f4xx_rcc.o(i.RCC_SAIBlockBCLKConfig), (24 bytes).
    Removing stm32f4xx_rcc.o(i.RCC_SAIPLLI2SClkDivConfig), (28 bytes).
    Removing stm32f4xx_rcc.o(i.RCC_SAIPLLSAIClkDivConfig), (28 bytes).
    Removing stm32f4xx_rcc.o(i.RCC_SYSCLKConfig), (24 bytes).
    Removing stm32f4xx_rcc.o(i.RCC_TIMCLKPresConfig), (12 bytes).
    Removing stm32f4xx_rcc.o(i.RCC_WaitForHSEStartUp), (56 bytes).
    Removing stm32f4xx_rng.o(.rev16_text), (4 bytes).
    Removing stm32f4xx_rng.o(.revsh_text), (4 bytes).
    Removing stm32f4xx_rng.o(.rrx_text), (6 bytes).
    Removing stm32f4xx_rng.o(i.RNG_ClearFlag), (16 bytes).
    Removing stm32f4xx_rng.o(i.RNG_ClearITPendingBit), (16 bytes).
    Removing stm32f4xx_rng.o(i.RNG_Cmd), (36 bytes).
    Removing stm32f4xx_rng.o(i.RNG_DeInit), (20 bytes).
    Removing stm32f4xx_rng.o(i.RNG_GetFlagStatus), (24 bytes).
    Removing stm32f4xx_rng.o(i.RNG_GetITStatus), (24 bytes).
    Removing stm32f4xx_rng.o(i.RNG_GetRandomNumber), (12 bytes).
    Removing stm32f4xx_rng.o(i.RNG_ITConfig), (36 bytes).
    Removing stm32f4xx_rtc.o(.rev16_text), (4 bytes).
    Removing stm32f4xx_rtc.o(.revsh_text), (4 bytes).
    Removing stm32f4xx_rtc.o(.rrx_text), (6 bytes).
    Removing stm32f4xx_rtc.o(i.RTC_AlarmCmd), (116 bytes).
    Removing stm32f4xx_rtc.o(i.RTC_AlarmStructInit), (22 bytes).
    Removing stm32f4xx_rtc.o(i.RTC_AlarmSubSecondConfig), (52 bytes).
    Removing stm32f4xx_rtc.o(i.RTC_Bcd2ToByte), (22 bytes).
    Removing stm32f4xx_rtc.o(i.RTC_BypassShadowCmd), (60 bytes).
    Removing stm32f4xx_rtc.o(i.RTC_ByteToBcd2), (28 bytes).
    Removing stm32f4xx_rtc.o(i.RTC_CalibOutputCmd), (60 bytes).
    Removing stm32f4xx_rtc.o(i.RTC_CalibOutputConfig), (48 bytes).
    Removing stm32f4xx_rtc.o(i.RTC_ClearFlag), (28 bytes).
    Removing stm32f4xx_rtc.o(i.RTC_ClearITPendingBit), (32 bytes).
    Removing stm32f4xx_rtc.o(i.RTC_CoarseCalibCmd), (80 bytes).
    Removing stm32f4xx_rtc.o(i.RTC_CoarseCalibConfig), (56 bytes).
    Removing stm32f4xx_rtc.o(i.RTC_DateStructInit), (14 bytes).
    Removing stm32f4xx_rtc.o(i.RTC_DayLightSavingConfig), (56 bytes).
    Removing stm32f4xx_rtc.o(i.RTC_DeInit), (212 bytes).
    Removing stm32f4xx_rtc.o(i.RTC_EnterInitMode), (80 bytes).
    Removing stm32f4xx_rtc.o(i.RTC_ExitInitMode), (20 bytes).
    Removing stm32f4xx_rtc.o(i.RTC_GetAlarm), (116 bytes).
    Removing stm32f4xx_rtc.o(i.RTC_GetAlarmSubSecond), (36 bytes).
    Removing stm32f4xx_rtc.o(i.RTC_GetDate), (76 bytes).
    Removing stm32f4xx_rtc.o(i.RTC_GetFlagStatus), (40 bytes).
    Removing stm32f4xx_rtc.o(i.RTC_GetITStatus), (68 bytes).
    Removing stm32f4xx_rtc.o(i.RTC_GetStoreOperation), (16 bytes).
    Removing stm32f4xx_rtc.o(i.RTC_GetSubSecond), (20 bytes).
    Removing stm32f4xx_rtc.o(i.RTC_GetTime), (80 bytes).
    Removing stm32f4xx_rtc.o(i.RTC_GetTimeStamp), (156 bytes).
    Removing stm32f4xx_rtc.o(i.RTC_GetTimeStampSubSecond), (12 bytes).
    Removing stm32f4xx_rtc.o(i.RTC_GetWakeUpCounter), (12 bytes).
    Removing stm32f4xx_rtc.o(i.RTC_ITConfig), (100 bytes).
    Removing stm32f4xx_rtc.o(i.RTC_Init), (100 bytes).
    Removing stm32f4xx_rtc.o(i.RTC_OutputConfig), (56 bytes).
    Removing stm32f4xx_rtc.o(i.RTC_OutputTypeConfig), (28 bytes).
    Removing stm32f4xx_rtc.o(i.RTC_ReadBackupRegister), (32 bytes).
    Removing stm32f4xx_rtc.o(i.RTC_RefClockCmd), (80 bytes).
    Removing stm32f4xx_rtc.o(i.RTC_SetAlarm), (236 bytes).
    Removing stm32f4xx_rtc.o(i.RTC_SetDate), (200 bytes).
    Removing stm32f4xx_rtc.o(i.RTC_SetTime), (208 bytes).
    Removing stm32f4xx_rtc.o(i.RTC_SetWakeUpCounter), (28 bytes).
    Removing stm32f4xx_rtc.o(i.RTC_SmoothCalibConfig), (96 bytes).
    Removing stm32f4xx_rtc.o(i.RTC_StructInit), (14 bytes).
    Removing stm32f4xx_rtc.o(i.RTC_SynchroShiftConfig), (124 bytes).
    Removing stm32f4xx_rtc.o(i.RTC_TamperCmd), (32 bytes).
    Removing stm32f4xx_rtc.o(i.RTC_TamperFilterConfig), (28 bytes).
    Removing stm32f4xx_rtc.o(i.RTC_TamperPinSelection), (28 bytes).
    Removing stm32f4xx_rtc.o(i.RTC_TamperPinsPrechargeDuration), (28 bytes).
    Removing stm32f4xx_rtc.o(i.RTC_TamperPullUpCmd), (36 bytes).
    Removing stm32f4xx_rtc.o(i.RTC_TamperSamplingFreqConfig), (28 bytes).
    Removing stm32f4xx_rtc.o(i.RTC_TamperTriggerConfig), (36 bytes).
    Removing stm32f4xx_rtc.o(i.RTC_TimeStampCmd), (56 bytes).
    Removing stm32f4xx_rtc.o(i.RTC_TimeStampOnTamperDetectionCmd), (36 bytes).
    Removing stm32f4xx_rtc.o(i.RTC_TimeStampPinSelection), (28 bytes).
    Removing stm32f4xx_rtc.o(i.RTC_TimeStructInit), (12 bytes).
    Removing stm32f4xx_rtc.o(i.RTC_WaitForSynchro), (96 bytes).
    Removing stm32f4xx_rtc.o(i.RTC_WakeUpClockConfig), (48 bytes).
    Removing stm32f4xx_rtc.o(i.RTC_WakeUpCmd), (120 bytes).
    Removing stm32f4xx_rtc.o(i.RTC_WriteBackupRegister), (28 bytes).
    Removing stm32f4xx_rtc.o(i.RTC_WriteProtectionCmd), (28 bytes).
    Removing stm32f4xx_sai.o(.rev16_text), (4 bytes).
    Removing stm32f4xx_sai.o(.revsh_text), (4 bytes).
    Removing stm32f4xx_sai.o(.rrx_text), (6 bytes).
    Removing stm32f4xx_sai.o(i.SAI_ClearFlag), (8 bytes).
    Removing stm32f4xx_sai.o(i.SAI_ClearITPendingBit), (8 bytes).
    Removing stm32f4xx_sai.o(i.SAI_Cmd), (22 bytes).
    Removing stm32f4xx_sai.o(i.SAI_CompandingModeConfig), (16 bytes).
    Removing stm32f4xx_sai.o(i.SAI_DMACmd), (22 bytes).
    Removing stm32f4xx_sai.o(i.SAI_DeInit), (36 bytes).
    Removing stm32f4xx_sai.o(i.SAI_FlushFIFO), (10 bytes).
    Removing stm32f4xx_sai.o(i.SAI_FrameInit), (44 bytes).
    Removing stm32f4xx_sai.o(i.SAI_FrameStructInit), (18 bytes).
    Removing stm32f4xx_sai.o(i.SAI_GetCmdStatus), (20 bytes).
    Removing stm32f4xx_sai.o(i.SAI_GetFIFOStatus), (12 bytes).
    Removing stm32f4xx_sai.o(i.SAI_GetFlagStatus), (18 bytes).
    Removing stm32f4xx_sai.o(i.SAI_GetITStatus), (30 bytes).
    Removing stm32f4xx_sai.o(i.SAI_ITConfig), (18 bytes).
    Removing stm32f4xx_sai.o(i.SAI_Init), (72 bytes).
    Removing stm32f4xx_sai.o(i.SAI_MonoModeConfig), (18 bytes).
    Removing stm32f4xx_sai.o(i.SAI_MuteFrameCounterConfig), (18 bytes).
    Removing stm32f4xx_sai.o(i.SAI_MuteModeCmd), (22 bytes).
    Removing stm32f4xx_sai.o(i.SAI_MuteValueConfig), (16 bytes).
    Removing stm32f4xx_sai.o(i.SAI_ReceiveData), (6 bytes).
    Removing stm32f4xx_sai.o(i.SAI_SendData), (4 bytes).
    Removing stm32f4xx_sai.o(i.SAI_SlotInit), (36 bytes).
    Removing stm32f4xx_sai.o(i.SAI_SlotStructInit), (16 bytes).
    Removing stm32f4xx_sai.o(i.SAI_StructInit), (28 bytes).
    Removing stm32f4xx_sai.o(i.SAI_TRIStateConfig), (18 bytes).
    Removing stm32f4xx_sdio.o(.rev16_text), (4 bytes).
    Removing stm32f4xx_sdio.o(.revsh_text), (4 bytes).
    Removing stm32f4xx_sdio.o(.rrx_text), (6 bytes).
    Removing stm32f4xx_sdio.o(i.SDIO_CEATAITCmd), (16 bytes).
    Removing stm32f4xx_sdio.o(i.SDIO_ClearFlag), (12 bytes).
    Removing stm32f4xx_sdio.o(i.SDIO_ClearITPendingBit), (12 bytes).
    Removing stm32f4xx_sdio.o(i.SDIO_ClockCmd), (12 bytes).
    Removing stm32f4xx_sdio.o(i.SDIO_CmdStructInit), (14 bytes).
    Removing stm32f4xx_sdio.o(i.SDIO_CommandCompletionCmd), (12 bytes).
    Removing stm32f4xx_sdio.o(i.SDIO_DMACmd), (12 bytes).
    Removing stm32f4xx_sdio.o(i.SDIO_DataConfig), (52 bytes).
    Removing stm32f4xx_sdio.o(i.SDIO_DataStructInit), (20 bytes).
    Removing stm32f4xx_sdio.o(i.SDIO_DeInit), (22 bytes).
    Removing stm32f4xx_sdio.o(i.SDIO_GetCommandResponse), (12 bytes).
    Removing stm32f4xx_sdio.o(i.SDIO_GetDataCounter), (12 bytes).
    Removing stm32f4xx_sdio.o(i.SDIO_GetFIFOCount), (12 bytes).
    Removing stm32f4xx_sdio.o(i.SDIO_GetFlagStatus), (24 bytes).
    Removing stm32f4xx_sdio.o(i.SDIO_GetITStatus), (24 bytes).
    Removing stm32f4xx_sdio.o(i.SDIO_GetPowerState), (16 bytes).
    Removing stm32f4xx_sdio.o(i.SDIO_GetResponse), (24 bytes).
    Removing stm32f4xx_sdio.o(i.SDIO_ITConfig), (32 bytes).
    Removing stm32f4xx_sdio.o(i.SDIO_Init), (48 bytes).
    Removing stm32f4xx_sdio.o(i.SDIO_ReadData), (12 bytes).
    Removing stm32f4xx_sdio.o(i.SDIO_SendCEATACmd), (12 bytes).
    Removing stm32f4xx_sdio.o(i.SDIO_SendCommand), (44 bytes).
    Removing stm32f4xx_sdio.o(i.SDIO_SendSDIOSuspendCmd), (12 bytes).
    Removing stm32f4xx_sdio.o(i.SDIO_SetPowerState), (12 bytes).
    Removing stm32f4xx_sdio.o(i.SDIO_SetSDIOOperation), (12 bytes).
    Removing stm32f4xx_sdio.o(i.SDIO_SetSDIOReadWaitMode), (12 bytes).
    Removing stm32f4xx_sdio.o(i.SDIO_StartSDIOReadWait), (12 bytes).
    Removing stm32f4xx_sdio.o(i.SDIO_StopSDIOReadWait), (12 bytes).
    Removing stm32f4xx_sdio.o(i.SDIO_StructInit), (16 bytes).
    Removing stm32f4xx_sdio.o(i.SDIO_WriteData), (12 bytes).
    Removing stm32f4xx_spdifrx.o(.rev16_text), (4 bytes).
    Removing stm32f4xx_spdifrx.o(.revsh_text), (4 bytes).
    Removing stm32f4xx_spdifrx.o(.rrx_text), (6 bytes).
    Removing stm32f4xx_spi.o(.rev16_text), (4 bytes).
    Removing stm32f4xx_spi.o(.revsh_text), (4 bytes).
    Removing stm32f4xx_spi.o(.rrx_text), (6 bytes).
    Removing stm32f4xx_spi.o(i.I2S_Cmd), (24 bytes).
    Removing stm32f4xx_spi.o(i.I2S_FullDuplexConfig), (80 bytes).
    Removing stm32f4xx_spi.o(i.I2S_Init), (408 bytes).
    Removing stm32f4xx_spi.o(i.I2S_StructInit), (20 bytes).
    Removing stm32f4xx_spi.o(i.SPI_BiDirectionalLineConfig), (28 bytes).
    Removing stm32f4xx_spi.o(i.SPI_CalculateCRC), (24 bytes).
    Removing stm32f4xx_spi.o(i.SPI_DataSizeConfig), (18 bytes).
    Removing stm32f4xx_spi.o(i.SPI_GetCRC), (16 bytes).
    Removing stm32f4xx_spi.o(i.SPI_GetCRCPolynomial), (6 bytes).
    Removing stm32f4xx_spi.o(i.SPI_I2S_ClearFlag), (6 bytes).
    Removing stm32f4xx_spi.o(i.SPI_I2S_ClearITPendingBit), (20 bytes).
    Removing stm32f4xx_spi.o(i.SPI_I2S_DMACmd), (18 bytes).
    Removing stm32f4xx_spi.o(i.SPI_I2S_GetITStatus), (52 bytes).
    Removing stm32f4xx_spi.o(i.SPI_I2S_ITConfig), (32 bytes).
    Removing stm32f4xx_spi.o(i.SPI_NSSInternalSoftwareConfig), (30 bytes).
    Removing stm32f4xx_spi.o(i.SPI_SSOutputCmd), (24 bytes).
    Removing stm32f4xx_spi.o(i.SPI_StructInit), (24 bytes).
    Removing stm32f4xx_spi.o(i.SPI_TIModeCmd), (24 bytes).
    Removing stm32f4xx_spi.o(i.SPI_TransmitCRC), (10 bytes).
    Removing stm32f4xx_syscfg.o(.rev16_text), (4 bytes).
    Removing stm32f4xx_syscfg.o(.revsh_text), (4 bytes).
    Removing stm32f4xx_syscfg.o(.rrx_text), (6 bytes).
    Removing stm32f4xx_syscfg.o(i.SYSCFG_CompensationCellCmd), (12 bytes).
    Removing stm32f4xx_syscfg.o(i.SYSCFG_DeInit), (22 bytes).
    Removing stm32f4xx_syscfg.o(i.SYSCFG_ETH_MediaInterfaceConfig), (12 bytes).
    Removing stm32f4xx_syscfg.o(i.SYSCFG_EXTILineConfig), (64 bytes).
    Removing stm32f4xx_syscfg.o(i.SYSCFG_GetCompensationCellStatus), (24 bytes).
    Removing stm32f4xx_syscfg.o(i.SYSCFG_MemoryRemapConfig), (12 bytes).
    Removing stm32f4xx_syscfg.o(i.SYSCFG_MemorySwappingBank), (12 bytes).
    Removing stm32f4xx_tim.o(.rev16_text), (4 bytes).
    Removing stm32f4xx_tim.o(.revsh_text), (4 bytes).
    Removing stm32f4xx_tim.o(.rrx_text), (6 bytes).
    Removing stm32f4xx_tim.o(i.TI1_Config), (58 bytes).
    Removing stm32f4xx_tim.o(i.TI2_Config), (80 bytes).
    Removing stm32f4xx_tim.o(i.TI3_Config), (72 bytes).
    Removing stm32f4xx_tim.o(i.TI4_Config), (80 bytes).
    Removing stm32f4xx_tim.o(i.TIM_ARRPreloadConfig), (24 bytes).
    Removing stm32f4xx_tim.o(i.TIM_BDTRConfig), (32 bytes).
    Removing stm32f4xx_tim.o(i.TIM_BDTRStructInit), (18 bytes).
    Removing stm32f4xx_tim.o(i.TIM_CCPreloadControl), (24 bytes).
    Removing stm32f4xx_tim.o(i.TIM_CCxCmd), (30 bytes).
    Removing stm32f4xx_tim.o(i.TIM_CCxNCmd), (30 bytes).
    Removing stm32f4xx_tim.o(i.TIM_ClearFlag), (6 bytes).
    Removing stm32f4xx_tim.o(i.TIM_ClearITPendingBit), (6 bytes).
    Removing stm32f4xx_tim.o(i.TIM_ClearOC1Ref), (18 bytes).
    Removing stm32f4xx_tim.o(i.TIM_ClearOC2Ref), (24 bytes).
    Removing stm32f4xx_tim.o(i.TIM_ClearOC3Ref), (18 bytes).
    Removing stm32f4xx_tim.o(i.TIM_ClearOC4Ref), (24 bytes).
    Removing stm32f4xx_tim.o(i.TIM_Cmd), (24 bytes).
    Removing stm32f4xx_tim.o(i.TIM_CounterModeConfig), (18 bytes).
    Removing stm32f4xx_tim.o(i.TIM_CtrlPWMOutputs), (30 bytes).
    Removing stm32f4xx_tim.o(i.TIM_DMACmd), (18 bytes).
    Removing stm32f4xx_tim.o(i.TIM_DMAConfig), (10 bytes).
    Removing stm32f4xx_tim.o(i.TIM_DeInit), (400 bytes).
    Removing stm32f4xx_tim.o(i.TIM_ETRClockMode1Config), (54 bytes).
    Removing stm32f4xx_tim.o(i.TIM_ETRClockMode2Config), (32 bytes).
    Removing stm32f4xx_tim.o(i.TIM_ETRConfig), (28 bytes).
    Removing stm32f4xx_tim.o(i.TIM_EncoderInterfaceConfig), (66 bytes).
    Removing stm32f4xx_tim.o(i.TIM_ForcedOC1Config), (18 bytes).
    Removing stm32f4xx_tim.o(i.TIM_ForcedOC2Config), (26 bytes).
    Removing stm32f4xx_tim.o(i.TIM_ForcedOC3Config), (18 bytes).
    Removing stm32f4xx_tim.o(i.TIM_ForcedOC4Config), (26 bytes).
    Removing stm32f4xx_tim.o(i.TIM_GenerateEvent), (4 bytes).
    Removing stm32f4xx_tim.o(i.TIM_GetCapture1), (6 bytes).
    Removing stm32f4xx_tim.o(i.TIM_GetCapture2), (6 bytes).
    Removing stm32f4xx_tim.o(i.TIM_GetCapture3), (6 bytes).
    Removing stm32f4xx_tim.o(i.TIM_GetCapture4), (6 bytes).
    Removing stm32f4xx_tim.o(i.TIM_GetCounter), (6 bytes).
    Removing stm32f4xx_tim.o(i.TIM_GetFlagStatus), (18 bytes).
    Removing stm32f4xx_tim.o(i.TIM_GetITStatus), (34 bytes).
    Removing stm32f4xx_tim.o(i.TIM_GetPrescaler), (6 bytes).
    Removing stm32f4xx_tim.o(i.TIM_ICInit), (110 bytes).
    Removing stm32f4xx_tim.o(i.TIM_ICStructInit), (18 bytes).
    Removing stm32f4xx_tim.o(i.TIM_ITConfig), (18 bytes).
    Removing stm32f4xx_tim.o(i.TIM_ITRxExternalClockConfig), (24 bytes).
    Removing stm32f4xx_tim.o(i.TIM_InternalClockConfig), (12 bytes).
    Removing stm32f4xx_tim.o(i.TIM_OC1FastConfig), (18 bytes).
    Removing stm32f4xx_tim.o(i.TIM_OC1Init), (124 bytes).
    Removing stm32f4xx_tim.o(i.TIM_OC1NPolarityConfig), (18 bytes).
    Removing stm32f4xx_tim.o(i.TIM_OC1PolarityConfig), (18 bytes).
    Removing stm32f4xx_tim.o(i.TIM_OC1PreloadConfig), (18 bytes).
    Removing stm32f4xx_tim.o(i.TIM_OC2FastConfig), (26 bytes).
    Removing stm32f4xx_tim.o(i.TIM_OC2Init), (164 bytes).
    Removing stm32f4xx_tim.o(i.TIM_OC2NPolarityConfig), (26 bytes).
    Removing stm32f4xx_tim.o(i.TIM_OC2PolarityConfig), (26 bytes).
    Removing stm32f4xx_tim.o(i.TIM_OC2PreloadConfig), (26 bytes).
    Removing stm32f4xx_tim.o(i.TIM_OC3FastConfig), (18 bytes).
    Removing stm32f4xx_tim.o(i.TIM_OC3Init), (160 bytes).
    Removing stm32f4xx_tim.o(i.TIM_OC3NPolarityConfig), (26 bytes).
    Removing stm32f4xx_tim.o(i.TIM_OC3PolarityConfig), (26 bytes).
    Removing stm32f4xx_tim.o(i.TIM_OC3PreloadConfig), (18 bytes).
    Removing stm32f4xx_tim.o(i.TIM_OC4FastConfig), (26 bytes).
    Removing stm32f4xx_tim.o(i.TIM_OC4Init), (120 bytes).
    Removing stm32f4xx_tim.o(i.TIM_OC4PolarityConfig), (26 bytes).
    Removing stm32f4xx_tim.o(i.TIM_OC4PreloadConfig), (26 bytes).
    Removing stm32f4xx_tim.o(i.TIM_OCStructInit), (20 bytes).
    Removing stm32f4xx_tim.o(i.TIM_PWMIConfig), (124 bytes).
    Removing stm32f4xx_tim.o(i.TIM_PrescalerConfig), (6 bytes).
    Removing stm32f4xx_tim.o(i.TIM_RemapConfig), (6 bytes).
    Removing stm32f4xx_tim.o(i.TIM_SelectCCDMA), (24 bytes).
    Removing stm32f4xx_tim.o(i.TIM_SelectCOM), (24 bytes).
    Removing stm32f4xx_tim.o(i.TIM_SelectHallSensor), (24 bytes).
    Removing stm32f4xx_tim.o(i.TIM_SelectInputTrigger), (18 bytes).
    Removing stm32f4xx_tim.o(i.TIM_SelectMasterSlaveMode), (18 bytes).
    Removing stm32f4xx_tim.o(i.TIM_SelectOCxM), (86 bytes).
    Removing stm32f4xx_tim.o(i.TIM_SelectOnePulseMode), (18 bytes).
    Removing stm32f4xx_tim.o(i.TIM_SelectOutputTrigger), (18 bytes).
    Removing stm32f4xx_tim.o(i.TIM_SelectSlaveMode), (18 bytes).
    Removing stm32f4xx_tim.o(i.TIM_SetAutoreload), (4 bytes).
    Removing stm32f4xx_tim.o(i.TIM_SetClockDivision), (18 bytes).
    Removing stm32f4xx_tim.o(i.TIM_SetCompare1), (4 bytes).
    Removing stm32f4xx_tim.o(i.TIM_SetCompare2), (4 bytes).
    Removing stm32f4xx_tim.o(i.TIM_SetCompare3), (4 bytes).
    Removing stm32f4xx_tim.o(i.TIM_SetCompare4), (4 bytes).
    Removing stm32f4xx_tim.o(i.TIM_SetCounter), (4 bytes).
    Removing stm32f4xx_tim.o(i.TIM_SetIC1Prescaler), (18 bytes).
    Removing stm32f4xx_tim.o(i.TIM_SetIC2Prescaler), (26 bytes).
    Removing stm32f4xx_tim.o(i.TIM_SetIC3Prescaler), (18 bytes).
    Removing stm32f4xx_tim.o(i.TIM_SetIC4Prescaler), (26 bytes).
    Removing stm32f4xx_tim.o(i.TIM_TIxExternalClockConfig), (62 bytes).
    Removing stm32f4xx_tim.o(i.TIM_TimeBaseInit), (132 bytes).
    Removing stm32f4xx_tim.o(i.TIM_TimeBaseStructInit), (18 bytes).
    Removing stm32f4xx_tim.o(i.TIM_UpdateDisableConfig), (24 bytes).
    Removing stm32f4xx_tim.o(i.TIM_UpdateRequestConfig), (24 bytes).
    Removing stm32f4xx_usart.o(.rev16_text), (4 bytes).
    Removing stm32f4xx_usart.o(.revsh_text), (4 bytes).
    Removing stm32f4xx_usart.o(.rrx_text), (6 bytes).
    Removing stm32f4xx_usart.o(i.USART_ClockInit), (32 bytes).
    Removing stm32f4xx_usart.o(i.USART_ClockStructInit), (12 bytes).
    Removing stm32f4xx_usart.o(i.USART_DMACmd), (18 bytes).
    Removing stm32f4xx_usart.o(i.USART_DeInit), (240 bytes).
    Removing stm32f4xx_usart.o(i.USART_HalfDuplexCmd), (24 bytes).
    Removing stm32f4xx_usart.o(i.USART_IrDACmd), (24 bytes).
    Removing stm32f4xx_usart.o(i.USART_IrDAConfig), (18 bytes).
    Removing stm32f4xx_usart.o(i.USART_LINBreakDetectLengthConfig), (18 bytes).
    Removing stm32f4xx_usart.o(i.USART_LINCmd), (24 bytes).
    Removing stm32f4xx_usart.o(i.USART_OneBitMethodCmd), (24 bytes).
    Removing stm32f4xx_usart.o(i.USART_OverSampling8Cmd), (22 bytes).
    Removing stm32f4xx_usart.o(i.USART_ReceiverWakeUpCmd), (24 bytes).
    Removing stm32f4xx_usart.o(i.USART_SendBreak), (10 bytes).
    Removing stm32f4xx_usart.o(i.USART_SetAddress), (18 bytes).
    Removing stm32f4xx_usart.o(i.USART_SetGuardTime), (16 bytes).
    Removing stm32f4xx_usart.o(i.USART_SetPrescaler), (16 bytes).
    Removing stm32f4xx_usart.o(i.USART_SmartCardCmd), (24 bytes).
    Removing stm32f4xx_usart.o(i.USART_SmartCardNACKCmd), (24 bytes).
    Removing stm32f4xx_usart.o(i.USART_StructInit), (24 bytes).
    Removing stm32f4xx_usart.o(i.USART_WakeUpConfig), (18 bytes).
    Removing stm32f4xx_wwdg.o(.rev16_text), (4 bytes).
    Removing stm32f4xx_wwdg.o(.revsh_text), (4 bytes).
    Removing stm32f4xx_wwdg.o(.rrx_text), (6 bytes).
    Removing stm32f4xx_wwdg.o(i.WWDG_ClearFlag), (12 bytes).
    Removing stm32f4xx_wwdg.o(i.WWDG_DeInit), (22 bytes).
    Removing stm32f4xx_wwdg.o(i.WWDG_Enable), (16 bytes).
    Removing stm32f4xx_wwdg.o(i.WWDG_EnableIT), (12 bytes).
    Removing stm32f4xx_wwdg.o(i.WWDG_GetFlagStatus), (20 bytes).
    Removing stm32f4xx_wwdg.o(i.WWDG_SetCounter), (16 bytes).
    Removing stm32f4xx_wwdg.o(i.WWDG_SetPrescaler), (24 bytes).
    Removing stm32f4xx_wwdg.o(i.WWDG_SetWindowValue), (40 bytes).
    Removing system_stm32f4xx.o(.rev16_text), (4 bytes).
    Removing system_stm32f4xx.o(.revsh_text), (4 bytes).
    Removing system_stm32f4xx.o(.rrx_text), (6 bytes).
    Removing system_stm32f4xx.o(i.SystemCoreClockUpdate), (192 bytes).
    Removing system_stm32f4xx.o(.data), (20 bytes).
    Removing startup_stm32f427_437xx.o(HEAP), (512 bytes).
    Removing dfixui.o(.text), (50 bytes).
    Removing dneg.o(.text), (6 bytes).
    Removing dflti.o(.text), (34 bytes).
    Removing dfixi.o(.text), (62 bytes).

878 unused section(s) (total 42112 bytes) removed from the image.

==============================================================================

Image Symbol Table

    Local Symbols

    Symbol Name                              Value     Ov Type        Size  Object(Section)

    ../clib/microlib/division.c              0x00000000   Number         0  uldiv.o ABSOLUTE
    ../clib/microlib/division.c              0x00000000   Number         0  uidiv.o ABSOLUTE
    ../clib/microlib/errno.c                 0x00000000   Number         0  errno.o ABSOLUTE
    ../clib/microlib/init/entry.s            0x00000000   Number         0  entry2.o ABSOLUTE
    ../clib/microlib/init/entry.s            0x00000000   Number         0  entry10a.o ABSOLUTE
    ../clib/microlib/init/entry.s            0x00000000   Number         0  entry9b.o ABSOLUTE
    ../clib/microlib/init/entry.s            0x00000000   Number         0  entry9a.o ABSOLUTE
    ../clib/microlib/init/entry.s            0x00000000   Number         0  entry8b.o ABSOLUTE
    ../clib/microlib/init/entry.s            0x00000000   Number         0  entry8a.o ABSOLUTE
    ../clib/microlib/init/entry.s            0x00000000   Number         0  entry7b.o ABSOLUTE
    ../clib/microlib/init/entry.s            0x00000000   Number         0  entry7a.o ABSOLUTE
    ../clib/microlib/init/entry.s            0x00000000   Number         0  entry5.o ABSOLUTE
    ../clib/microlib/init/entry.s            0x00000000   Number         0  entry10b.o ABSOLUTE
    ../clib/microlib/init/entry.s            0x00000000   Number         0  entry.o ABSOLUTE
    ../clib/microlib/init/entry.s            0x00000000   Number         0  entry11b.o ABSOLUTE
    ../clib/microlib/init/entry.s            0x00000000   Number         0  entry11a.o ABSOLUTE
    ../clib/microlib/longlong.c              0x00000000   Number         0  llshl.o ABSOLUTE
    ../clib/microlib/longlong.c              0x00000000   Number         0  llushr.o ABSOLUTE
    ../clib/microlib/longlong.c              0x00000000   Number         0  llsshr.o ABSOLUTE
    ../clib/microlib/printf/printf.c         0x00000000   Number         0  printf5.o ABSOLUTE
    ../clib/microlib/printf/printf.c         0x00000000   Number         0  printf8.o ABSOLUTE
    ../clib/microlib/printf/printf.c         0x00000000   Number         0  printf2.o ABSOLUTE
    ../clib/microlib/printf/printf.c         0x00000000   Number         0  printf3.o ABSOLUTE
    ../clib/microlib/printf/printf.c         0x00000000   Number         0  printf7.o ABSOLUTE
    ../clib/microlib/printf/printf.c         0x00000000   Number         0  printf6.o ABSOLUTE
    ../clib/microlib/printf/printf.c         0x00000000   Number         0  printf4.o ABSOLUTE
    ../clib/microlib/printf/printf.c         0x00000000   Number         0  printf0.o ABSOLUTE
    ../clib/microlib/printf/printf.c         0x00000000   Number         0  printf1.o ABSOLUTE
    ../clib/microlib/printf/printf.c         0x00000000   Number         0  printfb.o ABSOLUTE
    ../clib/microlib/printf/printf.c         0x00000000   Number         0  printfa.o ABSOLUTE
    ../clib/microlib/printf/stubs.s          0x00000000   Number         0  stubs.o ABSOLUTE
    ../clib/microlib/stdio/streams.c         0x00000000   Number         0  stdout.o ABSOLUTE
    ../clib/microlib/string/memcpy.c         0x00000000   Number         0  memcpyb.o ABSOLUTE
    ../clib/microlib/string/memcpy.c         0x00000000   Number         0  memcpya.o ABSOLUTE
    ../clib/microlib/string/memset.c         0x00000000   Number         0  memseta.o ABSOLUTE
    ../clib/microlib/stubs.s                 0x00000000   Number         0  iusefp.o ABSOLUTE
    ../fplib/microlib/d2f.c                  0x00000000   Number         0  d2f.o ABSOLUTE
    ../fplib/microlib/f2d.c                  0x00000000   Number         0  f2d.o ABSOLUTE
    ../fplib/microlib/fpadd.c                0x00000000   Number         0  dadd.o ABSOLUTE
    ../fplib/microlib/fpdiv.c                0x00000000   Number         0  ddiv.o ABSOLUTE
    ../fplib/microlib/fpepilogue.c           0x00000000   Number         0  fepilogue.o ABSOLUTE
    ../fplib/microlib/fpepilogue.c           0x00000000   Number         0  depilogue.o ABSOLUTE
    ../fplib/microlib/fpfix.c                0x00000000   Number         0  dfixul.o ABSOLUTE
    ../fplib/microlib/fpfix.c                0x00000000   Number         0  dfixui.o ABSOLUTE
    ../fplib/microlib/fpfix.c                0x00000000   Number         0  dfixi.o ABSOLUTE
    ../fplib/microlib/fpflt.c                0x00000000   Number         0  dflti.o ABSOLUTE
    ../fplib/microlib/fpflt.c                0x00000000   Number         0  dfltui.o ABSOLUTE
    ../fplib/microlib/fpmul.c                0x00000000   Number         0  dmul.o ABSOLUTE
    ../fplib/microlib/fpneg.c                0x00000000   Number         0  dneg.o ABSOLUTE
    ../mathlib/cos_i.c                       0x00000000   Number         0  cos_i.o ABSOLUTE
    ../mathlib/dunder.c                      0x00000000   Number         0  dunder.o ABSOLUTE
    ../mathlib/fabs.c                        0x00000000   Number         0  fabs.o ABSOLUTE
    ../mathlib/fpclassify.c                  0x00000000   Number         0  fpclassify.o ABSOLUTE
    ../mathlib/poly.c                        0x00000000   Number         0  poly.o ABSOLUTE
    ../mathlib/rred.c                        0x00000000   Number         0  rred.o ABSOLUTE
    ../mathlib/sin.c                         0x00000000   Number         0  sin.o ABSOLUTE
    ../mathlib/sin.c                         0x00000000   Number         0  sin_x.o ABSOLUTE
    ../mathlib/sin_i.c                       0x00000000   Number         0  sin_i.o ABSOLUTE
    ../mathlib/sin_i.c                       0x00000000   Number         0  sin_i_x.o ABSOLUTE
    BSP\\bsp_dac.c                           0x00000000   Number         0  bsp_dac.o ABSOLUTE
    BSP\\bsp_gpio.c                          0x00000000   Number         0  bsp_gpio.o ABSOLUTE
    BSP\\bsp_spi.c                           0x00000000   Number         0  bsp_spi.o ABSOLUTE
    BSP\\bsp_timer.c                         0x00000000   Number         0  bsp_timer.o ABSOLUTE
    BSP\\bsp_uart.c                          0x00000000   Number         0  bsp_uart.o ABSOLUTE
    BSP\bsp_dac.c                            0x00000000   Number         0  bsp_dac.o ABSOLUTE
    BSP\bsp_gpio.c                           0x00000000   Number         0  bsp_gpio.o ABSOLUTE
    BSP\bsp_spi.c                            0x00000000   Number         0  bsp_spi.o ABSOLUTE
    BSP\bsp_timer.c                          0x00000000   Number         0  bsp_timer.o ABSOLUTE
    BSP\bsp_uart.c                           0x00000000   Number         0  bsp_uart.o ABSOLUTE
    CMSIS\startup\arm\startup_stm32f427_437xx.s 0x00000000   Number         0  startup_stm32f427_437xx.o ABSOLUTE
    FWlib\\src\\misc.c                       0x00000000   Number         0  misc.o ABSOLUTE
    FWlib\\src\\stm32f4xx_adc.c              0x00000000   Number         0  stm32f4xx_adc.o ABSOLUTE
    FWlib\\src\\stm32f4xx_can.c              0x00000000   Number         0  stm32f4xx_can.o ABSOLUTE
    FWlib\\src\\stm32f4xx_cec.c              0x00000000   Number         0  stm32f4xx_cec.o ABSOLUTE
    FWlib\\src\\stm32f4xx_crc.c              0x00000000   Number         0  stm32f4xx_crc.o ABSOLUTE
    FWlib\\src\\stm32f4xx_cryp.c             0x00000000   Number         0  stm32f4xx_cryp.o ABSOLUTE
    FWlib\\src\\stm32f4xx_cryp_aes.c         0x00000000   Number         0  stm32f4xx_cryp_aes.o ABSOLUTE
    FWlib\\src\\stm32f4xx_cryp_des.c         0x00000000   Number         0  stm32f4xx_cryp_des.o ABSOLUTE
    FWlib\\src\\stm32f4xx_cryp_tdes.c        0x00000000   Number         0  stm32f4xx_cryp_tdes.o ABSOLUTE
    FWlib\\src\\stm32f4xx_dac.c              0x00000000   Number         0  stm32f4xx_dac.o ABSOLUTE
    FWlib\\src\\stm32f4xx_dbgmcu.c           0x00000000   Number         0  stm32f4xx_dbgmcu.o ABSOLUTE
    FWlib\\src\\stm32f4xx_dcmi.c             0x00000000   Number         0  stm32f4xx_dcmi.o ABSOLUTE
    FWlib\\src\\stm32f4xx_dfsdm.c            0x00000000   Number         0  stm32f4xx_dfsdm.o ABSOLUTE
    FWlib\\src\\stm32f4xx_dma.c              0x00000000   Number         0  stm32f4xx_dma.o ABSOLUTE
    FWlib\\src\\stm32f4xx_dma2d.c            0x00000000   Number         0  stm32f4xx_dma2d.o ABSOLUTE
    FWlib\\src\\stm32f4xx_dsi.c              0x00000000   Number         0  stm32f4xx_dsi.o ABSOLUTE
    FWlib\\src\\stm32f4xx_exti.c             0x00000000   Number         0  stm32f4xx_exti.o ABSOLUTE
    FWlib\\src\\stm32f4xx_flash.c            0x00000000   Number         0  stm32f4xx_flash.o ABSOLUTE
    FWlib\\src\\stm32f4xx_flash_ramfunc.c    0x00000000   Number         0  stm32f4xx_flash_ramfunc.o ABSOLUTE
    FWlib\\src\\stm32f4xx_fmc.c              0x00000000   Number         0  stm32f4xx_fmc.o ABSOLUTE
    FWlib\\src\\stm32f4xx_fmpi2c.c           0x00000000   Number         0  stm32f4xx_fmpi2c.o ABSOLUTE
    FWlib\\src\\stm32f4xx_gpio.c             0x00000000   Number         0  stm32f4xx_gpio.o ABSOLUTE
    FWlib\\src\\stm32f4xx_hash.c             0x00000000   Number         0  stm32f4xx_hash.o ABSOLUTE
    FWlib\\src\\stm32f4xx_hash_md5.c         0x00000000   Number         0  stm32f4xx_hash_md5.o ABSOLUTE
    FWlib\\src\\stm32f4xx_hash_sha1.c        0x00000000   Number         0  stm32f4xx_hash_sha1.o ABSOLUTE
    FWlib\\src\\stm32f4xx_i2c.c              0x00000000   Number         0  stm32f4xx_i2c.o ABSOLUTE
    FWlib\\src\\stm32f4xx_iwdg.c             0x00000000   Number         0  stm32f4xx_iwdg.o ABSOLUTE
    FWlib\\src\\stm32f4xx_lptim.c            0x00000000   Number         0  stm32f4xx_lptim.o ABSOLUTE
    FWlib\\src\\stm32f4xx_ltdc.c             0x00000000   Number         0  stm32f4xx_ltdc.o ABSOLUTE
    FWlib\\src\\stm32f4xx_pwr.c              0x00000000   Number         0  stm32f4xx_pwr.o ABSOLUTE
    FWlib\\src\\stm32f4xx_qspi.c             0x00000000   Number         0  stm32f4xx_qspi.o ABSOLUTE
    FWlib\\src\\stm32f4xx_rcc.c              0x00000000   Number         0  stm32f4xx_rcc.o ABSOLUTE
    FWlib\\src\\stm32f4xx_rng.c              0x00000000   Number         0  stm32f4xx_rng.o ABSOLUTE
    FWlib\\src\\stm32f4xx_rtc.c              0x00000000   Number         0  stm32f4xx_rtc.o ABSOLUTE
    FWlib\\src\\stm32f4xx_sai.c              0x00000000   Number         0  stm32f4xx_sai.o ABSOLUTE
    FWlib\\src\\stm32f4xx_sdio.c             0x00000000   Number         0  stm32f4xx_sdio.o ABSOLUTE
    FWlib\\src\\stm32f4xx_spdifrx.c          0x00000000   Number         0  stm32f4xx_spdifrx.o ABSOLUTE
    FWlib\\src\\stm32f4xx_spi.c              0x00000000   Number         0  stm32f4xx_spi.o ABSOLUTE
    FWlib\\src\\stm32f4xx_syscfg.c           0x00000000   Number         0  stm32f4xx_syscfg.o ABSOLUTE
    FWlib\\src\\stm32f4xx_tim.c              0x00000000   Number         0  stm32f4xx_tim.o ABSOLUTE
    FWlib\\src\\stm32f4xx_usart.c            0x00000000   Number         0  stm32f4xx_usart.o ABSOLUTE
    FWlib\\src\\stm32f4xx_wwdg.c             0x00000000   Number         0  stm32f4xx_wwdg.o ABSOLUTE
    FWlib\src\misc.c                         0x00000000   Number         0  misc.o ABSOLUTE
    FWlib\src\stm32f4xx_adc.c                0x00000000   Number         0  stm32f4xx_adc.o ABSOLUTE
    FWlib\src\stm32f4xx_can.c                0x00000000   Number         0  stm32f4xx_can.o ABSOLUTE
    FWlib\src\stm32f4xx_cec.c                0x00000000   Number         0  stm32f4xx_cec.o ABSOLUTE
    FWlib\src\stm32f4xx_crc.c                0x00000000   Number         0  stm32f4xx_crc.o ABSOLUTE
    FWlib\src\stm32f4xx_cryp.c               0x00000000   Number         0  stm32f4xx_cryp.o ABSOLUTE
    FWlib\src\stm32f4xx_cryp_aes.c           0x00000000   Number         0  stm32f4xx_cryp_aes.o ABSOLUTE
    FWlib\src\stm32f4xx_cryp_des.c           0x00000000   Number         0  stm32f4xx_cryp_des.o ABSOLUTE
    FWlib\src\stm32f4xx_cryp_tdes.c          0x00000000   Number         0  stm32f4xx_cryp_tdes.o ABSOLUTE
    FWlib\src\stm32f4xx_dac.c                0x00000000   Number         0  stm32f4xx_dac.o ABSOLUTE
    FWlib\src\stm32f4xx_dbgmcu.c             0x00000000   Number         0  stm32f4xx_dbgmcu.o ABSOLUTE
    FWlib\src\stm32f4xx_dcmi.c               0x00000000   Number         0  stm32f4xx_dcmi.o ABSOLUTE
    FWlib\src\stm32f4xx_dfsdm.c              0x00000000   Number         0  stm32f4xx_dfsdm.o ABSOLUTE
    FWlib\src\stm32f4xx_dma.c                0x00000000   Number         0  stm32f4xx_dma.o ABSOLUTE
    FWlib\src\stm32f4xx_dma2d.c              0x00000000   Number         0  stm32f4xx_dma2d.o ABSOLUTE
    FWlib\src\stm32f4xx_dsi.c                0x00000000   Number         0  stm32f4xx_dsi.o ABSOLUTE
    FWlib\src\stm32f4xx_exti.c               0x00000000   Number         0  stm32f4xx_exti.o ABSOLUTE
    FWlib\src\stm32f4xx_flash.c              0x00000000   Number         0  stm32f4xx_flash.o ABSOLUTE
    FWlib\src\stm32f4xx_flash_ramfunc.c      0x00000000   Number         0  stm32f4xx_flash_ramfunc.o ABSOLUTE
    FWlib\src\stm32f4xx_fmc.c                0x00000000   Number         0  stm32f4xx_fmc.o ABSOLUTE
    FWlib\src\stm32f4xx_fmpi2c.c             0x00000000   Number         0  stm32f4xx_fmpi2c.o ABSOLUTE
    FWlib\src\stm32f4xx_gpio.c               0x00000000   Number         0  stm32f4xx_gpio.o ABSOLUTE
    FWlib\src\stm32f4xx_hash.c               0x00000000   Number         0  stm32f4xx_hash.o ABSOLUTE
    FWlib\src\stm32f4xx_hash_md5.c           0x00000000   Number         0  stm32f4xx_hash_md5.o ABSOLUTE
    FWlib\src\stm32f4xx_hash_sha1.c          0x00000000   Number         0  stm32f4xx_hash_sha1.o ABSOLUTE
    FWlib\src\stm32f4xx_i2c.c                0x00000000   Number         0  stm32f4xx_i2c.o ABSOLUTE
    FWlib\src\stm32f4xx_iwdg.c               0x00000000   Number         0  stm32f4xx_iwdg.o ABSOLUTE
    FWlib\src\stm32f4xx_lptim.c              0x00000000   Number         0  stm32f4xx_lptim.o ABSOLUTE
    FWlib\src\stm32f4xx_ltdc.c               0x00000000   Number         0  stm32f4xx_ltdc.o ABSOLUTE
    FWlib\src\stm32f4xx_pwr.c                0x00000000   Number         0  stm32f4xx_pwr.o ABSOLUTE
    FWlib\src\stm32f4xx_qspi.c               0x00000000   Number         0  stm32f4xx_qspi.o ABSOLUTE
    FWlib\src\stm32f4xx_rcc.c                0x00000000   Number         0  stm32f4xx_rcc.o ABSOLUTE
    FWlib\src\stm32f4xx_rng.c                0x00000000   Number         0  stm32f4xx_rng.o ABSOLUTE
    FWlib\src\stm32f4xx_rtc.c                0x00000000   Number         0  stm32f4xx_rtc.o ABSOLUTE
    FWlib\src\stm32f4xx_sai.c                0x00000000   Number         0  stm32f4xx_sai.o ABSOLUTE
    FWlib\src\stm32f4xx_sdio.c               0x00000000   Number         0  stm32f4xx_sdio.o ABSOLUTE
    FWlib\src\stm32f4xx_spdifrx.c            0x00000000   Number         0  stm32f4xx_spdifrx.o ABSOLUTE
    FWlib\src\stm32f4xx_spi.c                0x00000000   Number         0  stm32f4xx_spi.o ABSOLUTE
    FWlib\src\stm32f4xx_syscfg.c             0x00000000   Number         0  stm32f4xx_syscfg.o ABSOLUTE
    FWlib\src\stm32f4xx_tim.c                0x00000000   Number         0  stm32f4xx_tim.o ABSOLUTE
    FWlib\src\stm32f4xx_usart.c              0x00000000   Number         0  stm32f4xx_usart.o ABSOLUTE
    FWlib\src\stm32f4xx_wwdg.c               0x00000000   Number         0  stm32f4xx_wwdg.o ABSOLUTE
    User\AD9834\AD9834.c                     0x00000000   Number         0  ad9834.o ABSOLUTE
    User\ADT7301\ADT7301.c                   0x00000000   Number         0  adt7301.o ABSOLUTE
    User\\AD9834\\AD9834.c                   0x00000000   Number         0  ad9834.o ABSOLUTE
    User\\ADT7301\\ADT7301.c                 0x00000000   Number         0  adt7301.o ABSOLUTE
    User\\main.c                             0x00000000   Number         0  main.o ABSOLUTE
    User\\stm32f4xx_it.c                     0x00000000   Number         0  stm32f4xx_it.o ABSOLUTE
    User\\system_stm32f4xx.c                 0x00000000   Number         0  system_stm32f4xx.o ABSOLUTE
    User\main.c                              0x00000000   Number         0  main.o ABSOLUTE
    User\stm32f4xx_it.c                      0x00000000   Number         0  stm32f4xx_it.o ABSOLUTE
    User\system_stm32f4xx.c                  0x00000000   Number         0  system_stm32f4xx.o ABSOLUTE
    User\thread_m.c                          0x00000000   Number         0  thread_m.o ABSOLUTE
    cdrcmple.s                               0x00000000   Number         0  cdrcmple.o ABSOLUTE
    dc.s                                     0x00000000   Number         0  dc.o ABSOLUTE
    handlers.s                               0x00000000   Number         0  handlers.o ABSOLUTE
    init.s                                   0x00000000   Number         0  init.o ABSOLUTE
    RESET                                    0x08000000   Section      428  startup_stm32f427_437xx.o(RESET)
    .ARM.Collect$$$$00000000                 0x080001ac   Section        0  entry.o(.ARM.Collect$$$$00000000)
    .ARM.Collect$$$$00000001                 0x080001ac   Section        4  entry2.o(.ARM.Collect$$$$00000001)
    .ARM.Collect$$$$00000004                 0x080001b0   Section        4  entry5.o(.ARM.Collect$$$$00000004)
    .ARM.Collect$$$$00000008                 0x080001b4   Section        0  entry7b.o(.ARM.Collect$$$$00000008)
    .ARM.Collect$$$$0000000A                 0x080001b4   Section        0  entry8b.o(.ARM.Collect$$$$0000000A)
    .ARM.Collect$$$$0000000B                 0x080001b4   Section        8  entry9a.o(.ARM.Collect$$$$0000000B)
    .ARM.Collect$$$$0000000D                 0x080001bc   Section        0  entry10a.o(.ARM.Collect$$$$0000000D)
    .ARM.Collect$$$$0000000F                 0x080001bc   Section        0  entry11a.o(.ARM.Collect$$$$0000000F)
    .ARM.Collect$$$$00002712                 0x080001bc   Section        4  entry2.o(.ARM.Collect$$$$00002712)
    __lit__00000000                          0x080001bc   Data           4  entry2.o(.ARM.Collect$$$$00002712)
    .text                                    0x080001c0   Section       36  startup_stm32f427_437xx.o(.text)
    $v0                                      0x080001c0   Number         0  startup_stm32f427_437xx.o(.text)
    .text                                    0x080001e4   Section        0  dadd.o(.text)
    .text                                    0x08000332   Section        0  dmul.o(.text)
    .text                                    0x08000416   Section        0  ddiv.o(.text)
    .text                                    0x080004f4   Section        0  dfltui.o(.text)
    .text                                    0x0800050e   Section        0  f2d.o(.text)
    .text                                    0x08000534   Section       48  cdrcmple.o(.text)
    .text                                    0x08000564   Section        0  d2f.o(.text)
    .text                                    0x0800059c   Section        0  uidiv.o(.text)
    .text                                    0x080005c8   Section        0  uldiv.o(.text)
    .text                                    0x0800062a   Section        0  llshl.o(.text)
    .text                                    0x08000648   Section        0  llushr.o(.text)
    .text                                    0x08000668   Section        0  llsshr.o(.text)
    .text                                    0x0800068c   Section        0  iusefp.o(.text)
    .text                                    0x0800068c   Section        0  fepilogue.o(.text)
    .text                                    0x080006fa   Section        0  depilogue.o(.text)
    .text                                    0x080007b4   Section        0  dfixul.o(.text)
    .text                                    0x080007e4   Section       36  init.o(.text)
    i.BusFault_Handler                       0x08000808   Section        0  stm32f4xx_it.o(i.BusFault_Handler)
    i.DAC_DeInit                             0x0800080c   Section        0  stm32f4xx_dac.o(i.DAC_DeInit)
    i.DebugMon_Handler                       0x08000822   Section        0  stm32f4xx_it.o(i.DebugMon_Handler)
    i.Delay_ms                               0x08000824   Section        0  bsp_timer.o(i.Delay_ms)
    i.GPIO_Configuration                     0x0800083c   Section        0  bsp_gpio.o(i.GPIO_Configuration)
    i.GPIO_Init                              0x080008ec   Section        0  stm32f4xx_gpio.o(i.GPIO_Init)
    i.GPIO_PinAFConfig                       0x0800097c   Section        0  stm32f4xx_gpio.o(i.GPIO_PinAFConfig)
    i.GPIO_ResetBits                         0x080009c2   Section        0  stm32f4xx_gpio.o(i.GPIO_ResetBits)
    i.GPIO_SetBits                           0x080009c6   Section        0  stm32f4xx_gpio.o(i.GPIO_SetBits)
    i.HardFault_Handler                      0x080009ca   Section        0  stm32f4xx_it.o(i.HardFault_Handler)
    i.Init_SysTick                           0x080009ce   Section        0  bsp_timer.o(i.Init_SysTick)
    i.LED_OFF                                0x08000a14   Section        0  bsp_gpio.o(i.LED_OFF)
    i.LED_ON                                 0x08000a50   Section        0  bsp_gpio.o(i.LED_ON)
    i.MemManage_Handler                      0x08000a8c   Section        0  stm32f4xx_it.o(i.MemManage_Handler)
    i.NMI_Handler                            0x08000a90   Section        0  stm32f4xx_it.o(i.NMI_Handler)
    i.NVIC_Init                              0x08000a94   Section        0  misc.o(i.NVIC_Init)
    i.NVIC_PriorityGroupConfig               0x08000b0c   Section        0  misc.o(i.NVIC_PriorityGroupConfig)
    i.NVIC_SetPriority                       0x08000b20   Section        0  bsp_timer.o(i.NVIC_SetPriority)
    NVIC_SetPriority                         0x08000b21   Thumb Code    32  bsp_timer.o(i.NVIC_SetPriority)
    i.PendSV_Handler                         0x08000b48   Section        0  stm32f4xx_it.o(i.PendSV_Handler)
    i.RCC_AHB1PeriphClockCmd                 0x08000b4c   Section        0  stm32f4xx_rcc.o(i.RCC_AHB1PeriphClockCmd)
    i.RCC_APB1PeriphClockCmd                 0x08000b6c   Section        0  stm32f4xx_rcc.o(i.RCC_APB1PeriphClockCmd)
    i.RCC_APB1PeriphResetCmd                 0x08000b8c   Section        0  stm32f4xx_rcc.o(i.RCC_APB1PeriphResetCmd)
    i.RCC_APB2PeriphResetCmd                 0x08000bac   Section        0  stm32f4xx_rcc.o(i.RCC_APB2PeriphResetCmd)
    i.RCC_GetClocksFreq                      0x08000bcc   Section        0  stm32f4xx_rcc.o(i.RCC_GetClocksFreq)
    i.SPI2_CS_Select                         0x08000cb4   Section        0  bsp_spi.o(i.SPI2_CS_Select)
    i.SPI2_Configuration                     0x08000d44   Section        0  bsp_spi.o(i.SPI2_Configuration)
    i.SPI2_ReadWriteByte                     0x08000e70   Section        0  bsp_spi.o(i.SPI2_ReadWriteByte)
    i.SPI_Cmd                                0x08000ebc   Section        0  stm32f4xx_spi.o(i.SPI_Cmd)
    i.SPI_I2S_DeInit                         0x08000ed4   Section        0  stm32f4xx_spi.o(i.SPI_I2S_DeInit)
    i.SPI_I2S_GetFlagStatus                  0x08000f84   Section        0  stm32f4xx_spi.o(i.SPI_I2S_GetFlagStatus)
    i.SPI_I2S_ReceiveData                    0x08000f96   Section        0  stm32f4xx_spi.o(i.SPI_I2S_ReceiveData)
    i.SPI_I2S_SendData                       0x08000f9c   Section        0  stm32f4xx_spi.o(i.SPI_I2S_SendData)
    i.SPI_Init                               0x08000fa0   Section        0  stm32f4xx_spi.o(i.SPI_Init)
    i.SVC_Handler                            0x08000fdc   Section        0  stm32f4xx_it.o(i.SVC_Handler)
    i.SetSysClock                            0x08000fe0   Section        0  system_stm32f4xx.o(i.SetSysClock)
    SetSysClock                              0x08000fe1   Thumb Code   282  system_stm32f4xx.o(i.SetSysClock)
    i.SysTick_Handler                        0x0800110c   Section        0  stm32f4xx_it.o(i.SysTick_Handler)
    i.SystemInit                             0x08001190   Section        0  system_stm32f4xx.o(i.SystemInit)
    i.TIM7_IRQHandler                        0x080011f8   Section        0  stm32f4xx_it.o(i.TIM7_IRQHandler)
    i.Temp_Read                              0x080011fc   Section        0  adt7301.o(i.Temp_Read)
    i.UART7_Configuration                    0x080012a8   Section        0  bsp_uart.o(i.UART7_Configuration)
    i.UART7_IRQHandler                       0x08001380   Section        0  stm32f4xx_it.o(i.UART7_IRQHandler)
    i.USART_ClearFlag                        0x080013fc   Section        0  stm32f4xx_usart.o(i.USART_ClearFlag)
    i.USART_ClearITPendingBit                0x0800140e   Section        0  stm32f4xx_usart.o(i.USART_ClearITPendingBit)
    i.USART_Cmd                              0x0800142c   Section        0  stm32f4xx_usart.o(i.USART_Cmd)
    i.USART_GetFlagStatus                    0x08001444   Section        0  stm32f4xx_usart.o(i.USART_GetFlagStatus)
    i.USART_GetITStatus                      0x0800145e   Section        0  stm32f4xx_usart.o(i.USART_GetITStatus)
    i.USART_ITConfig                         0x080014b2   Section        0  stm32f4xx_usart.o(i.USART_ITConfig)
    i.USART_Init                             0x080014fc   Section        0  stm32f4xx_usart.o(i.USART_Init)
    i.USART_PutChar                          0x080015d0   Section        0  bsp_uart.o(i.USART_PutChar)
    i.USART_ReceiveData                      0x080015f8   Section        0  stm32f4xx_usart.o(i.USART_ReceiveData)
    i.USART_SendData                         0x08001602   Section        0  stm32f4xx_usart.o(i.USART_SendData)
    i.UsageFault_Handler                     0x0800160a   Section        0  stm32f4xx_it.o(i.UsageFault_Handler)
    i.__0printf                              0x08001610   Section        0  printfa.o(i.__0printf)
    i.__scatterload_copy                     0x08001630   Section       14  handlers.o(i.__scatterload_copy)
    i.__scatterload_null                     0x0800163e   Section        2  handlers.o(i.__scatterload_null)
    i.__scatterload_zeroinit                 0x08001640   Section       14  handlers.o(i.__scatterload_zeroinit)
    i._fp_digits                             0x08001650   Section        0  printfa.o(i._fp_digits)
    _fp_digits                               0x08001651   Thumb Code   366  printfa.o(i._fp_digits)
    i._printf_core                           0x080017d4   Section        0  printfa.o(i._printf_core)
    _printf_core                             0x080017d5   Thumb Code  1744  printfa.o(i._printf_core)
    i._printf_post_padding                   0x08001eb0   Section        0  printfa.o(i._printf_post_padding)
    _printf_post_padding                     0x08001eb1   Thumb Code    36  printfa.o(i._printf_post_padding)
    i._printf_pre_padding                    0x08001ed4   Section        0  printfa.o(i._printf_pre_padding)
    _printf_pre_padding                      0x08001ed5   Thumb Code    46  printfa.o(i._printf_pre_padding)
    i.fputc                                  0x08001f04   Section        0  bsp_uart.o(i.fputc)
    i.get_RCCCLOCK                           0x08001f1c   Section        0  bsp_timer.o(i.get_RCCCLOCK)
    i.get_temp                               0x0800203c   Section        0  adt7301.o(i.get_temp)
    i.main                                   0x08002044   Section        0  main.o(i.main)
    .data                                    0x20000000   Section        8  main.o(.data)
    .data                                    0x20000008   Section        6  bsp_uart.o(.data)
    .data                                    0x2000000e   Section       16  stm32f4xx_rcc.o(.data)
    APBAHBPrescTable                         0x2000000e   Data          16  stm32f4xx_rcc.o(.data)
    .data                                    0x20000020   Section        4  stdout.o(.data)
    .bss                                     0x20000024   Section     2464  bsp_uart.o(.bss)
    STACK                                    0x200009c8   Section     2048  startup_stm32f427_437xx.o(STACK)

    Global Symbols

    Symbol Name                              Value     Ov Type        Size  Object(Section)

    BuildAttributes$$THM_ISAv4$E$P$D$K$B$S$7EM$VFPi3$EXTD16$VFPS$VFMA$PE$A:L22UL41UL21$X:L11$S22US41US21$IEEE1$IW$USESV6$~STKCKD$USESV7$~SHL$OTIME$ROPI$IEEEX$EBA8$MICROLIB$REQ8$PRES8$EABIv2 0x00000000   Number         0  anon$$obj.o ABSOLUTE
    __ARM_use_no_argv                        0x00000000   Number         0  main.o ABSOLUTE
    _printf_a                                0x00000000   Number         0  stubs.o ABSOLUTE
    _printf_c                                0x00000000   Number         0  stubs.o ABSOLUTE
    _printf_charcount                        0x00000000   Number         0  stubs.o ABSOLUTE
    _printf_d                                0x00000000   Number         0  stubs.o ABSOLUTE
    _printf_e                                0x00000000   Number         0  stubs.o ABSOLUTE
    _printf_f                                0x00000000   Number         0  stubs.o ABSOLUTE
    _printf_flags                            0x00000000   Number         0  stubs.o ABSOLUTE
    _printf_fp_dec                           0x00000000   Number         0  stubs.o ABSOLUTE
    _printf_fp_hex                           0x00000000   Number         0  stubs.o ABSOLUTE
    _printf_g                                0x00000000   Number         0  stubs.o ABSOLUTE
    _printf_i                                0x00000000   Number         0  stubs.o ABSOLUTE
    _printf_int_dec                          0x00000000   Number         0  stubs.o ABSOLUTE
    _printf_l                                0x00000000   Number         0  stubs.o ABSOLUTE
    _printf_lc                               0x00000000   Number         0  stubs.o ABSOLUTE
    _printf_ll                               0x00000000   Number         0  stubs.o ABSOLUTE
    _printf_lld                              0x00000000   Number         0  stubs.o ABSOLUTE
    _printf_lli                              0x00000000   Number         0  stubs.o ABSOLUTE
    _printf_llo                              0x00000000   Number         0  stubs.o ABSOLUTE
    _printf_llu                              0x00000000   Number         0  stubs.o ABSOLUTE
    _printf_llx                              0x00000000   Number         0  stubs.o ABSOLUTE
    _printf_longlong_dec                     0x00000000   Number         0  stubs.o ABSOLUTE
    _printf_longlong_hex                     0x00000000   Number         0  stubs.o ABSOLUTE
    _printf_longlong_oct                     0x00000000   Number         0  stubs.o ABSOLUTE
    _printf_ls                               0x00000000   Number         0  stubs.o ABSOLUTE
    _printf_mbtowc                           0x00000000   Number         0  stubs.o ABSOLUTE
    _printf_n                                0x00000000   Number         0  stubs.o ABSOLUTE
    _printf_o                                0x00000000   Number         0  stubs.o ABSOLUTE
    _printf_p                                0x00000000   Number         0  stubs.o ABSOLUTE
    _printf_percent                          0x00000000   Number         0  stubs.o ABSOLUTE
    _printf_pre_padding                      0x00000000   Number         0  stubs.o ABSOLUTE
    _printf_return_value                     0x00000000   Number         0  stubs.o ABSOLUTE
    _printf_s                                0x00000000   Number         0  stubs.o ABSOLUTE
    _printf_sizespec                         0x00000000   Number         0  stubs.o ABSOLUTE
    _printf_str                              0x00000000   Number         0  stubs.o ABSOLUTE
    _printf_truncate_signed                  0x00000000   Number         0  stubs.o ABSOLUTE
    _printf_truncate_unsigned                0x00000000   Number         0  stubs.o ABSOLUTE
    _printf_u                                0x00000000   Number         0  stubs.o ABSOLUTE
    _printf_wc                               0x00000000   Number         0  stubs.o ABSOLUTE
    _printf_wctomb                           0x00000000   Number         0  stubs.o ABSOLUTE
    _printf_widthprec                        0x00000000   Number         0  stubs.o ABSOLUTE
    _printf_x                                0x00000000   Number         0  stubs.o ABSOLUTE
    __cpp_initialize__aeabi_                  - Undefined Weak Reference
    __cxa_finalize                            - Undefined Weak Reference
    __decompress                              - Undefined Weak Reference
    _clock_init                               - Undefined Weak Reference
    _microlib_exit                            - Undefined Weak Reference
    __Vectors_Size                           0x000001ac   Number         0  startup_stm32f427_437xx.o ABSOLUTE
    __Vectors                                0x08000000   Data           4  startup_stm32f427_437xx.o(RESET)
    __Vectors_End                            0x080001ac   Data           0  startup_stm32f427_437xx.o(RESET)
    __main                                   0x080001ad   Thumb Code     0  entry.o(.ARM.Collect$$$$00000000)
    _main_stk                                0x080001ad   Thumb Code     0  entry2.o(.ARM.Collect$$$$00000001)
    _main_scatterload                        0x080001b1   Thumb Code     0  entry5.o(.ARM.Collect$$$$00000004)
    __main_after_scatterload                 0x080001b5   Thumb Code     0  entry5.o(.ARM.Collect$$$$00000004)
    _main_clock                              0x080001b5   Thumb Code     0  entry7b.o(.ARM.Collect$$$$00000008)
    _main_cpp_init                           0x080001b5   Thumb Code     0  entry8b.o(.ARM.Collect$$$$0000000A)
    _main_init                               0x080001b5   Thumb Code     0  entry9a.o(.ARM.Collect$$$$0000000B)
    __rt_final_cpp                           0x080001bd   Thumb Code     0  entry10a.o(.ARM.Collect$$$$0000000D)
    __rt_final_exit                          0x080001bd   Thumb Code     0  entry11a.o(.ARM.Collect$$$$0000000F)
    Reset_Handler                            0x080001c1   Thumb Code     8  startup_stm32f427_437xx.o(.text)
    ADC_IRQHandler                           0x080001db   Thumb Code     0  startup_stm32f427_437xx.o(.text)
    CAN1_RX0_IRQHandler                      0x080001db   Thumb Code     0  startup_stm32f427_437xx.o(.text)
    CAN1_RX1_IRQHandler                      0x080001db   Thumb Code     0  startup_stm32f427_437xx.o(.text)
    CAN1_SCE_IRQHandler                      0x080001db   Thumb Code     0  startup_stm32f427_437xx.o(.text)
    CAN1_TX_IRQHandler                       0x080001db   Thumb Code     0  startup_stm32f427_437xx.o(.text)
    CAN2_RX0_IRQHandler                      0x080001db   Thumb Code     0  startup_stm32f427_437xx.o(.text)
    CAN2_RX1_IRQHandler                      0x080001db   Thumb Code     0  startup_stm32f427_437xx.o(.text)
    CAN2_SCE_IRQHandler                      0x080001db   Thumb Code     0  startup_stm32f427_437xx.o(.text)
    CAN2_TX_IRQHandler                       0x080001db   Thumb Code     0  startup_stm32f427_437xx.o(.text)
    CRYP_IRQHandler                          0x080001db   Thumb Code     0  startup_stm32f427_437xx.o(.text)
    DCMI_IRQHandler                          0x080001db   Thumb Code     0  startup_stm32f427_437xx.o(.text)
    DMA1_Stream0_IRQHandler                  0x080001db   Thumb Code     0  startup_stm32f427_437xx.o(.text)
    DMA1_Stream1_IRQHandler                  0x080001db   Thumb Code     0  startup_stm32f427_437xx.o(.text)
    DMA1_Stream2_IRQHandler                  0x080001db   Thumb Code     0  startup_stm32f427_437xx.o(.text)
    DMA1_Stream3_IRQHandler                  0x080001db   Thumb Code     0  startup_stm32f427_437xx.o(.text)
    DMA1_Stream4_IRQHandler                  0x080001db   Thumb Code     0  startup_stm32f427_437xx.o(.text)
    DMA1_Stream5_IRQHandler                  0x080001db   Thumb Code     0  startup_stm32f427_437xx.o(.text)
    DMA1_Stream6_IRQHandler                  0x080001db   Thumb Code     0  startup_stm32f427_437xx.o(.text)
    DMA1_Stream7_IRQHandler                  0x080001db   Thumb Code     0  startup_stm32f427_437xx.o(.text)
    DMA2D_IRQHandler                         0x080001db   Thumb Code     0  startup_stm32f427_437xx.o(.text)
    DMA2_Stream0_IRQHandler                  0x080001db   Thumb Code     0  startup_stm32f427_437xx.o(.text)
    DMA2_Stream1_IRQHandler                  0x080001db   Thumb Code     0  startup_stm32f427_437xx.o(.text)
    DMA2_Stream2_IRQHandler                  0x080001db   Thumb Code     0  startup_stm32f427_437xx.o(.text)
    DMA2_Stream3_IRQHandler                  0x080001db   Thumb Code     0  startup_stm32f427_437xx.o(.text)
    DMA2_Stream4_IRQHandler                  0x080001db   Thumb Code     0  startup_stm32f427_437xx.o(.text)
    DMA2_Stream5_IRQHandler                  0x080001db   Thumb Code     0  startup_stm32f427_437xx.o(.text)
    DMA2_Stream6_IRQHandler                  0x080001db   Thumb Code     0  startup_stm32f427_437xx.o(.text)
    DMA2_Stream7_IRQHandler                  0x080001db   Thumb Code     0  startup_stm32f427_437xx.o(.text)
    ETH_IRQHandler                           0x080001db   Thumb Code     0  startup_stm32f427_437xx.o(.text)
    ETH_WKUP_IRQHandler                      0x080001db   Thumb Code     0  startup_stm32f427_437xx.o(.text)
    EXTI0_IRQHandler                         0x080001db   Thumb Code     0  startup_stm32f427_437xx.o(.text)
    EXTI15_10_IRQHandler                     0x080001db   Thumb Code     0  startup_stm32f427_437xx.o(.text)
    EXTI1_IRQHandler                         0x080001db   Thumb Code     0  startup_stm32f427_437xx.o(.text)
    EXTI2_IRQHandler                         0x080001db   Thumb Code     0  startup_stm32f427_437xx.o(.text)
    EXTI3_IRQHandler                         0x080001db   Thumb Code     0  startup_stm32f427_437xx.o(.text)
    EXTI4_IRQHandler                         0x080001db   Thumb Code     0  startup_stm32f427_437xx.o(.text)
    EXTI9_5_IRQHandler                       0x080001db   Thumb Code     0  startup_stm32f427_437xx.o(.text)
    FLASH_IRQHandler                         0x080001db   Thumb Code     0  startup_stm32f427_437xx.o(.text)
    FMC_IRQHandler                           0x080001db   Thumb Code     0  startup_stm32f427_437xx.o(.text)
    FPU_IRQHandler                           0x080001db   Thumb Code     0  startup_stm32f427_437xx.o(.text)
    HASH_RNG_IRQHandler                      0x080001db   Thumb Code     0  startup_stm32f427_437xx.o(.text)
    I2C1_ER_IRQHandler                       0x080001db   Thumb Code     0  startup_stm32f427_437xx.o(.text)
    I2C1_EV_IRQHandler                       0x080001db   Thumb Code     0  startup_stm32f427_437xx.o(.text)
    I2C2_ER_IRQHandler                       0x080001db   Thumb Code     0  startup_stm32f427_437xx.o(.text)
    I2C2_EV_IRQHandler                       0x080001db   Thumb Code     0  startup_stm32f427_437xx.o(.text)
    I2C3_ER_IRQHandler                       0x080001db   Thumb Code     0  startup_stm32f427_437xx.o(.text)
    I2C3_EV_IRQHandler                       0x080001db   Thumb Code     0  startup_stm32f427_437xx.o(.text)
    OTG_FS_IRQHandler                        0x080001db   Thumb Code     0  startup_stm32f427_437xx.o(.text)
    OTG_FS_WKUP_IRQHandler                   0x080001db   Thumb Code     0  startup_stm32f427_437xx.o(.text)
    OTG_HS_EP1_IN_IRQHandler                 0x080001db   Thumb Code     0  startup_stm32f427_437xx.o(.text)
    OTG_HS_EP1_OUT_IRQHandler                0x080001db   Thumb Code     0  startup_stm32f427_437xx.o(.text)
    OTG_HS_IRQHandler                        0x080001db   Thumb Code     0  startup_stm32f427_437xx.o(.text)
    OTG_HS_WKUP_IRQHandler                   0x080001db   Thumb Code     0  startup_stm32f427_437xx.o(.text)
    PVD_IRQHandler                           0x080001db   Thumb Code     0  startup_stm32f427_437xx.o(.text)
    RCC_IRQHandler                           0x080001db   Thumb Code     0  startup_stm32f427_437xx.o(.text)
    RTC_Alarm_IRQHandler                     0x080001db   Thumb Code     0  startup_stm32f427_437xx.o(.text)
    RTC_WKUP_IRQHandler                      0x080001db   Thumb Code     0  startup_stm32f427_437xx.o(.text)
    SAI1_IRQHandler                          0x080001db   Thumb Code     0  startup_stm32f427_437xx.o(.text)
    SDIO_IRQHandler                          0x080001db   Thumb Code     0  startup_stm32f427_437xx.o(.text)
    SPI1_IRQHandler                          0x080001db   Thumb Code     0  startup_stm32f427_437xx.o(.text)
    SPI2_IRQHandler                          0x080001db   Thumb Code     0  startup_stm32f427_437xx.o(.text)
    SPI3_IRQHandler                          0x080001db   Thumb Code     0  startup_stm32f427_437xx.o(.text)
    SPI4_IRQHandler                          0x080001db   Thumb Code     0  startup_stm32f427_437xx.o(.text)
    SPI5_IRQHandler                          0x080001db   Thumb Code     0  startup_stm32f427_437xx.o(.text)
    SPI6_IRQHandler                          0x080001db   Thumb Code     0  startup_stm32f427_437xx.o(.text)
    TAMP_STAMP_IRQHandler                    0x080001db   Thumb Code     0  startup_stm32f427_437xx.o(.text)
    TIM1_BRK_TIM9_IRQHandler                 0x080001db   Thumb Code     0  startup_stm32f427_437xx.o(.text)
    TIM1_CC_IRQHandler                       0x080001db   Thumb Code     0  startup_stm32f427_437xx.o(.text)
    TIM1_TRG_COM_TIM11_IRQHandler            0x080001db   Thumb Code     0  startup_stm32f427_437xx.o(.text)
    TIM1_UP_TIM10_IRQHandler                 0x080001db   Thumb Code     0  startup_stm32f427_437xx.o(.text)
    TIM2_IRQHandler                          0x080001db   Thumb Code     0  startup_stm32f427_437xx.o(.text)
    TIM3_IRQHandler                          0x080001db   Thumb Code     0  startup_stm32f427_437xx.o(.text)
    TIM4_IRQHandler                          0x080001db   Thumb Code     0  startup_stm32f427_437xx.o(.text)
    TIM5_IRQHandler                          0x080001db   Thumb Code     0  startup_stm32f427_437xx.o(.text)
    TIM6_DAC_IRQHandler                      0x080001db   Thumb Code     0  startup_stm32f427_437xx.o(.text)
    TIM8_BRK_TIM12_IRQHandler                0x080001db   Thumb Code     0  startup_stm32f427_437xx.o(.text)
    TIM8_CC_IRQHandler                       0x080001db   Thumb Code     0  startup_stm32f427_437xx.o(.text)
    TIM8_TRG_COM_TIM14_IRQHandler            0x080001db   Thumb Code     0  startup_stm32f427_437xx.o(.text)
    TIM8_UP_TIM13_IRQHandler                 0x080001db   Thumb Code     0  startup_stm32f427_437xx.o(.text)
    UART4_IRQHandler                         0x080001db   Thumb Code     0  startup_stm32f427_437xx.o(.text)
    UART5_IRQHandler                         0x080001db   Thumb Code     0  startup_stm32f427_437xx.o(.text)
    UART8_IRQHandler                         0x080001db   Thumb Code     0  startup_stm32f427_437xx.o(.text)
    USART1_IRQHandler                        0x080001db   Thumb Code     0  startup_stm32f427_437xx.o(.text)
    USART2_IRQHandler                        0x080001db   Thumb Code     0  startup_stm32f427_437xx.o(.text)
    USART3_IRQHandler                        0x080001db   Thumb Code     0  startup_stm32f427_437xx.o(.text)
    USART6_IRQHandler                        0x080001db   Thumb Code     0  startup_stm32f427_437xx.o(.text)
    WWDG_IRQHandler                          0x080001db   Thumb Code     0  startup_stm32f427_437xx.o(.text)
    __aeabi_dadd                             0x080001e5   Thumb Code   322  dadd.o(.text)
    __aeabi_dsub                             0x08000327   Thumb Code     6  dadd.o(.text)
    __aeabi_drsub                            0x0800032d   Thumb Code     6  dadd.o(.text)
    __aeabi_dmul                             0x08000333   Thumb Code   228  dmul.o(.text)
    __aeabi_ddiv                             0x08000417   Thumb Code   222  ddiv.o(.text)
    __aeabi_ui2d                             0x080004f5   Thumb Code    26  dfltui.o(.text)
    __aeabi_f2d                              0x0800050f   Thumb Code    38  f2d.o(.text)
    __aeabi_cdrcmple                         0x08000535   Thumb Code    48  cdrcmple.o(.text)
    __aeabi_d2f                              0x08000565   Thumb Code    56  d2f.o(.text)
    __aeabi_uidiv                            0x0800059d   Thumb Code     0  uidiv.o(.text)
    __aeabi_uidivmod                         0x0800059d   Thumb Code    44  uidiv.o(.text)
    __aeabi_uldivmod                         0x080005c9   Thumb Code    98  uldiv.o(.text)
    __aeabi_llsl                             0x0800062b   Thumb Code    30  llshl.o(.text)
    _ll_shift_l                              0x0800062b   Thumb Code     0  llshl.o(.text)
    __aeabi_llsr                             0x08000649   Thumb Code    32  llushr.o(.text)
    _ll_ushift_r                             0x08000649   Thumb Code     0  llushr.o(.text)
    __aeabi_lasr                             0x08000669   Thumb Code    36  llsshr.o(.text)
    _ll_sshift_r                             0x08000669   Thumb Code     0  llsshr.o(.text)
    __I$use$fp                               0x0800068d   Thumb Code     0  iusefp.o(.text)
    _float_round                             0x0800068d   Thumb Code    18  fepilogue.o(.text)
    _float_epilogue                          0x0800069f   Thumb Code    92  fepilogue.o(.text)
    _double_round                            0x080006fb   Thumb Code    30  depilogue.o(.text)
    _double_epilogue                         0x08000719   Thumb Code   156  depilogue.o(.text)
    __aeabi_d2ulz                            0x080007b5   Thumb Code    48  dfixul.o(.text)
    __scatterload                            0x080007e5   Thumb Code    28  init.o(.text)
    __scatterload_rt2                        0x080007e5   Thumb Code     0  init.o(.text)
    BusFault_Handler                         0x08000809   Thumb Code     4  stm32f4xx_it.o(i.BusFault_Handler)
    DAC_DeInit                               0x0800080d   Thumb Code    22  stm32f4xx_dac.o(i.DAC_DeInit)
    DebugMon_Handler                         0x08000823   Thumb Code     2  stm32f4xx_it.o(i.DebugMon_Handler)
    Delay_ms                                 0x08000825   Thumb Code    20  bsp_timer.o(i.Delay_ms)
    GPIO_Configuration                       0x0800083d   Thumb Code   162  bsp_gpio.o(i.GPIO_Configuration)
    GPIO_Init                                0x080008ed   Thumb Code   144  stm32f4xx_gpio.o(i.GPIO_Init)
    GPIO_PinAFConfig                         0x0800097d   Thumb Code    70  stm32f4xx_gpio.o(i.GPIO_PinAFConfig)
    GPIO_ResetBits                           0x080009c3   Thumb Code     4  stm32f4xx_gpio.o(i.GPIO_ResetBits)
    GPIO_SetBits                             0x080009c7   Thumb Code     4  stm32f4xx_gpio.o(i.GPIO_SetBits)
    HardFault_Handler                        0x080009cb   Thumb Code     4  stm32f4xx_it.o(i.HardFault_Handler)
    Init_SysTick                             0x080009cf   Thumb Code    70  bsp_timer.o(i.Init_SysTick)
    LED_OFF                                  0x08000a15   Thumb Code    52  bsp_gpio.o(i.LED_OFF)
    LED_ON                                   0x08000a51   Thumb Code    52  bsp_gpio.o(i.LED_ON)
    MemManage_Handler                        0x08000a8d   Thumb Code     4  stm32f4xx_it.o(i.MemManage_Handler)
    NMI_Handler                              0x08000a91   Thumb Code     2  stm32f4xx_it.o(i.NMI_Handler)
    NVIC_Init                                0x08000a95   Thumb Code   106  misc.o(i.NVIC_Init)
    NVIC_PriorityGroupConfig                 0x08000b0d   Thumb Code    10  misc.o(i.NVIC_PriorityGroupConfig)
    PendSV_Handler                           0x08000b49   Thumb Code     2  stm32f4xx_it.o(i.PendSV_Handler)
    RCC_AHB1PeriphClockCmd                   0x08000b4d   Thumb Code    26  stm32f4xx_rcc.o(i.RCC_AHB1PeriphClockCmd)
    RCC_APB1PeriphClockCmd                   0x08000b6d   Thumb Code    26  stm32f4xx_rcc.o(i.RCC_APB1PeriphClockCmd)
    RCC_APB1PeriphResetCmd                   0x08000b8d   Thumb Code    26  stm32f4xx_rcc.o(i.RCC_APB1PeriphResetCmd)
    RCC_APB2PeriphResetCmd                   0x08000bad   Thumb Code    26  stm32f4xx_rcc.o(i.RCC_APB2PeriphResetCmd)
    RCC_GetClocksFreq                        0x08000bcd   Thumb Code   214  stm32f4xx_rcc.o(i.RCC_GetClocksFreq)
    SPI2_CS_Select                           0x08000cb5   Thumb Code   136  bsp_spi.o(i.SPI2_CS_Select)
    SPI2_Configuration                       0x08000d45   Thumb Code   284  bsp_spi.o(i.SPI2_Configuration)
    SPI2_ReadWriteByte                       0x08000e71   Thumb Code    70  bsp_spi.o(i.SPI2_ReadWriteByte)
    SPI_Cmd                                  0x08000ebd   Thumb Code    24  stm32f4xx_spi.o(i.SPI_Cmd)
    SPI_I2S_DeInit                           0x08000ed5   Thumb Code   152  stm32f4xx_spi.o(i.SPI_I2S_DeInit)
    SPI_I2S_GetFlagStatus                    0x08000f85   Thumb Code    18  stm32f4xx_spi.o(i.SPI_I2S_GetFlagStatus)
    SPI_I2S_ReceiveData                      0x08000f97   Thumb Code     6  stm32f4xx_spi.o(i.SPI_I2S_ReceiveData)
    SPI_I2S_SendData                         0x08000f9d   Thumb Code     4  stm32f4xx_spi.o(i.SPI_I2S_SendData)
    SPI_Init                                 0x08000fa1   Thumb Code    60  stm32f4xx_spi.o(i.SPI_Init)
    SVC_Handler                              0x08000fdd   Thumb Code     2  stm32f4xx_it.o(i.SVC_Handler)
    SysTick_Handler                          0x0800110d   Thumb Code   124  stm32f4xx_it.o(i.SysTick_Handler)
    SystemInit                               0x08001191   Thumb Code    88  system_stm32f4xx.o(i.SystemInit)
    TIM7_IRQHandler                          0x080011f9   Thumb Code     2  stm32f4xx_it.o(i.TIM7_IRQHandler)
    Temp_Read                                0x080011fd   Thumb Code   140  adt7301.o(i.Temp_Read)
    UART7_Configuration                      0x080012a9   Thumb Code   206  bsp_uart.o(i.UART7_Configuration)
    UART7_IRQHandler                         0x08001381   Thumb Code   106  stm32f4xx_it.o(i.UART7_IRQHandler)
    USART_ClearFlag                          0x080013fd   Thumb Code    18  stm32f4xx_usart.o(i.USART_ClearFlag)
    USART_ClearITPendingBit                  0x0800140f   Thumb Code    30  stm32f4xx_usart.o(i.USART_ClearITPendingBit)
    USART_Cmd                                0x0800142d   Thumb Code    24  stm32f4xx_usart.o(i.USART_Cmd)
    USART_GetFlagStatus                      0x08001445   Thumb Code    26  stm32f4xx_usart.o(i.USART_GetFlagStatus)
    USART_GetITStatus                        0x0800145f   Thumb Code    84  stm32f4xx_usart.o(i.USART_GetITStatus)
    USART_ITConfig                           0x080014b3   Thumb Code    74  stm32f4xx_usart.o(i.USART_ITConfig)
    USART_Init                               0x080014fd   Thumb Code   204  stm32f4xx_usart.o(i.USART_Init)
    USART_PutChar                            0x080015d1   Thumb Code    40  bsp_uart.o(i.USART_PutChar)
    USART_ReceiveData                        0x080015f9   Thumb Code    10  stm32f4xx_usart.o(i.USART_ReceiveData)
    USART_SendData                           0x08001603   Thumb Code     8  stm32f4xx_usart.o(i.USART_SendData)
    UsageFault_Handler                       0x0800160b   Thumb Code     4  stm32f4xx_it.o(i.UsageFault_Handler)
    __0printf                                0x08001611   Thumb Code    22  printfa.o(i.__0printf)
    __1printf                                0x08001611   Thumb Code     0  printfa.o(i.__0printf)
    __2printf                                0x08001611   Thumb Code     0  printfa.o(i.__0printf)
    __c89printf                              0x08001611   Thumb Code     0  printfa.o(i.__0printf)
    printf                                   0x08001611   Thumb Code     0  printfa.o(i.__0printf)
    __scatterload_copy                       0x08001631   Thumb Code    14  handlers.o(i.__scatterload_copy)
    __scatterload_null                       0x0800163f   Thumb Code     2  handlers.o(i.__scatterload_null)
    __scatterload_zeroinit                   0x08001641   Thumb Code    14  handlers.o(i.__scatterload_zeroinit)
    fputc                                    0x08001f05   Thumb Code    18  bsp_uart.o(i.fputc)
    get_RCCCLOCK                             0x08001f1d   Thumb Code   166  bsp_timer.o(i.get_RCCCLOCK)
    get_temp                                 0x0800203d   Thumb Code     8  adt7301.o(i.get_temp)
    main                                     0x08002045   Thumb Code   150  main.o(i.main)
    Region$$Table$$Base                      0x08002138   Number         0  anon$$obj.o(Region$$Table)
    Region$$Table$$Limit                     0x08002158   Number         0  anon$$obj.o(Region$$Table)
    SysTick_Count                            0x20000000   Data           4  main.o(.data)
    TimingDelay                              0x20000004   Data           4  main.o(.data)
    Uart1Flag                                0x20000008   Data           1  bsp_uart.o(.data)
    Uart2Flag                                0x20000009   Data           1  bsp_uart.o(.data)
    Uart3Flag                                0x2000000a   Data           1  bsp_uart.o(.data)
    Uart7Flag                                0x2000000b   Data           1  bsp_uart.o(.data)
    uart7_rx_len                             0x2000000c   Data           2  bsp_uart.o(.data)
    __stdout                                 0x20000020   Data           4  stdout.o(.data)
    uart1_rbuf                               0x20000024   Data        1032  bsp_uart.o(.bss)
    uart2_rbuf                               0x2000042c   Data        1032  bsp_uart.o(.bss)
    uart3_rbuf                               0x20000834   Data         136  bsp_uart.o(.bss)
    uart7_rbuf                               0x200008bc   Data         264  bsp_uart.o(.bss)
    __initial_sp                             0x200011c8   Data           0  startup_stm32f427_437xx.o(STACK)



==============================================================================

Memory Map of the image

  Image Entry point : 0x080001ad

  Load Region LR_IROM1 (Base: 0x08000000, Size: 0x0000217c, Max: 0x00200000, ABSOLUTE)

    Execution Region ER_IROM1 (Exec base: 0x08000000, Load base: 0x08000000, Size: 0x00002158, Max: 0x00200000, ABSOLUTE)

    Exec Addr    Load Addr    Size         Type   Attr      Idx    E Section Name        Object

    0x08000000   0x08000000   0x000001ac   Data   RO         5795    RESET               startup_stm32f427_437xx.o
    0x080001ac   0x080001ac   0x00000000   Code   RO         5812  * .ARM.Collect$$$$00000000  mc_w.l(entry.o)
    0x080001ac   0x080001ac   0x00000004   Code   RO         6126    .ARM.Collect$$$$00000001  mc_w.l(entry2.o)
    0x080001b0   0x080001b0   0x00000004   Code   RO         6129    .ARM.Collect$$$$00000004  mc_w.l(entry5.o)
    0x080001b4   0x080001b4   0x00000000   Code   RO         6131    .ARM.Collect$$$$00000008  mc_w.l(entry7b.o)
    0x080001b4   0x080001b4   0x00000000   Code   RO         6133    .ARM.Collect$$$$0000000A  mc_w.l(entry8b.o)
    0x080001b4   0x080001b4   0x00000008   Code   RO         6134    .ARM.Collect$$$$0000000B  mc_w.l(entry9a.o)
    0x080001bc   0x080001bc   0x00000000   Code   RO         6136    .ARM.Collect$$$$0000000D  mc_w.l(entry10a.o)
    0x080001bc   0x080001bc   0x00000000   Code   RO         6138    .ARM.Collect$$$$0000000F  mc_w.l(entry11a.o)
    0x080001bc   0x080001bc   0x00000004   Code   RO         6127    .ARM.Collect$$$$00002712  mc_w.l(entry2.o)
    0x080001c0   0x080001c0   0x00000024   Code   RO         5796    .text               startup_stm32f427_437xx.o
    0x080001e4   0x080001e4   0x0000014e   Code   RO         6082    .text               mf_w.l(dadd.o)
    0x08000332   0x08000332   0x000000e4   Code   RO         6084    .text               mf_w.l(dmul.o)
    0x08000416   0x08000416   0x000000de   Code   RO         6086    .text               mf_w.l(ddiv.o)
    0x080004f4   0x080004f4   0x0000001a   Code   RO         6088    .text               mf_w.l(dfltui.o)
    0x0800050e   0x0800050e   0x00000026   Code   RO         6092    .text               mf_w.l(f2d.o)
    0x08000534   0x08000534   0x00000030   Code   RO         6094    .text               mf_w.l(cdrcmple.o)
    0x08000564   0x08000564   0x00000038   Code   RO         6096    .text               mf_w.l(d2f.o)
    0x0800059c   0x0800059c   0x0000002c   Code   RO         6141    .text               mc_w.l(uidiv.o)
    0x080005c8   0x080005c8   0x00000062   Code   RO         6143    .text               mc_w.l(uldiv.o)
    0x0800062a   0x0800062a   0x0000001e   Code   RO         6145    .text               mc_w.l(llshl.o)
    0x08000648   0x08000648   0x00000020   Code   RO         6147    .text               mc_w.l(llushr.o)
    0x08000668   0x08000668   0x00000024   Code   RO         6149    .text               mc_w.l(llsshr.o)
    0x0800068c   0x0800068c   0x00000000   Code   RO         6158    .text               mc_w.l(iusefp.o)
    0x0800068c   0x0800068c   0x0000006e   Code   RO         6159    .text               mf_w.l(fepilogue.o)
    0x080006fa   0x080006fa   0x000000ba   Code   RO         6161    .text               mf_w.l(depilogue.o)
    0x080007b4   0x080007b4   0x00000030   Code   RO         6165    .text               mf_w.l(dfixul.o)
    0x080007e4   0x080007e4   0x00000024   Code   RO         6177    .text               mc_w.l(init.o)
    0x08000808   0x08000808   0x00000004   Code   RO          189    i.BusFault_Handler  stm32f4xx_it.o
    0x0800080c   0x0800080c   0x00000016   Code   RO         1476    i.DAC_DeInit        stm32f4xx_dac.o
    0x08000822   0x08000822   0x00000002   Code   RO          190    i.DebugMon_Handler  stm32f4xx_it.o
    0x08000824   0x08000824   0x00000018   Code   RO          382    i.Delay_ms          bsp_timer.o
    0x0800083c   0x0800083c   0x000000b0   Code   RO          433    i.GPIO_Configuration  bsp_gpio.o
    0x080008ec   0x080008ec   0x00000090   Code   RO         2616    i.GPIO_Init         stm32f4xx_gpio.o
    0x0800097c   0x0800097c   0x00000046   Code   RO         2617    i.GPIO_PinAFConfig  stm32f4xx_gpio.o
    0x080009c2   0x080009c2   0x00000004   Code   RO         2623    i.GPIO_ResetBits    stm32f4xx_gpio.o
    0x080009c6   0x080009c6   0x00000004   Code   RO         2624    i.GPIO_SetBits      stm32f4xx_gpio.o
    0x080009ca   0x080009ca   0x00000004   Code   RO          191    i.HardFault_Handler  stm32f4xx_it.o
    0x080009ce   0x080009ce   0x00000046   Code   RO          383    i.Init_SysTick      bsp_timer.o
    0x08000a14   0x08000a14   0x0000003c   Code   RO          434    i.LED_OFF           bsp_gpio.o
    0x08000a50   0x08000a50   0x0000003c   Code   RO          435    i.LED_ON            bsp_gpio.o
    0x08000a8c   0x08000a8c   0x00000004   Code   RO          192    i.MemManage_Handler  stm32f4xx_it.o
    0x08000a90   0x08000a90   0x00000002   Code   RO          193    i.NMI_Handler       stm32f4xx_it.o
    0x08000a92   0x08000a92   0x00000002   PAD
    0x08000a94   0x08000a94   0x00000078   Code   RO          696    i.NVIC_Init         misc.o
    0x08000b0c   0x08000b0c   0x00000014   Code   RO          697    i.NVIC_PriorityGroupConfig  misc.o
    0x08000b20   0x08000b20   0x00000028   Code   RO          384    i.NVIC_SetPriority  bsp_timer.o
    0x08000b48   0x08000b48   0x00000002   Code   RO          194    i.PendSV_Handler    stm32f4xx_it.o
    0x08000b4a   0x08000b4a   0x00000002   PAD
    0x08000b4c   0x08000b4c   0x00000020   Code   RO         3554    i.RCC_AHB1PeriphClockCmd  stm32f4xx_rcc.o
    0x08000b6c   0x08000b6c   0x00000020   Code   RO         3563    i.RCC_APB1PeriphClockCmd  stm32f4xx_rcc.o
    0x08000b8c   0x08000b8c   0x00000020   Code   RO         3565    i.RCC_APB1PeriphResetCmd  stm32f4xx_rcc.o
    0x08000bac   0x08000bac   0x00000020   Code   RO         3568    i.RCC_APB2PeriphResetCmd  stm32f4xx_rcc.o
    0x08000bcc   0x08000bcc   0x000000e8   Code   RO         3575    i.RCC_GetClocksFreq  stm32f4xx_rcc.o
    0x08000cb4   0x08000cb4   0x00000090   Code   RO          596    i.SPI2_CS_Select    bsp_spi.o
    0x08000d44   0x08000d44   0x0000012c   Code   RO          597    i.SPI2_Configuration  bsp_spi.o
    0x08000e70   0x08000e70   0x0000004c   Code   RO          598    i.SPI2_ReadWriteByte  bsp_spi.o
    0x08000ebc   0x08000ebc   0x00000018   Code   RO         4709    i.SPI_Cmd           stm32f4xx_spi.o
    0x08000ed4   0x08000ed4   0x000000b0   Code   RO         4716    i.SPI_I2S_DeInit    stm32f4xx_spi.o
    0x08000f84   0x08000f84   0x00000012   Code   RO         4717    i.SPI_I2S_GetFlagStatus  stm32f4xx_spi.o
    0x08000f96   0x08000f96   0x00000006   Code   RO         4720    i.SPI_I2S_ReceiveData  stm32f4xx_spi.o
    0x08000f9c   0x08000f9c   0x00000004   Code   RO         4721    i.SPI_I2S_SendData  stm32f4xx_spi.o
    0x08000fa0   0x08000fa0   0x0000003c   Code   RO         4722    i.SPI_Init          stm32f4xx_spi.o
    0x08000fdc   0x08000fdc   0x00000002   Code   RO          195    i.SVC_Handler       stm32f4xx_it.o
    0x08000fde   0x08000fde   0x00000002   PAD
    0x08000fe0   0x08000fe0   0x0000012c   Code   RO         5755    i.SetSysClock       system_stm32f4xx.o
    0x0800110c   0x0800110c   0x00000084   Code   RO          196    i.SysTick_Handler   stm32f4xx_it.o
    0x08001190   0x08001190   0x00000068   Code   RO         5757    i.SystemInit        system_stm32f4xx.o
    0x080011f8   0x080011f8   0x00000002   Code   RO          197    i.TIM7_IRQHandler   stm32f4xx_it.o
    0x080011fa   0x080011fa   0x00000002   PAD
    0x080011fc   0x080011fc   0x000000ac   Code   RO          277    i.Temp_Read         adt7301.o
    0x080012a8   0x080012a8   0x000000d8   Code   RO          469    i.UART7_Configuration  bsp_uart.o
    0x08001380   0x08001380   0x0000007c   Code   RO          198    i.UART7_IRQHandler  stm32f4xx_it.o
    0x080013fc   0x080013fc   0x00000012   Code   RO         5497    i.USART_ClearFlag   stm32f4xx_usart.o
    0x0800140e   0x0800140e   0x0000001e   Code   RO         5498    i.USART_ClearITPendingBit  stm32f4xx_usart.o
    0x0800142c   0x0800142c   0x00000018   Code   RO         5501    i.USART_Cmd         stm32f4xx_usart.o
    0x08001444   0x08001444   0x0000001a   Code   RO         5504    i.USART_GetFlagStatus  stm32f4xx_usart.o
    0x0800145e   0x0800145e   0x00000054   Code   RO         5505    i.USART_GetITStatus  stm32f4xx_usart.o
    0x080014b2   0x080014b2   0x0000004a   Code   RO         5507    i.USART_ITConfig    stm32f4xx_usart.o
    0x080014fc   0x080014fc   0x000000d4   Code   RO         5508    i.USART_Init        stm32f4xx_usart.o
    0x080015d0   0x080015d0   0x00000028   Code   RO          482    i.USART_PutChar     bsp_uart.o
    0x080015f8   0x080015f8   0x0000000a   Code   RO         5515    i.USART_ReceiveData  stm32f4xx_usart.o
    0x08001602   0x08001602   0x00000008   Code   RO         5518    i.USART_SendData    stm32f4xx_usart.o
    0x0800160a   0x0800160a   0x00000004   Code   RO          199    i.UsageFault_Handler  stm32f4xx_it.o
    0x0800160e   0x0800160e   0x00000002   PAD
    0x08001610   0x08001610   0x00000020   Code   RO         6054    i.__0printf         mc_w.l(printfa.o)
    0x08001630   0x08001630   0x0000000e   Code   RO         6185    i.__scatterload_copy  mc_w.l(handlers.o)
    0x0800163e   0x0800163e   0x00000002   Code   RO         6186    i.__scatterload_null  mc_w.l(handlers.o)
    0x08001640   0x08001640   0x0000000e   Code   RO         6187    i.__scatterload_zeroinit  mc_w.l(handlers.o)
    0x0800164e   0x0800164e   0x00000002   PAD
    0x08001650   0x08001650   0x00000184   Code   RO         6061    i._fp_digits        mc_w.l(printfa.o)
    0x080017d4   0x080017d4   0x000006dc   Code   RO         6062    i._printf_core      mc_w.l(printfa.o)
    0x08001eb0   0x08001eb0   0x00000024   Code   RO         6063    i._printf_post_padding  mc_w.l(printfa.o)
    0x08001ed4   0x08001ed4   0x0000002e   Code   RO         6064    i._printf_pre_padding  mc_w.l(printfa.o)
    0x08001f02   0x08001f02   0x00000002   PAD
    0x08001f04   0x08001f04   0x00000018   Code   RO          485    i.fputc             bsp_uart.o
    0x08001f1c   0x08001f1c   0x00000120   Code   RO          385    i.get_RCCCLOCK      bsp_timer.o
    0x0800203c   0x0800203c   0x00000008   Code   RO          278    i.get_temp          adt7301.o
    0x08002044   0x08002044   0x000000f4   Code   RO            4    i.main              main.o
    0x08002138   0x08002138   0x00000020   Data   RO         6183    Region$$Table       anon$$obj.o


    Execution Region RW_IRAM1 (Exec base: 0x20000000, Load base: 0x08002158, Size: 0x000011c8, Max: 0x00030000, ABSOLUTE)

    Exec Addr    Load Addr    Size         Type   Attr      Idx    E Section Name        Object

    0x20000000   0x08002158   0x00000008   Data   RW            5    .data               main.o
    0x20000008   0x08002160   0x00000006   Data   RW          487    .data               bsp_uart.o
    0x2000000e   0x08002166   0x00000010   Data   RW         3607    .data               stm32f4xx_rcc.o
    0x2000001e   0x08002176   0x00000002   PAD
    0x20000020   0x08002178   0x00000004   Data   RW         6140    .data               mc_w.l(stdout.o)
    0x20000024        -       0x000009a0   Zero   RW          486    .bss                bsp_uart.o
    0x200009c4   0x0800217c   0x00000004   PAD
    0x200009c8        -       0x00000800   Zero   RW         5793    STACK               startup_stm32f427_437xx.o


==============================================================================

Image component sizes


      Code (inc. data)   RO Data    RW Data    ZI Data      Debug   Object Name

       180         32          0          0          0     245363   adt7301.o
       296         30          0          0          0       1576   bsp_gpio.o
       520         30          0          0          0       1959   bsp_spi.o
       422        134          0          0          0      28172   bsp_timer.o
       280         16          0          6       2464       3905   bsp_uart.o
       244         94          0          8          0      45174   main.o
       140         24          0          0          0       1431   misc.o
        36          8        428          0       2048        832   startup_stm32f427_437xx.o
        22          0          0          0          0        465   stm32f4xx_dac.o
       222          0          0          0          0       2695   stm32f4xx_gpio.o
       282         26          0          0          0       5315   stm32f4xx_it.o
       360         42          0         16          0       4996   stm32f4xx_rcc.o
       288         24          0          0          0       3879   stm32f4xx_spi.o
       486          8          0          0          0       6353   stm32f4xx_usart.o
       404         34          0          0          0       1457   system_stm32f4xx.o

    ----------------------------------------------------------------------
      4192        502        460         32       4516     353572   Object Totals
         0          0         32          0          0          0   (incl. Generated)
        10          0          0          2          4          0   (incl. Padding)

    ----------------------------------------------------------------------

      Code (inc. data)   RO Data    RW Data    ZI Data      Debug   Library Member Name

         0          0          0          0          0          0   entry.o
         0          0          0          0          0          0   entry10a.o
         0          0          0          0          0          0   entry11a.o
         8          4          0          0          0          0   entry2.o
         4          0          0          0          0          0   entry5.o
         0          0          0          0          0          0   entry7b.o
         0          0          0          0          0          0   entry8b.o
         8          4          0          0          0          0   entry9a.o
        30          0          0          0          0          0   handlers.o
        36          8          0          0          0         68   init.o
         0          0          0          0          0          0   iusefp.o
        30          0          0          0          0         68   llshl.o
        36          0          0          0          0         68   llsshr.o
        32          0          0          0          0         68   llushr.o
      2258         90          0          0          0        452   printfa.o
         0          0          0          4          0          0   stdout.o
        44          0          0          0          0         80   uidiv.o
        98          0          0          0          0         92   uldiv.o
        48          0          0          0          0         68   cdrcmple.o
        56          0          0          0          0         88   d2f.o
       334          0          0          0          0        148   dadd.o
       222          0          0          0          0        100   ddiv.o
       186          0          0          0          0        176   depilogue.o
        48          0          0          0          0         68   dfixul.o
        26          0          0          0          0         76   dfltui.o
       228          0          0          0          0         96   dmul.o
        38          0          0          0          0         68   f2d.o
       110          0          0          0          0        168   fepilogue.o

    ----------------------------------------------------------------------
      3884        106          0          4          0       1952   Library Totals
         4          0          0          0          0          0   (incl. Padding)

    ----------------------------------------------------------------------

      Code (inc. data)   RO Data    RW Data    ZI Data      Debug   Library Name

      2584        106          0          4          0        896   mc_w.l
      1296          0          0          0          0       1056   mf_w.l

    ----------------------------------------------------------------------
      3884        106          0          4          0       1952   Library Totals

    ----------------------------------------------------------------------

==============================================================================


      Code (inc. data)   RO Data    RW Data    ZI Data      Debug   

      8076        608        460         36       4516     349792   Grand Totals
      8076        608        460         36       4516     349792   ELF Image Totals
      8076        608        460         36          0          0   ROM Totals

==============================================================================

    Total RO  Size (Code + RO Data)                 8536 (   8.34kB)
    Total RW  Size (RW Data + ZI Data)              4552 (   4.45kB)
    Total ROM Size (Code + RO Data + RW Data)       8572 (   8.37kB)

==============================================================================

